interactions:
- request:
    body: ''
    headers:
      accept:
      - '*/*'
      accept-encoding:
      - gzip, deflate, br
      connection:
      - keep-alive
      host:
      - api.flickr.com
      user-agent:
      - flinumeratr/dev (https://github.com/Flickr-Foundation/flinumeratr; hello@flickr.org)
    method: GET
    uri: https://api.flickr.com/services/rest/?method=flickr.urls.lookupUser&url=https%3A%2F%2Fwww.flickr.com%2Fphotos%2Fspike_yun
  response:
    content: "<?xml version=\"1.0\" encoding=\"utf-8\" ?>\n<rsp stat=\"ok\">\n<user
      id=\"132051449@N06\">\n\t<username>Jeong Vin, Yoon</username>\n</user>\n</rsp>\n"
    headers:
      Connection:
      - keep-alive
      Content-Length:
      - '134'
      Content-Type:
      - text/xml; charset=utf-8
      Date:
      - Fri, 01 Dec 2023 15:07:14 GMT
      Via:
      - 1.1 597c788e23cf83427002ab097f30f484.cloudfront.net (CloudFront)
      X-Amz-Cf-Id:
      - OA9TjV4IXbaFvWuacM85tdiUb-PXnH4ic13wDOtAT8xYm0PDD9AL7w==
      X-Amz-Cf-Pop:
      - LHR50-P8
      X-Cache:
      - Miss from cloudfront
      content-encoding:
      - gzip
      server:
      - Apache/2.4.58 (Ubuntu)
      set-cookie:
      - ccc=%7B%22needsConsent%22%3Atrue%2C%22managed%22%3A0%2C%22changed%22%3A0%2C%22info%22%3A%7B%22cookieBlock%22%3A%7B%22level%22%3A0%2C%22blockRan%22%3A0%7D%7D%7D;
        expires=Sun, 31-Dec-2023 15:07:14 GMT; Max-Age=2592000; path=/; domain=.flickr.com
      - ccc=%7B%22needsConsent%22%3Atrue%2C%22managed%22%3A0%2C%22changed%22%3A0%2C%22info%22%3A%7B%22cookieBlock%22%3A%7B%22level%22%3A0%2C%22blockRan%22%3A1%7D%7D%7D;
        expires=Sun, 31-Dec-2023 15:07:14 GMT; Max-Age=2592000; path=/; domain=.flickr.com
      vary:
      - Accept-Encoding
      x-frame-options:
      - SAMEORIGIN
      x-robots-tag:
      - noindex
    http_version: HTTP/1.1
    status_code: 200
- request:
    body: ''
    headers:
      accept:
      - '*/*'
      accept-encoding:
      - gzip, deflate, br
      connection:
      - keep-alive
      cookie:
      - ccc=%7B%22needsConsent%22%3Atrue%2C%22managed%22%3A0%2C%22changed%22%3A0%2C%22info%22%3A%7B%22cookieBlock%22%3A%7B%22level%22%3A0%2C%22blockRan%22%3A1%7D%7D%7D
      host:
      - api.flickr.com
      user-agent:
      - flinumeratr/dev (https://github.com/Flickr-Foundation/flinumeratr; hello@flickr.org)
    method: GET
    uri: https://api.flickr.com/services/rest/?method=flickr.people.getInfo&user_id=132051449%40N06
  response:
    content: "<?xml version=\"1.0\" encoding=\"utf-8\" ?>\n<rsp stat=\"ok\">\n<person
      id=\"132051449@N06\" nsid=\"132051449@N06\" ispro=\"0\" is_deleted=\"0\" iconserver=\"8752\"
      iconfarm=\"9\" path_alias=\"spike_yun\" has_stats=\"0\" has_adfree=\"0\" has_free_standard_shipping=\"0\"
      has_free_educational_resources=\"0\">\n\t<username>Jeong Vin, Yoon</username>\n\t<realname>Jeong
      Vin Yoon</realname>\n\t<location />\n\t<timezone label=\"Kuwait, Riyadh\" offset=\"+03:00\"
      timezone_id=\"Asia/Kuwait\" timezone=\"40\" />\n\t<description />\n\t<photosurl>https://www.flickr.com/photos/spike_yun/</photosurl>\n\t<profileurl>https://www.flickr.com/people/spike_yun/</profileurl>\n\t<mobileurl>https://m.flickr.com/photostream.gne?id=132006127</mobileurl>\n\t<photos>\n\t\t<firstdatetaken>2014-03-16
      18:57:37</firstdatetaken>\n\t\t<firstdate>1431506258</firstdate>\n\t\t<count>352</count>\n\t</photos>\n</person>\n</rsp>\n"
    headers:
      Connection:
      - keep-alive
      Content-Length:
      - '461'
      Content-Type:
      - text/xml; charset=utf-8
      Date:
      - Fri, 01 Dec 2023 15:07:14 GMT
      Via:
      - 1.1 597c788e23cf83427002ab097f30f484.cloudfront.net (CloudFront)
      X-Amz-Cf-Id:
      - XgzWvi3valK0MsdQkN-Fnc4QRCINbqtbol7-DaRI-UlIK2soKKySJw==
      X-Amz-Cf-Pop:
      - LHR50-P8
      X-Cache:
      - Miss from cloudfront
      content-encoding:
      - gzip
      server:
      - Apache/2.4.58 (Ubuntu)
      set-cookie:
      - ccc=%7B%22needsConsent%22%3Atrue%2C%22managed%22%3A0%2C%22changed%22%3A0%2C%22info%22%3A%7B%22cookieBlock%22%3A%7B%22level%22%3A0%2C%22blockRan%22%3A1%7D%7D%7D;
        expires=Sun, 31-Dec-2023 15:07:14 GMT; Max-Age=2592000; path=/; domain=.flickr.com
      vary:
      - Accept-Encoding
      x-frame-options:
      - SAMEORIGIN
      x-robots-tag:
      - noindex
    http_version: HTTP/1.1
    status_code: 200
- request:
    body: ''
    headers:
      accept:
      - '*/*'
      accept-encoding:
      - gzip, deflate, br
      connection:
      - keep-alive
      cookie:
      - ccc=%7B%22needsConsent%22%3Atrue%2C%22managed%22%3A0%2C%22changed%22%3A0%2C%22info%22%3A%7B%22cookieBlock%22%3A%7B%22level%22%3A0%2C%22blockRan%22%3A1%7D%7D%7D
      host:
      - api.flickr.com
      user-agent:
      - flinumeratr/dev (https://github.com/Flickr-Foundation/flinumeratr; hello@flickr.org)
    method: GET
    uri: https://api.flickr.com/services/rest/?extras=license%2Cdate_upload%2Cdate_taken%2Cmedia%2Coriginal_format%2Cowner_name%2Curl_sq%2Curl_t%2Curl_s%2Curl_m%2Curl_o%2Curl_q%2Curl_l%2Cdescription%2Csafety_level%2Crealname&method=flickr.people.getPublicPhotos&page=1&per_page=100&user_id=132051449%40N06
  response:
    content: "<?xml version=\"1.0\" encoding=\"utf-8\" ?>\n<rsp stat=\"ok\">\n<photos
      page=\"1\" pages=\"4\" perpage=\"100\" total=\"352\">\n\t<photo id=\"41748863770\"
      owner=\"132051449@N06\" secret=\"7f960f7368\" server=\"840\" farm=\"1\" title=\"zurich
      HB\" ispublic=\"1\" isfriend=\"0\" isfamily=\"0\" license=\"0\" safety_level=\"0\"
      dateupload=\"1532219122\" datetaken=\"2018-07-16 16:53:51\" datetakengranularity=\"0\"
      datetakenunknown=\"0\" ownername=\"Jeong Vin, Yoon\" realname=\"Jeong Vin Yoon\"
      originalsecret=\"7baab4e80e\" originalformat=\"jpg\" media=\"photo\" media_status=\"ready\"
      url_sq=\"https://live.staticflickr.com/840/41748863770_7f960f7368_s.jpg\" height_sq=\"75\"
      width_sq=\"75\" url_t=\"https://live.staticflickr.com/840/41748863770_7f960f7368_t.jpg\"
      height_t=\"67\" width_t=\"100\" url_s=\"https://live.staticflickr.com/840/41748863770_7f960f7368_m.jpg\"
      height_s=\"160\" width_s=\"240\" url_m=\"https://live.staticflickr.com/840/41748863770_7f960f7368.jpg\"
      height_m=\"333\" width_m=\"500\" url_o=\"https://live.staticflickr.com/840/41748863770_7baab4e80e_o.jpg\"
      height_o=\"4000\" width_o=\"6000\" url_q=\"https://live.staticflickr.com/840/41748863770_7f960f7368_q.jpg\"
      height_q=\"150\" width_q=\"150\" url_l=\"https://live.staticflickr.com/840/41748863770_7f960f7368_b.jpg\"
      height_l=\"683\" width_l=\"1024\">\n\t\t<description />\n\t</photo>\n\t<photo
      id=\"41748860730\" owner=\"132051449@N06\" secret=\"4cfb266355\" server=\"931\"
      farm=\"1\" title=\"Zurich\" ispublic=\"1\" isfriend=\"0\" isfamily=\"0\" license=\"0\"
      safety_level=\"0\" dateupload=\"1532219112\" datetaken=\"2018-07-16 16:17:22\"
      datetakengranularity=\"0\" datetakenunknown=\"0\" ownername=\"Jeong Vin, Yoon\"
      realname=\"Jeong Vin Yoon\" originalsecret=\"ccb9726a77\" originalformat=\"jpg\"
      media=\"photo\" media_status=\"ready\" url_sq=\"https://live.staticflickr.com/931/41748860730_4cfb266355_s.jpg\"
      height_sq=\"75\" width_sq=\"75\" url_t=\"https://live.staticflickr.com/931/41748860730_4cfb266355_t.jpg\"
      height_t=\"67\" width_t=\"100\" url_s=\"https://live.staticflickr.com/931/41748860730_4cfb266355_m.jpg\"
      height_s=\"160\" width_s=\"240\" url_m=\"https://live.staticflickr.com/931/41748860730_4cfb266355.jpg\"
      height_m=\"333\" width_m=\"500\" url_o=\"https://live.staticflickr.com/931/41748860730_ccb9726a77_o.jpg\"
      height_o=\"4000\" width_o=\"6000\" url_q=\"https://live.staticflickr.com/931/41748860730_4cfb266355_q.jpg\"
      height_q=\"150\" width_q=\"150\" url_l=\"https://live.staticflickr.com/931/41748860730_4cfb266355_b.jpg\"
      height_l=\"683\" width_l=\"1024\">\n\t\t<description />\n\t</photo>\n\t<photo
      id=\"29685544718\" owner=\"132051449@N06\" secret=\"e094f7260e\" server=\"1767\"
      farm=\"2\" title=\"Luzern\" ispublic=\"1\" isfriend=\"0\" isfamily=\"0\" license=\"0\"
      safety_level=\"0\" dateupload=\"1532219077\" datetaken=\"2018-07-20 14:01:40\"
      datetakengranularity=\"0\" datetakenunknown=\"0\" ownername=\"Jeong Vin, Yoon\"
      realname=\"Jeong Vin Yoon\" originalsecret=\"89456ed7e4\" originalformat=\"jpg\"
      media=\"photo\" media_status=\"ready\" url_sq=\"https://live.staticflickr.com/1767/29685544718_e094f7260e_s.jpg\"
      height_sq=\"75\" width_sq=\"75\" url_t=\"https://live.staticflickr.com/1767/29685544718_e094f7260e_t.jpg\"
      height_t=\"67\" width_t=\"100\" url_s=\"https://live.staticflickr.com/1767/29685544718_e094f7260e_m.jpg\"
      height_s=\"160\" width_s=\"240\" url_m=\"https://live.staticflickr.com/1767/29685544718_e094f7260e.jpg\"
      height_m=\"333\" width_m=\"500\" url_o=\"https://live.staticflickr.com/1767/29685544718_89456ed7e4_o.jpg\"
      height_o=\"4000\" width_o=\"6000\" url_q=\"https://live.staticflickr.com/1767/29685544718_e094f7260e_q.jpg\"
      height_q=\"150\" width_q=\"150\" url_l=\"https://live.staticflickr.com/1767/29685544718_e094f7260e_b.jpg\"
      height_l=\"683\" width_l=\"1024\">\n\t\t<description />\n\t</photo>\n\t<photo
      id=\"29504825658\" owner=\"132051449@N06\" secret=\"6a1045270e\" server=\"839\"
      farm=\"1\" title=\"Hanoi\" ispublic=\"1\" isfriend=\"0\" isfamily=\"0\" license=\"0\"
      safety_level=\"0\" dateupload=\"1531452191\" datetaken=\"2018-07-13 06:23:11\"
      datetakengranularity=\"0\" datetakenunknown=\"1\" ownername=\"Jeong Vin, Yoon\"
      realname=\"Jeong Vin Yoon\" originalsecret=\"a435e6f425\" originalformat=\"jpg\"
      media=\"photo\" media_status=\"ready\" url_sq=\"https://live.staticflickr.com/839/29504825658_6a1045270e_s.jpg\"
      height_sq=\"75\" width_sq=\"75\" url_t=\"https://live.staticflickr.com/839/29504825658_6a1045270e_t.jpg\"
      height_t=\"67\" width_t=\"100\" url_s=\"https://live.staticflickr.com/839/29504825658_6a1045270e_m.jpg\"
      height_s=\"160\" width_s=\"240\" url_m=\"https://live.staticflickr.com/839/29504825658_6a1045270e.jpg\"
      height_m=\"334\" width_m=\"500\" url_o=\"https://live.staticflickr.com/839/29504825658_a435e6f425_o.jpg\"
      height_o=\"534\" width_o=\"800\" url_q=\"https://live.staticflickr.com/839/29504825658_6a1045270e_q.jpg\"
      height_q=\"150\" width_q=\"150\">\n\t\t<description>Processed with VSCO with
      a6 preset</description>\n\t</photo>\n\t<photo id=\"27617017957\" owner=\"132051449@N06\"
      secret=\"e06ba3bfb6\" server=\"1747\" farm=\"2\" title=\"Rainy Sapa(vietnam)\"
      ispublic=\"1\" isfriend=\"0\" isfamily=\"0\" license=\"0\" safety_level=\"0\"
      dateupload=\"1527828071\" datetaken=\"2018-05-30 14:49:18\" datetakengranularity=\"0\"
      datetakenunknown=\"0\" ownername=\"Jeong Vin, Yoon\" realname=\"Jeong Vin Yoon\"
      originalsecret=\"381cd99053\" originalformat=\"jpg\" media=\"photo\" media_status=\"ready\"
      url_sq=\"https://live.staticflickr.com/1747/27617017957_e06ba3bfb6_s.jpg\" height_sq=\"75\"
      width_sq=\"75\" url_t=\"https://live.staticflickr.com/1747/27617017957_e06ba3bfb6_t.jpg\"
      height_t=\"67\" width_t=\"100\" url_s=\"https://live.staticflickr.com/1747/27617017957_e06ba3bfb6_m.jpg\"
      height_s=\"160\" width_s=\"240\" url_m=\"https://live.staticflickr.com/1747/27617017957_e06ba3bfb6.jpg\"
      height_m=\"333\" width_m=\"500\" url_o=\"https://live.staticflickr.com/1747/27617017957_381cd99053_o.jpg\"
      height_o=\"4000\" width_o=\"6000\" url_q=\"https://live.staticflickr.com/1747/27617017957_e06ba3bfb6_q.jpg\"
      height_q=\"150\" width_q=\"150\" url_l=\"https://live.staticflickr.com/1747/27617017957_e06ba3bfb6_b.jpg\"
      height_l=\"683\" width_l=\"1024\">\n\t\t<description />\n\t</photo>\n\t<photo
      id=\"41691679542\" owner=\"132051449@N06\" secret=\"ba86f0325f\" server=\"965\"
      farm=\"1\" title=\"Kuwait alley\" ispublic=\"1\" isfriend=\"0\" isfamily=\"0\"
      license=\"0\" safety_level=\"0\" dateupload=\"1524812843\" datetaken=\"2018-04-20
      09:10:54\" datetakengranularity=\"0\" datetakenunknown=\"0\" ownername=\"Jeong
      Vin, Yoon\" realname=\"Jeong Vin Yoon\" originalsecret=\"9ddfee3629\" originalformat=\"jpg\"
      media=\"photo\" media_status=\"ready\" url_sq=\"https://live.staticflickr.com/965/41691679542_ba86f0325f_s.jpg\"
      height_sq=\"75\" width_sq=\"75\" url_t=\"https://live.staticflickr.com/965/41691679542_ba86f0325f_t.jpg\"
      height_t=\"67\" width_t=\"100\" url_s=\"https://live.staticflickr.com/965/41691679542_ba86f0325f_m.jpg\"
      height_s=\"160\" width_s=\"240\" url_m=\"https://live.staticflickr.com/965/41691679542_ba86f0325f.jpg\"
      height_m=\"333\" width_m=\"500\" url_o=\"https://live.staticflickr.com/965/41691679542_9ddfee3629_o.jpg\"
      height_o=\"4000\" width_o=\"6000\" url_q=\"https://live.staticflickr.com/965/41691679542_ba86f0325f_q.jpg\"
      height_q=\"150\" width_q=\"150\" url_l=\"https://live.staticflickr.com/965/41691679542_ba86f0325f_b.jpg\"
      height_l=\"683\" width_l=\"1024\">\n\t\t<description />\n\t</photo>\n\t<photo
      id=\"39728232390\" owner=\"132051449@N06\" secret=\"514821283d\" server=\"795\"
      farm=\"1\" title=\"kuwait beach\" ispublic=\"1\" isfriend=\"0\" isfamily=\"0\"
      license=\"0\" safety_level=\"0\" dateupload=\"1523018320\" datetaken=\"2018-03-23
      21:46:48\" datetakengranularity=\"0\" datetakenunknown=\"0\" ownername=\"Jeong
      Vin, Yoon\" realname=\"Jeong Vin Yoon\" originalsecret=\"7ce07ed6f7\" originalformat=\"jpg\"
      media=\"photo\" media_status=\"ready\" url_sq=\"https://live.staticflickr.com/795/39728232390_514821283d_s.jpg\"
      height_sq=\"75\" width_sq=\"75\" url_t=\"https://live.staticflickr.com/795/39728232390_514821283d_t.jpg\"
      height_t=\"66\" width_t=\"100\" url_s=\"https://live.staticflickr.com/795/39728232390_514821283d_m.jpg\"
      height_s=\"159\" width_s=\"240\" url_m=\"https://live.staticflickr.com/795/39728232390_514821283d.jpg\"
      height_m=\"331\" width_m=\"500\" url_o=\"https://live.staticflickr.com/795/39728232390_7ce07ed6f7_o.jpg\"
      height_o=\"3202\" width_o=\"4834\" url_q=\"https://live.staticflickr.com/795/39728232390_514821283d_q.jpg\"
      height_q=\"150\" width_q=\"150\" url_l=\"https://live.staticflickr.com/795/39728232390_514821283d_b.jpg\"
      height_l=\"678\" width_l=\"1024\">\n\t\t<description />\n\t</photo>\n\t<photo
      id=\"25947688217\" owner=\"132051449@N06\" secret=\"dc46402bed\" server=\"806\"
      farm=\"1\" title=\"kuwait-12\" ispublic=\"1\" isfriend=\"0\" isfamily=\"0\"
      license=\"0\" safety_level=\"0\" dateupload=\"1521096346\" datetaken=\"2018-02-26
      20:22:06\" datetakengranularity=\"0\" datetakenunknown=\"0\" ownername=\"Jeong
      Vin, Yoon\" realname=\"Jeong Vin Yoon\" originalsecret=\"0a6e9475e5\" originalformat=\"jpg\"
      media=\"photo\" media_status=\"ready\" url_sq=\"https://live.staticflickr.com/806/25947688217_dc46402bed_s.jpg\"
      height_sq=\"75\" width_sq=\"75\" url_t=\"https://live.staticflickr.com/806/25947688217_dc46402bed_t.jpg\"
      height_t=\"66\" width_t=\"100\" url_s=\"https://live.staticflickr.com/806/25947688217_dc46402bed_m.jpg\"
      height_s=\"159\" width_s=\"240\" url_m=\"https://live.staticflickr.com/806/25947688217_dc46402bed.jpg\"
      height_m=\"331\" width_m=\"500\" url_o=\"https://live.staticflickr.com/806/25947688217_0a6e9475e5_o.jpg\"
      height_o=\"3090\" width_o=\"4665\" url_q=\"https://live.staticflickr.com/806/25947688217_dc46402bed_q.jpg\"
      height_q=\"150\" width_q=\"150\" url_l=\"https://live.staticflickr.com/806/25947688217_dc46402bed_b.jpg\"
      height_l=\"678\" width_l=\"1024\">\n\t\t<description />\n\t</photo>\n\t<photo
      id=\"26324652908\" owner=\"132051449@N06\" secret=\"c9779b5e26\" server=\"4707\"
      farm=\"5\" title=\"JeonJu\" ispublic=\"1\" isfriend=\"0\" isfamily=\"0\" license=\"0\"
      safety_level=\"0\" dateupload=\"1518326809\" datetaken=\"2018-02-11 08:26:49\"
      datetakengranularity=\"0\" datetakenunknown=\"1\" ownername=\"Jeong Vin, Yoon\"
      realname=\"Jeong Vin Yoon\" originalsecret=\"aff546c300\" originalformat=\"jpg\"
      media=\"photo\" media_status=\"ready\" url_sq=\"https://live.staticflickr.com/4707/26324652908_c9779b5e26_s.jpg\"
      height_sq=\"75\" width_sq=\"75\" url_t=\"https://live.staticflickr.com/4707/26324652908_c9779b5e26_t.jpg\"
      height_t=\"67\" width_t=\"100\" url_s=\"https://live.staticflickr.com/4707/26324652908_c9779b5e26_m.jpg\"
      height_s=\"160\" width_s=\"240\" url_m=\"https://live.staticflickr.com/4707/26324652908_c9779b5e26.jpg\"
      height_m=\"333\" width_m=\"500\" url_o=\"https://live.staticflickr.com/4707/26324652908_aff546c300_o.jpg\"
      height_o=\"2540\" width_o=\"3810\" url_q=\"https://live.staticflickr.com/4707/26324652908_c9779b5e26_q.jpg\"
      height_q=\"150\" width_q=\"150\" url_l=\"https://live.staticflickr.com/4707/26324652908_c9779b5e26_b.jpg\"
      height_l=\"683\" width_l=\"1024\">\n\t\t<description />\n\t</photo>\n\t<photo
      id=\"37847389274\" owner=\"132051449@N06\" secret=\"9f0eff3019\" server=\"4558\"
      farm=\"5\" title=\"Bus\" ispublic=\"1\" isfriend=\"0\" isfamily=\"0\" license=\"0\"
      safety_level=\"0\" dateupload=\"1511281023\" datetaken=\"2017-11-10 17:06:56\"
      datetakengranularity=\"0\" datetakenunknown=\"0\" ownername=\"Jeong Vin, Yoon\"
      realname=\"Jeong Vin Yoon\" originalsecret=\"fce11b9935\" originalformat=\"jpg\"
      media=\"photo\" media_status=\"ready\" url_sq=\"https://live.staticflickr.com/4558/37847389274_9f0eff3019_s.jpg\"
      height_sq=\"75\" width_sq=\"75\" url_t=\"https://live.staticflickr.com/4558/37847389274_9f0eff3019_t.jpg\"
      height_t=\"67\" width_t=\"100\" url_s=\"https://live.staticflickr.com/4558/37847389274_9f0eff3019_m.jpg\"
      height_s=\"160\" width_s=\"240\" url_m=\"https://live.staticflickr.com/4558/37847389274_9f0eff3019.jpg\"
      height_m=\"333\" width_m=\"500\" url_o=\"https://live.staticflickr.com/4558/37847389274_fce11b9935_o.jpg\"
      height_o=\"4000\" width_o=\"6000\" url_q=\"https://live.staticflickr.com/4558/37847389274_9f0eff3019_q.jpg\"
      height_q=\"150\" width_q=\"150\" url_l=\"https://live.staticflickr.com/4558/37847389274_9f0eff3019_b.jpg\"
      height_l=\"683\" width_l=\"1024\">\n\t\t<description />\n\t</photo>\n\t<photo
      id=\"36820403863\" owner=\"132051449@N06\" secret=\"cf9510d663\" server=\"4446\"
      farm=\"5\" title=\"\uC9C0\uB9AC\uC0B0 \uCC9C\uC655\uBD09\" ispublic=\"1\" isfriend=\"0\"
      isfamily=\"0\" license=\"0\" safety_level=\"0\" dateupload=\"1507107890\" datetaken=\"2017-10-03
      03:23:38\" datetakengranularity=\"0\" datetakenunknown=\"0\" ownername=\"Jeong
      Vin, Yoon\" realname=\"Jeong Vin Yoon\" originalsecret=\"5062b5bd77\" originalformat=\"jpg\"
      media=\"photo\" media_status=\"ready\" url_sq=\"https://live.staticflickr.com/4446/36820403863_cf9510d663_s.jpg\"
      height_sq=\"75\" width_sq=\"75\" url_t=\"https://live.staticflickr.com/4446/36820403863_cf9510d663_t.jpg\"
      height_t=\"67\" width_t=\"100\" url_s=\"https://live.staticflickr.com/4446/36820403863_cf9510d663_m.jpg\"
      height_s=\"160\" width_s=\"240\" url_m=\"https://live.staticflickr.com/4446/36820403863_cf9510d663.jpg\"
      height_m=\"333\" width_m=\"500\" url_o=\"https://live.staticflickr.com/4446/36820403863_5062b5bd77_o.jpg\"
      height_o=\"4000\" width_o=\"6000\" url_q=\"https://live.staticflickr.com/4446/36820403863_cf9510d663_q.jpg\"
      height_q=\"150\" width_q=\"150\" url_l=\"https://live.staticflickr.com/4446/36820403863_cf9510d663_b.jpg\"
      height_l=\"683\" width_l=\"1024\">\n\t\t<description />\n\t</photo>\n\t<photo
      id=\"36298314454\" owner=\"132051449@N06\" secret=\"9178095e0d\" server=\"4433\"
      farm=\"5\" title=\"Kuwait\" ispublic=\"1\" isfriend=\"0\" isfamily=\"0\" license=\"0\"
      safety_level=\"0\" dateupload=\"1505013230\" datetaken=\"2017-08-02 15:10:49\"
      datetakengranularity=\"0\" datetakenunknown=\"0\" ownername=\"Jeong Vin, Yoon\"
      realname=\"Jeong Vin Yoon\" originalsecret=\"65b3ba7889\" originalformat=\"jpg\"
      media=\"photo\" media_status=\"ready\" url_sq=\"https://live.staticflickr.com/4433/36298314454_9178095e0d_s.jpg\"
      height_sq=\"75\" width_sq=\"75\" url_t=\"https://live.staticflickr.com/4433/36298314454_9178095e0d_t.jpg\"
      height_t=\"66\" width_t=\"100\" url_s=\"https://live.staticflickr.com/4433/36298314454_9178095e0d_m.jpg\"
      height_s=\"159\" width_s=\"240\" url_m=\"https://live.staticflickr.com/4433/36298314454_9178095e0d.jpg\"
      height_m=\"331\" width_m=\"500\" url_o=\"https://live.staticflickr.com/4433/36298314454_65b3ba7889_o.jpg\"
      height_o=\"3222\" width_o=\"4865\" url_q=\"https://live.staticflickr.com/4433/36298314454_9178095e0d_q.jpg\"
      height_q=\"150\" width_q=\"150\" url_l=\"https://live.staticflickr.com/4433/36298314454_9178095e0d_b.jpg\"
      height_l=\"678\" width_l=\"1024\">\n\t\t<description />\n\t</photo>\n\t<photo
      id=\"36370844242\" owner=\"132051449@N06\" secret=\"973110377b\" server=\"4404\"
      farm=\"5\" title=\"kuwait\" ispublic=\"1\" isfriend=\"0\" isfamily=\"0\" license=\"0\"
      safety_level=\"0\" dateupload=\"1502622047\" datetaken=\"2017-07-02 15:04:59\"
      datetakengranularity=\"0\" datetakenunknown=\"0\" ownername=\"Jeong Vin, Yoon\"
      realname=\"Jeong Vin Yoon\" originalsecret=\"d3db981a78\" originalformat=\"jpg\"
      media=\"photo\" media_status=\"ready\" url_sq=\"https://live.staticflickr.com/4404/36370844242_973110377b_s.jpg\"
      height_sq=\"75\" width_sq=\"75\" url_t=\"https://live.staticflickr.com/4404/36370844242_973110377b_t.jpg\"
      height_t=\"66\" width_t=\"100\" url_s=\"https://live.staticflickr.com/4404/36370844242_973110377b_m.jpg\"
      height_s=\"159\" width_s=\"240\" url_m=\"https://live.staticflickr.com/4404/36370844242_973110377b.jpg\"
      height_m=\"331\" width_m=\"500\" url_o=\"https://live.staticflickr.com/4404/36370844242_d3db981a78_o.jpg\"
      height_o=\"2910\" width_o=\"4394\" url_q=\"https://live.staticflickr.com/4404/36370844242_973110377b_q.jpg\"
      height_q=\"150\" width_q=\"150\" url_l=\"https://live.staticflickr.com/4404/36370844242_973110377b_b.jpg\"
      height_l=\"678\" width_l=\"1024\">\n\t\t<description />\n\t</photo>\n\t<photo
      id=\"35159091470\" owner=\"132051449@N06\" secret=\"feab012298\" server=\"4238\"
      farm=\"5\" title=\"Kuwait\" ispublic=\"1\" isfriend=\"0\" isfamily=\"0\" license=\"0\"
      safety_level=\"0\" dateupload=\"1498481416\" datetaken=\"2017-06-25 14:21:10\"
      datetakengranularity=\"0\" datetakenunknown=\"0\" ownername=\"Jeong Vin, Yoon\"
      realname=\"Jeong Vin Yoon\" originalsecret=\"8ebbd75e50\" originalformat=\"jpg\"
      media=\"photo\" media_status=\"ready\" url_sq=\"https://live.staticflickr.com/4238/35159091470_feab012298_s.jpg\"
      height_sq=\"75\" width_sq=\"75\" url_t=\"https://live.staticflickr.com/4238/35159091470_feab012298_t.jpg\"
      height_t=\"66\" width_t=\"100\" url_s=\"https://live.staticflickr.com/4238/35159091470_feab012298_m.jpg\"
      height_s=\"159\" width_s=\"240\" url_m=\"https://live.staticflickr.com/4238/35159091470_feab012298.jpg\"
      height_m=\"331\" width_m=\"500\" url_o=\"https://live.staticflickr.com/4238/35159091470_8ebbd75e50_o.jpg\"
      height_o=\"1325\" width_o=\"2000\" url_q=\"https://live.staticflickr.com/4238/35159091470_feab012298_q.jpg\"
      height_q=\"150\" width_q=\"150\" url_l=\"https://live.staticflickr.com/4238/35159091470_feab012298_b.jpg\"
      height_l=\"678\" width_l=\"1024\">\n\t\t<description />\n\t</photo>\n\t<photo
      id=\"34872220970\" owner=\"132051449@N06\" secret=\"fe6b415995\" server=\"4260\"
      farm=\"5\" title=\"kuwait\" ispublic=\"1\" isfriend=\"0\" isfamily=\"0\" license=\"0\"
      safety_level=\"0\" dateupload=\"1497271016\" datetaken=\"2017-05-19 00:33:18\"
      datetakengranularity=\"0\" datetakenunknown=\"0\" ownername=\"Jeong Vin, Yoon\"
      realname=\"Jeong Vin Yoon\" originalsecret=\"db3fe12263\" originalformat=\"jpg\"
      media=\"photo\" media_status=\"ready\" url_sq=\"https://live.staticflickr.com/4260/34872220970_fe6b415995_s.jpg\"
      height_sq=\"75\" width_sq=\"75\" url_t=\"https://live.staticflickr.com/4260/34872220970_fe6b415995_t.jpg\"
      height_t=\"66\" width_t=\"100\" url_s=\"https://live.staticflickr.com/4260/34872220970_fe6b415995_m.jpg\"
      height_s=\"159\" width_s=\"240\" url_m=\"https://live.staticflickr.com/4260/34872220970_fe6b415995.jpg\"
      height_m=\"331\" width_m=\"500\" url_o=\"https://live.staticflickr.com/4260/34872220970_db3fe12263_o.jpg\"
      height_o=\"3264\" width_o=\"4928\" url_q=\"https://live.staticflickr.com/4260/34872220970_fe6b415995_q.jpg\"
      height_q=\"150\" width_q=\"150\" url_l=\"https://live.staticflickr.com/4260/34872220970_fe6b415995_b.jpg\"
      height_l=\"678\" width_l=\"1024\">\n\t\t<description />\n\t</photo>\n\t<photo
      id=\"34420718291\" owner=\"132051449@N06\" secret=\"be44b3a88e\" server=\"4173\"
      farm=\"5\" title=\"seoul\" ispublic=\"1\" isfriend=\"0\" isfamily=\"0\" license=\"0\"
      safety_level=\"0\" dateupload=\"1494324946\" datetaken=\"2017-04-17 16:48:52\"
      datetakengranularity=\"0\" datetakenunknown=\"0\" ownername=\"Jeong Vin, Yoon\"
      realname=\"Jeong Vin Yoon\" originalsecret=\"60710f18bc\" originalformat=\"jpg\"
      media=\"photo\" media_status=\"ready\" url_sq=\"https://live.staticflickr.com/4173/34420718291_be44b3a88e_s.jpg\"
      height_sq=\"75\" width_sq=\"75\" url_t=\"https://live.staticflickr.com/4173/34420718291_be44b3a88e_t.jpg\"
      height_t=\"67\" width_t=\"100\" url_s=\"https://live.staticflickr.com/4173/34420718291_be44b3a88e_m.jpg\"
      height_s=\"160\" width_s=\"240\" url_m=\"https://live.staticflickr.com/4173/34420718291_be44b3a88e.jpg\"
      height_m=\"333\" width_m=\"500\" url_o=\"https://live.staticflickr.com/4173/34420718291_60710f18bc_o.jpg\"
      height_o=\"4000\" width_o=\"6000\" url_q=\"https://live.staticflickr.com/4173/34420718291_be44b3a88e_q.jpg\"
      height_q=\"150\" width_q=\"150\" url_l=\"https://live.staticflickr.com/4173/34420718291_be44b3a88e_b.jpg\"
      height_l=\"683\" width_l=\"1024\">\n\t\t<description />\n\t</photo>\n\t<photo
      id=\"33873581602\" owner=\"132051449@N06\" secret=\"12740fdf6e\" server=\"2841\"
      farm=\"3\" title=\"Aonang beach\" ispublic=\"1\" isfriend=\"0\" isfamily=\"0\"
      license=\"0\" safety_level=\"0\" dateupload=\"1492175576\" datetaken=\"2017-03-08
      08:30:50\" datetakengranularity=\"0\" datetakenunknown=\"0\" ownername=\"Jeong
      Vin, Yoon\" realname=\"Jeong Vin Yoon\" originalsecret=\"02be7e46c4\" originalformat=\"jpg\"
      media=\"photo\" media_status=\"ready\" url_sq=\"https://live.staticflickr.com/2841/33873581602_12740fdf6e_s.jpg\"
      height_sq=\"75\" width_sq=\"75\" url_t=\"https://live.staticflickr.com/2841/33873581602_12740fdf6e_t.jpg\"
      height_t=\"66\" width_t=\"100\" url_s=\"https://live.staticflickr.com/2841/33873581602_12740fdf6e_m.jpg\"
      height_s=\"159\" width_s=\"240\" url_m=\"https://live.staticflickr.com/2841/33873581602_12740fdf6e.jpg\"
      height_m=\"331\" width_m=\"500\" url_o=\"https://live.staticflickr.com/2841/33873581602_02be7e46c4_o.jpg\"
      height_o=\"2967\" width_o=\"4480\" url_q=\"https://live.staticflickr.com/2841/33873581602_12740fdf6e_q.jpg\"
      height_q=\"150\" width_q=\"150\" url_l=\"https://live.staticflickr.com/2841/33873581602_12740fdf6e_b.jpg\"
      height_l=\"678\" width_l=\"1024\">\n\t\t<description />\n\t</photo>\n\t<photo
      id=\"33107666061\" owner=\"132051449@N06\" secret=\"aa7ba735c2\" server=\"3810\"
      farm=\"4\" title=\"New Delhi\" ispublic=\"1\" isfriend=\"0\" isfamily=\"0\"
      license=\"0\" safety_level=\"0\" dateupload=\"1489239900\" datetaken=\"2016-11-07
      12:20:58\" datetakengranularity=\"0\" datetakenunknown=\"0\" ownername=\"Jeong
      Vin, Yoon\" realname=\"Jeong Vin Yoon\" originalsecret=\"b48c36c693\" originalformat=\"jpg\"
      media=\"photo\" media_status=\"ready\" url_sq=\"https://live.staticflickr.com/3810/33107666061_aa7ba735c2_s.jpg\"
      height_sq=\"75\" width_sq=\"75\" url_t=\"https://live.staticflickr.com/3810/33107666061_aa7ba735c2_t.jpg\"
      height_t=\"66\" width_t=\"100\" url_s=\"https://live.staticflickr.com/3810/33107666061_aa7ba735c2_m.jpg\"
      height_s=\"159\" width_s=\"240\" url_m=\"https://live.staticflickr.com/3810/33107666061_aa7ba735c2.jpg\"
      height_m=\"331\" width_m=\"500\" url_o=\"https://live.staticflickr.com/3810/33107666061_b48c36c693_o.jpg\"
      height_o=\"3264\" width_o=\"4928\" url_q=\"https://live.staticflickr.com/3810/33107666061_aa7ba735c2_q.jpg\"
      height_q=\"150\" width_q=\"150\" url_l=\"https://live.staticflickr.com/3810/33107666061_aa7ba735c2_b.jpg\"
      height_l=\"678\" width_l=\"1024\">\n\t\t<description />\n\t</photo>\n\t<photo
      id=\"33125709115\" owner=\"132051449@N06\" secret=\"aef1cd1aba\" server=\"2843\"
      farm=\"3\" title=\"Mumbai\" ispublic=\"1\" isfriend=\"0\" isfamily=\"0\" license=\"0\"
      safety_level=\"0\" dateupload=\"1488110935\" datetaken=\"2016-11-12 10:27:15\"
      datetakengranularity=\"0\" datetakenunknown=\"0\" ownername=\"Jeong Vin, Yoon\"
      realname=\"Jeong Vin Yoon\" originalsecret=\"06330c58fc\" originalformat=\"jpg\"
      media=\"photo\" media_status=\"ready\" url_sq=\"https://live.staticflickr.com/2843/33125709115_aef1cd1aba_s.jpg\"
      height_sq=\"75\" width_sq=\"75\" url_t=\"https://live.staticflickr.com/2843/33125709115_aef1cd1aba_t.jpg\"
      height_t=\"66\" width_t=\"100\" url_s=\"https://live.staticflickr.com/2843/33125709115_aef1cd1aba_m.jpg\"
      height_s=\"159\" width_s=\"240\" url_m=\"https://live.staticflickr.com/2843/33125709115_aef1cd1aba.jpg\"
      height_m=\"331\" width_m=\"500\" url_o=\"https://live.staticflickr.com/2843/33125709115_06330c58fc_o.jpg\"
      height_o=\"3264\" width_o=\"4928\" url_q=\"https://live.staticflickr.com/2843/33125709115_aef1cd1aba_q.jpg\"
      height_q=\"150\" width_q=\"150\" url_l=\"https://live.staticflickr.com/2843/33125709115_aef1cd1aba_b.jpg\"
      height_l=\"678\" width_l=\"1024\">\n\t\t<description />\n\t</photo>\n\t<photo
      id=\"32719420582\" owner=\"132051449@N06\" secret=\"a108d68cef\" server=\"387\"
      farm=\"1\" title=\"Mumbai\" ispublic=\"1\" isfriend=\"0\" isfamily=\"0\" license=\"0\"
      safety_level=\"0\" dateupload=\"1486963055\" datetaken=\"2016-11-10 11:31:37\"
      datetakengranularity=\"0\" datetakenunknown=\"0\" ownername=\"Jeong Vin, Yoon\"
      realname=\"Jeong Vin Yoon\" originalsecret=\"d3306be071\" originalformat=\"jpg\"
      media=\"photo\" media_status=\"ready\" url_sq=\"https://live.staticflickr.com/387/32719420582_a108d68cef_s.jpg\"
      height_sq=\"75\" width_sq=\"75\" url_t=\"https://live.staticflickr.com/387/32719420582_a108d68cef_t.jpg\"
      height_t=\"67\" width_t=\"100\" url_s=\"https://live.staticflickr.com/387/32719420582_a108d68cef_m.jpg\"
      height_s=\"160\" width_s=\"240\" url_m=\"https://live.staticflickr.com/387/32719420582_a108d68cef.jpg\"
      height_m=\"333\" width_m=\"500\" url_o=\"https://live.staticflickr.com/387/32719420582_d3306be071_o.jpg\"
      height_o=\"3340\" width_o=\"5010\" url_q=\"https://live.staticflickr.com/387/32719420582_a108d68cef_q.jpg\"
      height_q=\"150\" width_q=\"150\" url_l=\"https://live.staticflickr.com/387/32719420582_a108d68cef_b.jpg\"
      height_l=\"683\" width_l=\"1024\">\n\t\t<description />\n\t</photo>\n\t<photo
      id=\"32674080691\" owner=\"132051449@N06\" secret=\"28d12832b5\" server=\"2150\"
      farm=\"3\" title=\"ILSAN\" ispublic=\"1\" isfriend=\"0\" isfamily=\"0\" license=\"0\"
      safety_level=\"0\" dateupload=\"1486627761\" datetaken=\"2017-01-21 14:03:10\"
      datetakengranularity=\"0\" datetakenunknown=\"0\" ownername=\"Jeong Vin, Yoon\"
      realname=\"Jeong Vin Yoon\" originalsecret=\"a2ab33b6b5\" originalformat=\"jpg\"
      media=\"photo\" media_status=\"ready\" url_sq=\"https://live.staticflickr.com/2150/32674080691_28d12832b5_s.jpg\"
      height_sq=\"75\" width_sq=\"75\" url_t=\"https://live.staticflickr.com/2150/32674080691_28d12832b5_t.jpg\"
      height_t=\"66\" width_t=\"100\" url_s=\"https://live.staticflickr.com/2150/32674080691_28d12832b5_m.jpg\"
      height_s=\"159\" width_s=\"240\" url_m=\"https://live.staticflickr.com/2150/32674080691_28d12832b5.jpg\"
      height_m=\"331\" width_m=\"500\" url_o=\"https://live.staticflickr.com/2150/32674080691_a2ab33b6b5_o.jpg\"
      height_o=\"3264\" width_o=\"4928\" url_q=\"https://live.staticflickr.com/2150/32674080691_28d12832b5_q.jpg\"
      height_q=\"150\" width_q=\"150\" url_l=\"https://live.staticflickr.com/2150/32674080691_28d12832b5_b.jpg\"
      height_l=\"678\" width_l=\"1024\">\n\t\t<description />\n\t</photo>\n\t<photo
      id=\"32737833735\" owner=\"132051449@N06\" secret=\"d8059e3176\" server=\"455\"
      farm=\"1\" title=\"New Delhi\" ispublic=\"1\" isfriend=\"0\" isfamily=\"0\"
      license=\"0\" safety_level=\"0\" dateupload=\"1486353265\" datetaken=\"2016-11-06
      12:10:39\" datetakengranularity=\"0\" datetakenunknown=\"0\" ownername=\"Jeong
      Vin, Yoon\" realname=\"Jeong Vin Yoon\" originalsecret=\"3f73abbb0c\" originalformat=\"jpg\"
      media=\"photo\" media_status=\"ready\" url_sq=\"https://live.staticflickr.com/455/32737833735_d8059e3176_s.jpg\"
      height_sq=\"75\" width_sq=\"75\" url_t=\"https://live.staticflickr.com/455/32737833735_d8059e3176_t.jpg\"
      height_t=\"66\" width_t=\"100\" url_s=\"https://live.staticflickr.com/455/32737833735_d8059e3176_m.jpg\"
      height_s=\"159\" width_s=\"240\" url_m=\"https://live.staticflickr.com/455/32737833735_d8059e3176.jpg\"
      height_m=\"331\" width_m=\"500\" url_o=\"https://live.staticflickr.com/455/32737833735_3f73abbb0c_o.jpg\"
      height_o=\"3264\" width_o=\"4928\" url_q=\"https://live.staticflickr.com/455/32737833735_d8059e3176_q.jpg\"
      height_q=\"150\" width_q=\"150\" url_l=\"https://live.staticflickr.com/455/32737833735_d8059e3176_b.jpg\"
      height_l=\"678\" width_l=\"1024\">\n\t\t<description />\n\t</photo>\n\t<photo
      id=\"31674099572\" owner=\"132051449@N06\" secret=\"dfc4f02b75\" server=\"408\"
      farm=\"1\" title=\"ilsan\" ispublic=\"1\" isfriend=\"0\" isfamily=\"0\" license=\"0\"
      safety_level=\"0\" dateupload=\"1485789060\" datetaken=\"2016-12-02 09:31:01\"
      datetakengranularity=\"0\" datetakenunknown=\"0\" ownername=\"Jeong Vin, Yoon\"
      realname=\"Jeong Vin Yoon\" originalsecret=\"06a4d08ac3\" originalformat=\"jpg\"
      media=\"photo\" media_status=\"ready\" url_sq=\"https://live.staticflickr.com/408/31674099572_dfc4f02b75_s.jpg\"
      height_sq=\"75\" width_sq=\"75\" url_t=\"https://live.staticflickr.com/408/31674099572_dfc4f02b75_t.jpg\"
      height_t=\"66\" width_t=\"100\" url_s=\"https://live.staticflickr.com/408/31674099572_dfc4f02b75_m.jpg\"
      height_s=\"159\" width_s=\"240\" url_m=\"https://live.staticflickr.com/408/31674099572_dfc4f02b75.jpg\"
      height_m=\"331\" width_m=\"500\" url_o=\"https://live.staticflickr.com/408/31674099572_06a4d08ac3_o.jpg\"
      height_o=\"3264\" width_o=\"4928\" url_q=\"https://live.staticflickr.com/408/31674099572_dfc4f02b75_q.jpg\"
      height_q=\"150\" width_q=\"150\" url_l=\"https://live.staticflickr.com/408/31674099572_dfc4f02b75_b.jpg\"
      height_l=\"678\" width_l=\"1024\">\n\t\t<description />\n\t</photo>\n\t<photo
      id=\"31451210553\" owner=\"132051449@N06\" secret=\"28aff219ac\" server=\"559\"
      farm=\"1\" title=\"Kolkata\" ispublic=\"1\" isfriend=\"0\" isfamily=\"0\" license=\"0\"
      safety_level=\"0\" dateupload=\"1484206289\" datetaken=\"2016-11-20 18:35:52\"
      datetakengranularity=\"0\" datetakenunknown=\"0\" ownername=\"Jeong Vin, Yoon\"
      realname=\"Jeong Vin Yoon\" originalsecret=\"e625040861\" originalformat=\"jpg\"
      media=\"photo\" media_status=\"ready\" url_sq=\"https://live.staticflickr.com/559/31451210553_28aff219ac_s.jpg\"
      height_sq=\"75\" width_sq=\"75\" url_t=\"https://live.staticflickr.com/559/31451210553_28aff219ac_t.jpg\"
      height_t=\"67\" width_t=\"100\" url_s=\"https://live.staticflickr.com/559/31451210553_28aff219ac_m.jpg\"
      height_s=\"160\" width_s=\"240\" url_m=\"https://live.staticflickr.com/559/31451210553_28aff219ac.jpg\"
      height_m=\"333\" width_m=\"500\" url_o=\"https://live.staticflickr.com/559/31451210553_e625040861_o.jpg\"
      height_o=\"3145\" width_o=\"4718\" url_q=\"https://live.staticflickr.com/559/31451210553_28aff219ac_q.jpg\"
      height_q=\"150\" width_q=\"150\" url_l=\"https://live.staticflickr.com/559/31451210553_28aff219ac_b.jpg\"
      height_l=\"683\" width_l=\"1024\">\n\t\t<description />\n\t</photo>\n\t<photo
      id=\"31390739330\" owner=\"132051449@N06\" secret=\"99bd92af3c\" server=\"548\"
      farm=\"1\" title=\"New Delhi\" ispublic=\"1\" isfriend=\"0\" isfamily=\"0\"
      license=\"0\" safety_level=\"0\" dateupload=\"1482239134\" datetaken=\"2016-11-06
      13:28:13\" datetakengranularity=\"0\" datetakenunknown=\"0\" ownername=\"Jeong
      Vin, Yoon\" realname=\"Jeong Vin Yoon\" originalsecret=\"ae5be6261a\" originalformat=\"jpg\"
      media=\"photo\" media_status=\"ready\" url_sq=\"https://live.staticflickr.com/548/31390739330_99bd92af3c_s.jpg\"
      height_sq=\"75\" width_sq=\"75\" url_t=\"https://live.staticflickr.com/548/31390739330_99bd92af3c_t.jpg\"
      height_t=\"67\" width_t=\"100\" url_s=\"https://live.staticflickr.com/548/31390739330_99bd92af3c_m.jpg\"
      height_s=\"160\" width_s=\"240\" url_m=\"https://live.staticflickr.com/548/31390739330_99bd92af3c.jpg\"
      height_m=\"333\" width_m=\"500\" url_o=\"https://live.staticflickr.com/548/31390739330_ae5be6261a_o.jpg\"
      height_o=\"4000\" width_o=\"6000\" url_q=\"https://live.staticflickr.com/548/31390739330_99bd92af3c_q.jpg\"
      height_q=\"150\" width_q=\"150\" url_l=\"https://live.staticflickr.com/548/31390739330_99bd92af3c_b.jpg\"
      height_l=\"683\" width_l=\"1024\">\n\t\t<description />\n\t</photo>\n\t<photo
      id=\"31660432316\" owner=\"132051449@N06\" secret=\"8b597ce2a6\" server=\"722\"
      farm=\"1\" title=\"New Delhi\" ispublic=\"1\" isfriend=\"0\" isfamily=\"0\"
      license=\"0\" safety_level=\"0\" dateupload=\"1481973885\" datetaken=\"2016-11-07
      09:55:26\" datetakengranularity=\"0\" datetakenunknown=\"0\" ownername=\"Jeong
      Vin, Yoon\" realname=\"Jeong Vin Yoon\" originalsecret=\"4eb521bf1a\" originalformat=\"jpg\"
      media=\"photo\" media_status=\"ready\" url_sq=\"https://live.staticflickr.com/722/31660432316_8b597ce2a6_s.jpg\"
      height_sq=\"75\" width_sq=\"75\" url_t=\"https://live.staticflickr.com/722/31660432316_8b597ce2a6_t.jpg\"
      height_t=\"66\" width_t=\"100\" url_s=\"https://live.staticflickr.com/722/31660432316_8b597ce2a6_m.jpg\"
      height_s=\"159\" width_s=\"240\" url_m=\"https://live.staticflickr.com/722/31660432316_8b597ce2a6.jpg\"
      height_m=\"331\" width_m=\"500\" url_o=\"https://live.staticflickr.com/722/31660432316_4eb521bf1a_o.jpg\"
      height_o=\"3226\" width_o=\"4870\" url_q=\"https://live.staticflickr.com/722/31660432316_8b597ce2a6_q.jpg\"
      height_q=\"150\" width_q=\"150\" url_l=\"https://live.staticflickr.com/722/31660432316_8b597ce2a6_b.jpg\"
      height_l=\"678\" width_l=\"1024\">\n\t\t<description />\n\t</photo>\n\t<photo
      id=\"31563600416\" owner=\"132051449@N06\" secret=\"4fbe435621\" server=\"304\"
      farm=\"1\" title=\"New delhi\" ispublic=\"1\" isfriend=\"0\" isfamily=\"0\"
      license=\"0\" safety_level=\"0\" dateupload=\"1481560572\" datetaken=\"2016-11-06
      13:16:46\" datetakengranularity=\"0\" datetakenunknown=\"0\" ownername=\"Jeong
      Vin, Yoon\" realname=\"Jeong Vin Yoon\" originalsecret=\"3a0ab7afd5\" originalformat=\"jpg\"
      media=\"photo\" media_status=\"ready\" url_sq=\"https://live.staticflickr.com/304/31563600416_4fbe435621_s.jpg\"
      height_sq=\"75\" width_sq=\"75\" url_t=\"https://live.staticflickr.com/304/31563600416_4fbe435621_t.jpg\"
      height_t=\"67\" width_t=\"100\" url_s=\"https://live.staticflickr.com/304/31563600416_4fbe435621_m.jpg\"
      height_s=\"160\" width_s=\"240\" url_m=\"https://live.staticflickr.com/304/31563600416_4fbe435621.jpg\"
      height_m=\"333\" width_m=\"500\" url_o=\"https://live.staticflickr.com/304/31563600416_3a0ab7afd5_o.jpg\"
      height_o=\"4000\" width_o=\"6000\" url_q=\"https://live.staticflickr.com/304/31563600416_4fbe435621_q.jpg\"
      height_q=\"150\" width_q=\"150\" url_l=\"https://live.staticflickr.com/304/31563600416_4fbe435621_b.jpg\"
      height_l=\"683\" width_l=\"1024\">\n\t\t<description />\n\t</photo>\n\t<photo
      id=\"30640144594\" owner=\"132051449@N06\" secret=\"236c4a61b3\" server=\"5552\"
      farm=\"6\" title=\"Mumbai\" ispublic=\"1\" isfriend=\"0\" isfamily=\"0\" license=\"0\"
      safety_level=\"0\" dateupload=\"1481179238\" datetaken=\"2016-11-11 19:40:39\"
      datetakengranularity=\"0\" datetakenunknown=\"0\" ownername=\"Jeong Vin, Yoon\"
      realname=\"Jeong Vin Yoon\" originalsecret=\"fdbddd9448\" originalformat=\"jpg\"
      media=\"photo\" media_status=\"ready\" url_sq=\"https://live.staticflickr.com/5552/30640144594_236c4a61b3_s.jpg\"
      height_sq=\"75\" width_sq=\"75\" url_t=\"https://live.staticflickr.com/5552/30640144594_236c4a61b3_t.jpg\"
      height_t=\"67\" width_t=\"100\" url_s=\"https://live.staticflickr.com/5552/30640144594_236c4a61b3_m.jpg\"
      height_s=\"160\" width_s=\"240\" url_m=\"https://live.staticflickr.com/5552/30640144594_236c4a61b3.jpg\"
      height_m=\"333\" width_m=\"500\" url_o=\"https://live.staticflickr.com/5552/30640144594_fdbddd9448_o.jpg\"
      height_o=\"4000\" width_o=\"6000\" url_q=\"https://live.staticflickr.com/5552/30640144594_236c4a61b3_q.jpg\"
      height_q=\"150\" width_q=\"150\" url_l=\"https://live.staticflickr.com/5552/30640144594_236c4a61b3_b.jpg\"
      height_l=\"683\" width_l=\"1024\">\n\t\t<description />\n\t</photo>\n\t<photo
      id=\"30559113883\" owner=\"132051449@N06\" secret=\"32252b347e\" server=\"5690\"
      farm=\"6\" title=\"Kolkata\" ispublic=\"1\" isfriend=\"0\" isfamily=\"0\" license=\"0\"
      safety_level=\"0\" dateupload=\"1480654468\" datetaken=\"2016-11-17 16:10:51\"
      datetakengranularity=\"0\" datetakenunknown=\"0\" ownername=\"Jeong Vin, Yoon\"
      realname=\"Jeong Vin Yoon\" originalsecret=\"3704a5d5f1\" originalformat=\"jpg\"
      media=\"photo\" media_status=\"ready\" url_sq=\"https://live.staticflickr.com/5690/30559113883_32252b347e_s.jpg\"
      height_sq=\"75\" width_sq=\"75\" url_t=\"https://live.staticflickr.com/5690/30559113883_32252b347e_t.jpg\"
      height_t=\"67\" width_t=\"100\" url_s=\"https://live.staticflickr.com/5690/30559113883_32252b347e_m.jpg\"
      height_s=\"160\" width_s=\"240\" url_m=\"https://live.staticflickr.com/5690/30559113883_32252b347e.jpg\"
      height_m=\"333\" width_m=\"500\" url_o=\"https://live.staticflickr.com/5690/30559113883_3704a5d5f1_o.jpg\"
      height_o=\"3485\" width_o=\"5228\" url_q=\"https://live.staticflickr.com/5690/30559113883_32252b347e_q.jpg\"
      height_q=\"150\" width_q=\"150\" url_l=\"https://live.staticflickr.com/5690/30559113883_32252b347e_b.jpg\"
      height_l=\"683\" width_l=\"1024\">\n\t\t<description />\n\t</photo>\n\t<photo
      id=\"31233066315\" owner=\"132051449@N06\" secret=\"71a62e69b2\" server=\"5773\"
      farm=\"6\" title=\"Kolkata\" ispublic=\"1\" isfriend=\"0\" isfamily=\"0\" license=\"0\"
      safety_level=\"0\" dateupload=\"1480084223\" datetaken=\"2016-11-21 15:17:46\"
      datetakengranularity=\"0\" datetakenunknown=\"0\" ownername=\"Jeong Vin, Yoon\"
      realname=\"Jeong Vin Yoon\" originalsecret=\"918054d2ec\" originalformat=\"jpg\"
      media=\"photo\" media_status=\"ready\" url_sq=\"https://live.staticflickr.com/5773/31233066315_71a62e69b2_s.jpg\"
      height_sq=\"75\" width_sq=\"75\" url_t=\"https://live.staticflickr.com/5773/31233066315_71a62e69b2_t.jpg\"
      height_t=\"66\" width_t=\"100\" url_s=\"https://live.staticflickr.com/5773/31233066315_71a62e69b2_m.jpg\"
      height_s=\"159\" width_s=\"240\" url_m=\"https://live.staticflickr.com/5773/31233066315_71a62e69b2.jpg\"
      height_m=\"331\" width_m=\"500\" url_o=\"https://live.staticflickr.com/5773/31233066315_918054d2ec_o.jpg\"
      height_o=\"2968\" width_o=\"4481\" url_q=\"https://live.staticflickr.com/5773/31233066315_71a62e69b2_q.jpg\"
      height_q=\"150\" width_q=\"150\" url_l=\"https://live.staticflickr.com/5773/31233066315_71a62e69b2_b.jpg\"
      height_l=\"678\" width_l=\"1024\">\n\t\t<description />\n\t</photo>\n\t<photo
      id=\"31183620606\" owner=\"132051449@N06\" secret=\"cb1d03668e\" server=\"5674\"
      farm=\"6\" title=\"Seoul Station\" ispublic=\"1\" isfriend=\"0\" isfamily=\"0\"
      license=\"0\" safety_level=\"0\" dateupload=\"1480017677\" datetaken=\"2016-10-24
      17:06:43\" datetakengranularity=\"0\" datetakenunknown=\"0\" ownername=\"Jeong
      Vin, Yoon\" realname=\"Jeong Vin Yoon\" originalsecret=\"1428822892\" originalformat=\"jpg\"
      media=\"photo\" media_status=\"ready\" url_sq=\"https://live.staticflickr.com/5674/31183620606_cb1d03668e_s.jpg\"
      height_sq=\"75\" width_sq=\"75\" url_t=\"https://live.staticflickr.com/5674/31183620606_cb1d03668e_t.jpg\"
      height_t=\"66\" width_t=\"100\" url_s=\"https://live.staticflickr.com/5674/31183620606_cb1d03668e_m.jpg\"
      height_s=\"159\" width_s=\"240\" url_m=\"https://live.staticflickr.com/5674/31183620606_cb1d03668e.jpg\"
      height_m=\"331\" width_m=\"500\" url_o=\"https://live.staticflickr.com/5674/31183620606_1428822892_o.jpg\"
      height_o=\"2976\" width_o=\"4493\" url_q=\"https://live.staticflickr.com/5674/31183620606_cb1d03668e_q.jpg\"
      height_q=\"150\" width_q=\"150\" url_l=\"https://live.staticflickr.com/5674/31183620606_cb1d03668e_b.jpg\"
      height_l=\"678\" width_l=\"1024\">\n\t\t<description />\n\t</photo>\n\t<photo
      id=\"30941098941\" owner=\"132051449@N06\" secret=\"e5e9188e79\" server=\"5483\"
      farm=\"6\" title=\"truck driver\" ispublic=\"1\" isfriend=\"0\" isfamily=\"0\"
      license=\"0\" safety_level=\"0\" dateupload=\"1479394010\" datetaken=\"2016-11-15
      08:39:44\" datetakengranularity=\"0\" datetakenunknown=\"0\" ownername=\"Jeong
      Vin, Yoon\" realname=\"Jeong Vin Yoon\" originalsecret=\"8a8db96a69\" originalformat=\"jpg\"
      media=\"photo\" media_status=\"ready\" url_sq=\"https://live.staticflickr.com/5483/30941098941_e5e9188e79_s.jpg\"
      height_sq=\"75\" width_sq=\"75\" url_t=\"https://live.staticflickr.com/5483/30941098941_e5e9188e79_t.jpg\"
      height_t=\"66\" width_t=\"100\" url_s=\"https://live.staticflickr.com/5483/30941098941_e5e9188e79_m.jpg\"
      height_s=\"159\" width_s=\"240\" url_m=\"https://live.staticflickr.com/5483/30941098941_e5e9188e79.jpg\"
      height_m=\"331\" width_m=\"500\" url_o=\"https://live.staticflickr.com/5483/30941098941_8a8db96a69_o.jpg\"
      height_o=\"3264\" width_o=\"4928\" url_q=\"https://live.staticflickr.com/5483/30941098941_e5e9188e79_q.jpg\"
      height_q=\"150\" width_q=\"150\" url_l=\"https://live.staticflickr.com/5483/30941098941_e5e9188e79_b.jpg\"
      height_l=\"678\" width_l=\"1024\">\n\t\t<description />\n\t</photo>\n\t<photo
      id=\"30879922446\" owner=\"132051449@N06\" secret=\"579e442f2a\" server=\"5624\"
      farm=\"6\" title=\"New Delhi\" ispublic=\"1\" isfriend=\"0\" isfamily=\"0\"
      license=\"0\" safety_level=\"0\" dateupload=\"1478877937\" datetaken=\"2016-11-05
      13:43:00\" datetakengranularity=\"0\" datetakenunknown=\"0\" ownername=\"Jeong
      Vin, Yoon\" realname=\"Jeong Vin Yoon\" originalsecret=\"08b6260375\" originalformat=\"jpg\"
      media=\"photo\" media_status=\"ready\" url_sq=\"https://live.staticflickr.com/5624/30879922446_579e442f2a_s.jpg\"
      height_sq=\"75\" width_sq=\"75\" url_t=\"https://live.staticflickr.com/5624/30879922446_579e442f2a_t.jpg\"
      height_t=\"67\" width_t=\"100\" url_s=\"https://live.staticflickr.com/5624/30879922446_579e442f2a_m.jpg\"
      height_s=\"160\" width_s=\"240\" url_m=\"https://live.staticflickr.com/5624/30879922446_579e442f2a.jpg\"
      height_m=\"333\" width_m=\"500\" url_o=\"https://live.staticflickr.com/5624/30879922446_08b6260375_o.jpg\"
      height_o=\"4000\" width_o=\"6000\" url_q=\"https://live.staticflickr.com/5624/30879922446_579e442f2a_q.jpg\"
      height_q=\"150\" width_q=\"150\" url_l=\"https://live.staticflickr.com/5624/30879922446_579e442f2a_b.jpg\"
      height_l=\"683\" width_l=\"1024\">\n\t\t<description />\n\t</photo>\n\t<photo
      id=\"27099720072\" owner=\"132051449@N06\" secret=\"ca26228290\" server=\"7354\"
      farm=\"8\" title=\"Bangkok\" ispublic=\"1\" isfriend=\"0\" isfamily=\"0\" license=\"0\"
      safety_level=\"0\" dateupload=\"1477792140\" datetaken=\"2016-05-10 18:33:59\"
      datetakengranularity=\"0\" datetakenunknown=\"0\" ownername=\"Jeong Vin, Yoon\"
      realname=\"Jeong Vin Yoon\" originalsecret=\"f8f37c5326\" originalformat=\"jpg\"
      media=\"photo\" media_status=\"ready\" url_sq=\"https://live.staticflickr.com/7354/27099720072_ca26228290_s.jpg\"
      height_sq=\"75\" width_sq=\"75\" url_t=\"https://live.staticflickr.com/7354/27099720072_ca26228290_t.jpg\"
      height_t=\"67\" width_t=\"100\" url_s=\"https://live.staticflickr.com/7354/27099720072_ca26228290_m.jpg\"
      height_s=\"160\" width_s=\"240\" url_m=\"https://live.staticflickr.com/7354/27099720072_ca26228290.jpg\"
      height_m=\"333\" width_m=\"500\" url_o=\"https://live.staticflickr.com/7354/27099720072_f8f37c5326_o.jpg\"
      height_o=\"3614\" width_o=\"5421\" url_q=\"https://live.staticflickr.com/7354/27099720072_ca26228290_q.jpg\"
      height_q=\"150\" width_q=\"150\" url_l=\"https://live.staticflickr.com/7354/27099720072_ca26228290_b.jpg\"
      height_l=\"683\" width_l=\"1024\">\n\t\t<description />\n\t</photo>\n\t<photo
      id=\"28743115801\" owner=\"132051449@N06\" secret=\"2222872a47\" server=\"8427\"
      farm=\"9\" title=\"Ella,Srilanka\" ispublic=\"1\" isfriend=\"0\" isfamily=\"0\"
      license=\"0\" safety_level=\"0\" dateupload=\"1477487160\" datetaken=\"2016-06-27
      15:11:55\" datetakengranularity=\"0\" datetakenunknown=\"0\" ownername=\"Jeong
      Vin, Yoon\" realname=\"Jeong Vin Yoon\" originalsecret=\"3048a2c1e0\" originalformat=\"jpg\"
      media=\"photo\" media_status=\"ready\" url_sq=\"https://live.staticflickr.com/8427/28743115801_2222872a47_s.jpg\"
      height_sq=\"75\" width_sq=\"75\" url_t=\"https://live.staticflickr.com/8427/28743115801_2222872a47_t.jpg\"
      height_t=\"67\" width_t=\"100\" url_s=\"https://live.staticflickr.com/8427/28743115801_2222872a47_m.jpg\"
      height_s=\"160\" width_s=\"240\" url_m=\"https://live.staticflickr.com/8427/28743115801_2222872a47.jpg\"
      height_m=\"333\" width_m=\"500\" url_o=\"https://live.staticflickr.com/8427/28743115801_3048a2c1e0_o.jpg\"
      height_o=\"4000\" width_o=\"6000\" url_q=\"https://live.staticflickr.com/8427/28743115801_2222872a47_q.jpg\"
      height_q=\"150\" width_q=\"150\" url_l=\"https://live.staticflickr.com/8427/28743115801_2222872a47_b.jpg\"
      height_l=\"683\" width_l=\"1024\">\n\t\t<description />\n\t</photo>\n\t<photo
      id=\"30003758451\" owner=\"132051449@N06\" secret=\"db2b6f0fb0\" server=\"7504\"
      farm=\"8\" title=\"seoul\" ispublic=\"1\" isfriend=\"0\" isfamily=\"0\" license=\"0\"
      safety_level=\"0\" dateupload=\"1477054623\" datetaken=\"2016-10-01 18:17:40\"
      datetakengranularity=\"0\" datetakenunknown=\"0\" ownername=\"Jeong Vin, Yoon\"
      realname=\"Jeong Vin Yoon\" originalsecret=\"1b04710c40\" originalformat=\"jpg\"
      media=\"photo\" media_status=\"ready\" url_sq=\"https://live.staticflickr.com/7504/30003758451_db2b6f0fb0_s.jpg\"
      height_sq=\"75\" width_sq=\"75\" url_t=\"https://live.staticflickr.com/7504/30003758451_db2b6f0fb0_t.jpg\"
      height_t=\"67\" width_t=\"100\" url_s=\"https://live.staticflickr.com/7504/30003758451_db2b6f0fb0_m.jpg\"
      height_s=\"160\" width_s=\"240\" url_m=\"https://live.staticflickr.com/7504/30003758451_db2b6f0fb0.jpg\"
      height_m=\"333\" width_m=\"500\" url_o=\"https://live.staticflickr.com/7504/30003758451_1b04710c40_o.jpg\"
      height_o=\"4000\" width_o=\"6000\" url_q=\"https://live.staticflickr.com/7504/30003758451_db2b6f0fb0_q.jpg\"
      height_q=\"150\" width_q=\"150\" url_l=\"https://live.staticflickr.com/7504/30003758451_db2b6f0fb0_b.jpg\"
      height_l=\"683\" width_l=\"1024\">\n\t\t<description />\n\t</photo>\n\t<photo
      id=\"29705613623\" owner=\"132051449@N06\" secret=\"12c45087c1\" server=\"5551\"
      farm=\"6\" title=\"hongkong\" ispublic=\"1\" isfriend=\"0\" isfamily=\"0\" license=\"0\"
      safety_level=\"0\" dateupload=\"1476898831\" datetaken=\"2016-04-12 13:09:41\"
      datetakengranularity=\"0\" datetakenunknown=\"0\" ownername=\"Jeong Vin, Yoon\"
      realname=\"Jeong Vin Yoon\" originalsecret=\"a04df2cb4e\" originalformat=\"jpg\"
      media=\"photo\" media_status=\"ready\" url_sq=\"https://live.staticflickr.com/5551/29705613623_12c45087c1_s.jpg\"
      height_sq=\"75\" width_sq=\"75\" url_t=\"https://live.staticflickr.com/5551/29705613623_12c45087c1_t.jpg\"
      height_t=\"67\" width_t=\"100\" url_s=\"https://live.staticflickr.com/5551/29705613623_12c45087c1_m.jpg\"
      height_s=\"160\" width_s=\"240\" url_m=\"https://live.staticflickr.com/5551/29705613623_12c45087c1.jpg\"
      height_m=\"333\" width_m=\"500\" url_o=\"https://live.staticflickr.com/5551/29705613623_a04df2cb4e_o.jpg\"
      height_o=\"3680\" width_o=\"5520\" url_q=\"https://live.staticflickr.com/5551/29705613623_12c45087c1_q.jpg\"
      height_q=\"150\" width_q=\"150\" url_l=\"https://live.staticflickr.com/5551/29705613623_12c45087c1_b.jpg\"
      height_l=\"683\" width_l=\"1024\">\n\t\t<description />\n\t</photo>\n\t<photo
      id=\"29698250434\" owner=\"132051449@N06\" secret=\"f6d13b7257\" server=\"8136\"
      farm=\"9\" title=\"hongkong\" ispublic=\"1\" isfriend=\"0\" isfamily=\"0\" license=\"0\"
      safety_level=\"0\" dateupload=\"1476491766\" datetaken=\"2016-04-21 08:55:11\"
      datetakengranularity=\"0\" datetakenunknown=\"0\" ownername=\"Jeong Vin, Yoon\"
      realname=\"Jeong Vin Yoon\" originalsecret=\"d2f46d53e7\" originalformat=\"jpg\"
      media=\"photo\" media_status=\"ready\" url_sq=\"https://live.staticflickr.com/8136/29698250434_f6d13b7257_s.jpg\"
      height_sq=\"75\" width_sq=\"75\" url_t=\"https://live.staticflickr.com/8136/29698250434_f6d13b7257_t.jpg\"
      height_t=\"66\" width_t=\"100\" url_s=\"https://live.staticflickr.com/8136/29698250434_f6d13b7257_m.jpg\"
      height_s=\"159\" width_s=\"240\" url_m=\"https://live.staticflickr.com/8136/29698250434_f6d13b7257.jpg\"
      height_m=\"331\" width_m=\"500\" url_o=\"https://live.staticflickr.com/8136/29698250434_d2f46d53e7_o.jpg\"
      height_o=\"3128\" width_o=\"4723\" url_q=\"https://live.staticflickr.com/8136/29698250434_f6d13b7257_q.jpg\"
      height_q=\"150\" width_q=\"150\" url_l=\"https://live.staticflickr.com/8136/29698250434_f6d13b7257_b.jpg\"
      height_l=\"678\" width_l=\"1024\">\n\t\t<description />\n\t</photo>\n\t<photo
      id=\"30053033186\" owner=\"132051449@N06\" secret=\"f21b3e5371\" server=\"5132\"
      farm=\"6\" title=\"seoul\" ispublic=\"1\" isfriend=\"0\" isfamily=\"0\" license=\"0\"
      safety_level=\"0\" dateupload=\"1475629200\" datetaken=\"2016-10-01 17:39:44\"
      datetakengranularity=\"0\" datetakenunknown=\"0\" ownername=\"Jeong Vin, Yoon\"
      realname=\"Jeong Vin Yoon\" originalsecret=\"bdc98c87ed\" originalformat=\"jpg\"
      media=\"photo\" media_status=\"ready\" url_sq=\"https://live.staticflickr.com/5132/30053033186_f21b3e5371_s.jpg\"
      height_sq=\"75\" width_sq=\"75\" url_t=\"https://live.staticflickr.com/5132/30053033186_f21b3e5371_t.jpg\"
      height_t=\"67\" width_t=\"100\" url_s=\"https://live.staticflickr.com/5132/30053033186_f21b3e5371_m.jpg\"
      height_s=\"160\" width_s=\"240\" url_m=\"https://live.staticflickr.com/5132/30053033186_f21b3e5371.jpg\"
      height_m=\"333\" width_m=\"500\" url_o=\"https://live.staticflickr.com/5132/30053033186_bdc98c87ed_o.jpg\"
      height_o=\"4000\" width_o=\"6000\" url_q=\"https://live.staticflickr.com/5132/30053033186_f21b3e5371_q.jpg\"
      height_q=\"150\" width_q=\"150\" url_l=\"https://live.staticflickr.com/5132/30053033186_f21b3e5371_b.jpg\"
      height_l=\"683\" width_l=\"1024\">\n\t\t<description />\n\t</photo>\n\t<photo
      id=\"28225698142\" owner=\"132051449@N06\" secret=\"6ac2a7d2b7\" server=\"8647\"
      farm=\"9\" title=\"Tbilisi, Georgia\" ispublic=\"1\" isfriend=\"0\" isfamily=\"0\"
      license=\"0\" safety_level=\"0\" dateupload=\"1475443620\" datetaken=\"2016-07-14
      19:53:06\" datetakengranularity=\"0\" datetakenunknown=\"0\" ownername=\"Jeong
      Vin, Yoon\" realname=\"Jeong Vin Yoon\" originalsecret=\"a1fdc9df4a\" originalformat=\"jpg\"
      media=\"photo\" media_status=\"ready\" url_sq=\"https://live.staticflickr.com/8647/28225698142_6ac2a7d2b7_s.jpg\"
      height_sq=\"75\" width_sq=\"75\" url_t=\"https://live.staticflickr.com/8647/28225698142_6ac2a7d2b7_t.jpg\"
      height_t=\"67\" width_t=\"100\" url_s=\"https://live.staticflickr.com/8647/28225698142_6ac2a7d2b7_m.jpg\"
      height_s=\"160\" width_s=\"240\" url_m=\"https://live.staticflickr.com/8647/28225698142_6ac2a7d2b7.jpg\"
      height_m=\"333\" width_m=\"500\" url_o=\"https://live.staticflickr.com/8647/28225698142_a1fdc9df4a_o.jpg\"
      height_o=\"4000\" width_o=\"6000\" url_q=\"https://live.staticflickr.com/8647/28225698142_6ac2a7d2b7_q.jpg\"
      height_q=\"150\" width_q=\"150\" url_l=\"https://live.staticflickr.com/8647/28225698142_6ac2a7d2b7_b.jpg\"
      height_l=\"683\" width_l=\"1024\">\n\t\t<description />\n\t</photo>\n\t<photo
      id=\"27451937741\" owner=\"132051449@N06\" secret=\"f3aa97a23e\" server=\"7358\"
      farm=\"8\" title=\"inle, Myanmar\" ispublic=\"1\" isfriend=\"0\" isfamily=\"0\"
      license=\"0\" safety_level=\"0\" dateupload=\"1475207280\" datetaken=\"2016-06-02
      09:29:24\" datetakengranularity=\"0\" datetakenunknown=\"0\" ownername=\"Jeong
      Vin, Yoon\" realname=\"Jeong Vin Yoon\" originalsecret=\"ea70355930\" originalformat=\"jpg\"
      media=\"photo\" media_status=\"ready\" url_sq=\"https://live.staticflickr.com/7358/27451937741_f3aa97a23e_s.jpg\"
      height_sq=\"75\" width_sq=\"75\" url_t=\"https://live.staticflickr.com/7358/27451937741_f3aa97a23e_t.jpg\"
      height_t=\"67\" width_t=\"100\" url_s=\"https://live.staticflickr.com/7358/27451937741_f3aa97a23e_m.jpg\"
      height_s=\"160\" width_s=\"240\" url_m=\"https://live.staticflickr.com/7358/27451937741_f3aa97a23e.jpg\"
      height_m=\"333\" width_m=\"500\" url_o=\"https://live.staticflickr.com/7358/27451937741_ea70355930_o.jpg\"
      height_o=\"4000\" width_o=\"6000\" url_q=\"https://live.staticflickr.com/7358/27451937741_f3aa97a23e_q.jpg\"
      height_q=\"150\" width_q=\"150\" url_l=\"https://live.staticflickr.com/7358/27451937741_f3aa97a23e_b.jpg\"
      height_l=\"683\" width_l=\"1024\">\n\t\t<description />\n\t</photo>\n\t<photo
      id=\"28202175994\" owner=\"132051449@N06\" secret=\"a62838f3e8\" server=\"8228\"
      farm=\"9\" title=\"Pushkin, Russia\" ispublic=\"1\" isfriend=\"0\" isfamily=\"0\"
      license=\"0\" safety_level=\"0\" dateupload=\"1475055360\" datetaken=\"2016-07-07
      18:50:21\" datetakengranularity=\"0\" datetakenunknown=\"0\" ownername=\"Jeong
      Vin, Yoon\" realname=\"Jeong Vin Yoon\" originalsecret=\"3523ff9270\" originalformat=\"jpg\"
      media=\"photo\" media_status=\"ready\" url_sq=\"https://live.staticflickr.com/8228/28202175994_a62838f3e8_s.jpg\"
      height_sq=\"75\" width_sq=\"75\" url_t=\"https://live.staticflickr.com/8228/28202175994_a62838f3e8_t.jpg\"
      height_t=\"67\" width_t=\"100\" url_s=\"https://live.staticflickr.com/8228/28202175994_a62838f3e8_m.jpg\"
      height_s=\"160\" width_s=\"240\" url_m=\"https://live.staticflickr.com/8228/28202175994_a62838f3e8.jpg\"
      height_m=\"333\" width_m=\"500\" url_o=\"https://live.staticflickr.com/8228/28202175994_3523ff9270_o.jpg\"
      height_o=\"4000\" width_o=\"6000\" url_q=\"https://live.staticflickr.com/8228/28202175994_a62838f3e8_q.jpg\"
      height_q=\"150\" width_q=\"150\" url_l=\"https://live.staticflickr.com/8228/28202175994_a62838f3e8_b.jpg\"
      height_l=\"683\" width_l=\"1024\">\n\t\t<description />\n\t</photo>\n\t<photo
      id=\"18250964001\" owner=\"132051449@N06\" secret=\"df26421e40\" server=\"7738\"
      farm=\"8\" title=\"Seoul\" ispublic=\"1\" isfriend=\"0\" isfamily=\"0\" license=\"0\"
      safety_level=\"0\" dateupload=\"1474870380\" datetaken=\"2015-05-18 16:11:59\"
      datetakengranularity=\"0\" datetakenunknown=\"0\" ownername=\"Jeong Vin, Yoon\"
      realname=\"Jeong Vin Yoon\" originalsecret=\"6950883ee5\" originalformat=\"jpg\"
      media=\"photo\" media_status=\"ready\" url_sq=\"https://live.staticflickr.com/7738/18250964001_df26421e40_s.jpg\"
      height_sq=\"75\" width_sq=\"75\" url_t=\"https://live.staticflickr.com/7738/18250964001_df26421e40_t.jpg\"
      height_t=\"67\" width_t=\"100\" url_s=\"https://live.staticflickr.com/7738/18250964001_df26421e40_m.jpg\"
      height_s=\"160\" width_s=\"240\" url_m=\"https://live.staticflickr.com/7738/18250964001_df26421e40.jpg\"
      height_m=\"334\" width_m=\"500\" url_o=\"https://live.staticflickr.com/7738/18250964001_6950883ee5_o.jpg\"
      height_o=\"4847\" width_o=\"7262\" url_q=\"https://live.staticflickr.com/7738/18250964001_df26421e40_q.jpg\"
      height_q=\"150\" width_q=\"150\" url_l=\"https://live.staticflickr.com/7738/18250964001_df26421e40_b.jpg\"
      height_l=\"683\" width_l=\"1024\">\n\t\t<description />\n\t</photo>\n\t<photo
      id=\"26706890691\" owner=\"132051449@N06\" secret=\"10e35e4238\" server=\"1488\"
      farm=\"2\" title=\"HongKong\" ispublic=\"1\" isfriend=\"0\" isfamily=\"0\" license=\"0\"
      safety_level=\"0\" dateupload=\"1474767180\" datetaken=\"2016-05-01 16:44:40\"
      datetakengranularity=\"0\" datetakenunknown=\"0\" ownername=\"Jeong Vin, Yoon\"
      realname=\"Jeong Vin Yoon\" originalsecret=\"fbed45f768\" originalformat=\"jpg\"
      media=\"photo\" media_status=\"ready\" url_sq=\"https://live.staticflickr.com/1488/26706890691_10e35e4238_s.jpg\"
      height_sq=\"75\" width_sq=\"75\" url_t=\"https://live.staticflickr.com/1488/26706890691_10e35e4238_t.jpg\"
      height_t=\"67\" width_t=\"100\" url_s=\"https://live.staticflickr.com/1488/26706890691_10e35e4238_m.jpg\"
      height_s=\"160\" width_s=\"240\" url_m=\"https://live.staticflickr.com/1488/26706890691_10e35e4238.jpg\"
      height_m=\"333\" width_m=\"500\" url_o=\"https://live.staticflickr.com/1488/26706890691_fbed45f768_o.jpg\"
      height_o=\"3497\" width_o=\"5245\" url_q=\"https://live.staticflickr.com/1488/26706890691_10e35e4238_q.jpg\"
      height_q=\"150\" width_q=\"150\" url_l=\"https://live.staticflickr.com/1488/26706890691_10e35e4238_b.jpg\"
      height_l=\"683\" width_l=\"1024\">\n\t\t<description />\n\t</photo>\n\t<photo
      id=\"29796109526\" owner=\"132051449@N06\" secret=\"c6a37eaf5d\" server=\"8863\"
      farm=\"9\" title=\"Hongkong\" ispublic=\"1\" isfriend=\"0\" isfamily=\"0\" license=\"0\"
      safety_level=\"0\" dateupload=\"1474554480\" datetaken=\"2016-05-07 20:55:41\"
      datetakengranularity=\"0\" datetakenunknown=\"0\" ownername=\"Jeong Vin, Yoon\"
      realname=\"Jeong Vin Yoon\" originalsecret=\"809c0071f9\" originalformat=\"jpg\"
      media=\"photo\" media_status=\"ready\" url_sq=\"https://live.staticflickr.com/8863/29796109526_c6a37eaf5d_s.jpg\"
      height_sq=\"75\" width_sq=\"75\" url_t=\"https://live.staticflickr.com/8863/29796109526_c6a37eaf5d_t.jpg\"
      height_t=\"67\" width_t=\"100\" url_s=\"https://live.staticflickr.com/8863/29796109526_c6a37eaf5d_m.jpg\"
      height_s=\"160\" width_s=\"240\" url_m=\"https://live.staticflickr.com/8863/29796109526_c6a37eaf5d.jpg\"
      height_m=\"333\" width_m=\"500\" url_o=\"https://live.staticflickr.com/8863/29796109526_809c0071f9_o.jpg\"
      height_o=\"3788\" width_o=\"5682\" url_q=\"https://live.staticflickr.com/8863/29796109526_c6a37eaf5d_q.jpg\"
      height_q=\"150\" width_q=\"150\" url_l=\"https://live.staticflickr.com/8863/29796109526_c6a37eaf5d_b.jpg\"
      height_l=\"683\" width_l=\"1024\">\n\t\t<description />\n\t</photo>\n\t<photo
      id=\"27838555144\" owner=\"132051449@N06\" secret=\"cbf33e7c75\" server=\"7517\"
      farm=\"8\" title=\"Tbilisi, Georgia\" ispublic=\"1\" isfriend=\"0\" isfamily=\"0\"
      license=\"0\" safety_level=\"0\" dateupload=\"1474336920\" datetaken=\"2016-07-16
      17:28:21\" datetakengranularity=\"0\" datetakenunknown=\"0\" ownername=\"Jeong
      Vin, Yoon\" realname=\"Jeong Vin Yoon\" originalsecret=\"c78b2054cd\" originalformat=\"jpg\"
      media=\"photo\" media_status=\"ready\" url_sq=\"https://live.staticflickr.com/7517/27838555144_cbf33e7c75_s.jpg\"
      height_sq=\"75\" width_sq=\"75\" url_t=\"https://live.staticflickr.com/7517/27838555144_cbf33e7c75_t.jpg\"
      height_t=\"67\" width_t=\"100\" url_s=\"https://live.staticflickr.com/7517/27838555144_cbf33e7c75_m.jpg\"
      height_s=\"160\" width_s=\"240\" url_m=\"https://live.staticflickr.com/7517/27838555144_cbf33e7c75.jpg\"
      height_m=\"333\" width_m=\"500\" url_o=\"https://live.staticflickr.com/7517/27838555144_c78b2054cd_o.jpg\"
      height_o=\"4000\" width_o=\"6000\" url_q=\"https://live.staticflickr.com/7517/27838555144_cbf33e7c75_q.jpg\"
      height_q=\"150\" width_q=\"150\" url_l=\"https://live.staticflickr.com/7517/27838555144_cbf33e7c75_b.jpg\"
      height_l=\"683\" width_l=\"1024\">\n\t\t<description />\n\t</photo>\n\t<photo
      id=\"28831635841\" owner=\"132051449@N06\" secret=\"e965eb2513\" server=\"8062\"
      farm=\"9\" title=\"Kazbegi, Georgia\" ispublic=\"1\" isfriend=\"0\" isfamily=\"0\"
      license=\"0\" safety_level=\"0\" dateupload=\"1474109340\" datetaken=\"2016-07-19
      12:44:27\" datetakengranularity=\"0\" datetakenunknown=\"0\" ownername=\"Jeong
      Vin, Yoon\" realname=\"Jeong Vin Yoon\" originalsecret=\"a7d51d974c\" originalformat=\"jpg\"
      media=\"photo\" media_status=\"ready\" url_sq=\"https://live.staticflickr.com/8062/28831635841_e965eb2513_s.jpg\"
      height_sq=\"75\" width_sq=\"75\" url_t=\"https://live.staticflickr.com/8062/28831635841_e965eb2513_t.jpg\"
      height_t=\"67\" width_t=\"100\" url_s=\"https://live.staticflickr.com/8062/28831635841_e965eb2513_m.jpg\"
      height_s=\"160\" width_s=\"240\" url_m=\"https://live.staticflickr.com/8062/28831635841_e965eb2513.jpg\"
      height_m=\"333\" width_m=\"500\" url_o=\"https://live.staticflickr.com/8062/28831635841_a7d51d974c_o.jpg\"
      height_o=\"4000\" width_o=\"6000\" url_q=\"https://live.staticflickr.com/8062/28831635841_e965eb2513_q.jpg\"
      height_q=\"150\" width_q=\"150\" url_l=\"https://live.staticflickr.com/8062/28831635841_e965eb2513_b.jpg\"
      height_l=\"683\" width_l=\"1024\">\n\t\t<description />\n\t</photo>\n\t<photo
      id=\"28819830415\" owner=\"132051449@N06\" secret=\"a18872f280\" server=\"8182\"
      farm=\"9\" title=\"FUJI1476\" ispublic=\"1\" isfriend=\"0\" isfamily=\"0\" license=\"0\"
      safety_level=\"0\" dateupload=\"1473043860\" datetaken=\"2016-06-27 00:00:00\"
      datetakengranularity=\"0\" datetakenunknown=\"0\" ownername=\"Jeong Vin, Yoon\"
      realname=\"Jeong Vin Yoon\" originalsecret=\"070f1d7bdb\" originalformat=\"jpg\"
      media=\"photo\" media_status=\"ready\" url_sq=\"https://live.staticflickr.com/8182/28819830415_a18872f280_s.jpg\"
      height_sq=\"75\" width_sq=\"75\" url_t=\"https://live.staticflickr.com/8182/28819830415_a18872f280_t.jpg\"
      height_t=\"67\" width_t=\"100\" url_s=\"https://live.staticflickr.com/8182/28819830415_a18872f280_m.jpg\"
      height_s=\"160\" width_s=\"240\" url_m=\"https://live.staticflickr.com/8182/28819830415_a18872f280.jpg\"
      height_m=\"333\" width_m=\"500\" url_o=\"https://live.staticflickr.com/8182/28819830415_070f1d7bdb_o.jpg\"
      height_o=\"4000\" width_o=\"6000\" url_q=\"https://live.staticflickr.com/8182/28819830415_a18872f280_q.jpg\"
      height_q=\"150\" width_q=\"150\" url_l=\"https://live.staticflickr.com/8182/28819830415_a18872f280_b.jpg\"
      height_l=\"683\" width_l=\"1024\">\n\t\t<description />\n\t</photo>\n\t<photo
      id=\"26529912340\" owner=\"132051449@N06\" secret=\"df058cbb63\" server=\"7785\"
      farm=\"8\" title=\"hong kong\" ispublic=\"1\" isfriend=\"0\" isfamily=\"0\"
      license=\"0\" safety_level=\"0\" dateupload=\"1472896800\" datetaken=\"2016-05-03
      04:38:32\" datetakengranularity=\"0\" datetakenunknown=\"0\" ownername=\"Jeong
      Vin, Yoon\" realname=\"Jeong Vin Yoon\" originalsecret=\"dda7dd401a\" originalformat=\"jpg\"
      media=\"photo\" media_status=\"ready\" url_sq=\"https://live.staticflickr.com/7785/26529912340_df058cbb63_s.jpg\"
      height_sq=\"75\" width_sq=\"75\" url_t=\"https://live.staticflickr.com/7785/26529912340_df058cbb63_t.jpg\"
      height_t=\"66\" width_t=\"100\" url_s=\"https://live.staticflickr.com/7785/26529912340_df058cbb63_m.jpg\"
      height_s=\"159\" width_s=\"240\" url_m=\"https://live.staticflickr.com/7785/26529912340_df058cbb63.jpg\"
      height_m=\"331\" width_m=\"500\" url_o=\"https://live.staticflickr.com/7785/26529912340_dda7dd401a_o.jpg\"
      height_o=\"3264\" width_o=\"4928\" url_q=\"https://live.staticflickr.com/7785/26529912340_df058cbb63_q.jpg\"
      height_q=\"150\" width_q=\"150\" url_l=\"https://live.staticflickr.com/7785/26529912340_df058cbb63_b.jpg\"
      height_l=\"678\" width_l=\"1024\">\n\t\t<description />\n\t</photo>\n\t<photo
      id=\"29400367215\" owner=\"132051449@N06\" secret=\"f3ac2d5875\" server=\"8258\"
      farm=\"9\" title=\"Haputale,Srilanka\" ispublic=\"1\" isfriend=\"0\" isfamily=\"0\"
      license=\"0\" safety_level=\"0\" dateupload=\"1472803748\" datetaken=\"2016-06-27
      18:50:52\" datetakengranularity=\"0\" datetakenunknown=\"0\" ownername=\"Jeong
      Vin, Yoon\" realname=\"Jeong Vin Yoon\" originalsecret=\"cc44f788c7\" originalformat=\"jpg\"
      media=\"photo\" media_status=\"ready\" url_sq=\"https://live.staticflickr.com/8258/29400367215_f3ac2d5875_s.jpg\"
      height_sq=\"75\" width_sq=\"75\" url_t=\"https://live.staticflickr.com/8258/29400367215_f3ac2d5875_t.jpg\"
      height_t=\"67\" width_t=\"100\" url_s=\"https://live.staticflickr.com/8258/29400367215_f3ac2d5875_m.jpg\"
      height_s=\"160\" width_s=\"240\" url_m=\"https://live.staticflickr.com/8258/29400367215_f3ac2d5875.jpg\"
      height_m=\"333\" width_m=\"500\" url_o=\"https://live.staticflickr.com/8258/29400367215_cc44f788c7_o.jpg\"
      height_o=\"3679\" width_o=\"5518\" url_q=\"https://live.staticflickr.com/8258/29400367215_f3ac2d5875_q.jpg\"
      height_q=\"150\" width_q=\"150\" url_l=\"https://live.staticflickr.com/8258/29400367215_f3ac2d5875_b.jpg\"
      height_l=\"683\" width_l=\"1024\">\n\t\t<description />\n\t</photo>\n\t<photo
      id=\"23596811400\" owner=\"132051449@N06\" secret=\"1135a35369\" server=\"604\"
      farm=\"1\" title=\"Bangkok\" ispublic=\"1\" isfriend=\"0\" isfamily=\"0\" license=\"0\"
      safety_level=\"0\" dateupload=\"1472302800\" datetaken=\"2015-12-20 12:12:00\"
      datetakengranularity=\"0\" datetakenunknown=\"0\" ownername=\"Jeong Vin, Yoon\"
      realname=\"Jeong Vin Yoon\" originalsecret=\"aa27e1728a\" originalformat=\"jpg\"
      media=\"photo\" media_status=\"ready\" url_sq=\"https://live.staticflickr.com/604/23596811400_1135a35369_s.jpg\"
      height_sq=\"75\" width_sq=\"75\" url_t=\"https://live.staticflickr.com/604/23596811400_1135a35369_t.jpg\"
      height_t=\"66\" width_t=\"100\" url_s=\"https://live.staticflickr.com/604/23596811400_1135a35369_m.jpg\"
      height_s=\"159\" width_s=\"240\" url_m=\"https://live.staticflickr.com/604/23596811400_1135a35369.jpg\"
      height_m=\"331\" width_m=\"500\" url_o=\"https://live.staticflickr.com/604/23596811400_aa27e1728a_o.jpg\"
      height_o=\"1017\" width_o=\"1536\" url_q=\"https://live.staticflickr.com/604/23596811400_1135a35369_q.jpg\"
      height_q=\"150\" width_q=\"150\" url_l=\"https://live.staticflickr.com/604/23596811400_1135a35369_b.jpg\"
      height_l=\"678\" width_l=\"1024\">\n\t\t<description />\n\t</photo>\n\t<photo
      id=\"25558743402\" owner=\"132051449@N06\" secret=\"40f40035d9\" server=\"1681\"
      farm=\"2\" title=\"20151218-R0009083\" ispublic=\"1\" isfriend=\"0\" isfamily=\"0\"
      license=\"0\" safety_level=\"0\" dateupload=\"1472016900\" datetaken=\"2015-12-18
      10:40:40\" datetakengranularity=\"0\" datetakenunknown=\"0\" ownername=\"Jeong
      Vin, Yoon\" realname=\"Jeong Vin Yoon\" originalsecret=\"ffa70d463d\" originalformat=\"jpg\"
      media=\"photo\" media_status=\"ready\" url_sq=\"https://live.staticflickr.com/1681/25558743402_40f40035d9_s.jpg\"
      height_sq=\"75\" width_sq=\"75\" url_t=\"https://live.staticflickr.com/1681/25558743402_40f40035d9_t.jpg\"
      height_t=\"66\" width_t=\"100\" url_s=\"https://live.staticflickr.com/1681/25558743402_40f40035d9_m.jpg\"
      height_s=\"159\" width_s=\"240\" url_m=\"https://live.staticflickr.com/1681/25558743402_40f40035d9.jpg\"
      height_m=\"331\" width_m=\"500\" url_o=\"https://live.staticflickr.com/1681/25558743402_ffa70d463d_o.jpg\"
      height_o=\"3264\" width_o=\"4928\" url_q=\"https://live.staticflickr.com/1681/25558743402_40f40035d9_q.jpg\"
      height_q=\"150\" width_q=\"150\" url_l=\"https://live.staticflickr.com/1681/25558743402_40f40035d9_b.jpg\"
      height_l=\"678\" width_l=\"1024\">\n\t\t<description />\n\t</photo>\n\t<photo
      id=\"28907195485\" owner=\"132051449@N06\" secret=\"3317b6074f\" server=\"8518\"
      farm=\"9\" title=\"Kazbegi,Georgia\" ispublic=\"1\" isfriend=\"0\" isfamily=\"0\"
      license=\"0\" safety_level=\"0\" dateupload=\"1471875420\" datetaken=\"2016-07-19
      17:08:40\" datetakengranularity=\"0\" datetakenunknown=\"0\" ownername=\"Jeong
      Vin, Yoon\" realname=\"Jeong Vin Yoon\" originalsecret=\"701446d557\" originalformat=\"jpg\"
      media=\"photo\" media_status=\"ready\" url_sq=\"https://live.staticflickr.com/8518/28907195485_3317b6074f_s.jpg\"
      height_sq=\"75\" width_sq=\"75\" url_t=\"https://live.staticflickr.com/8518/28907195485_3317b6074f_t.jpg\"
      height_t=\"67\" width_t=\"100\" url_s=\"https://live.staticflickr.com/8518/28907195485_3317b6074f_m.jpg\"
      height_s=\"160\" width_s=\"240\" url_m=\"https://live.staticflickr.com/8518/28907195485_3317b6074f.jpg\"
      height_m=\"333\" width_m=\"500\" url_o=\"https://live.staticflickr.com/8518/28907195485_701446d557_o.jpg\"
      height_o=\"4000\" width_o=\"6000\" url_q=\"https://live.staticflickr.com/8518/28907195485_3317b6074f_q.jpg\"
      height_q=\"150\" width_q=\"150\" url_l=\"https://live.staticflickr.com/8518/28907195485_3317b6074f_b.jpg\"
      height_l=\"683\" width_l=\"1024\">\n\t\t<description />\n\t</photo>\n\t<photo
      id=\"28907192615\" owner=\"132051449@N06\" secret=\"e624840361\" server=\"7466\"
      farm=\"8\" title=\"Kazbegi, Georgia\" ispublic=\"1\" isfriend=\"0\" isfamily=\"0\"
      license=\"0\" safety_level=\"0\" dateupload=\"1471070160\" datetaken=\"2016-07-19
      16:41:12\" datetakengranularity=\"0\" datetakenunknown=\"0\" ownername=\"Jeong
      Vin, Yoon\" realname=\"Jeong Vin Yoon\" originalsecret=\"597f54d22f\" originalformat=\"jpg\"
      media=\"photo\" media_status=\"ready\" url_sq=\"https://live.staticflickr.com/7466/28907192615_e624840361_s.jpg\"
      height_sq=\"75\" width_sq=\"75\" url_t=\"https://live.staticflickr.com/7466/28907192615_e624840361_t.jpg\"
      height_t=\"67\" width_t=\"100\" url_s=\"https://live.staticflickr.com/7466/28907192615_e624840361_m.jpg\"
      height_s=\"160\" width_s=\"240\" url_m=\"https://live.staticflickr.com/7466/28907192615_e624840361.jpg\"
      height_m=\"333\" width_m=\"500\" url_o=\"https://live.staticflickr.com/7466/28907192615_597f54d22f_o.jpg\"
      height_o=\"4000\" width_o=\"6000\" url_q=\"https://live.staticflickr.com/7466/28907192615_e624840361_q.jpg\"
      height_q=\"150\" width_q=\"150\" url_l=\"https://live.staticflickr.com/7466/28907192615_e624840361_b.jpg\"
      height_l=\"683\" width_l=\"1024\">\n\t\t<description />\n\t</photo>\n\t<photo
      id=\"27655086693\" owner=\"132051449@N06\" secret=\"da51bea6c3\" server=\"8610\"
      farm=\"9\" title=\"Tbilisi, Georgia\" ispublic=\"1\" isfriend=\"0\" isfamily=\"0\"
      license=\"0\" safety_level=\"0\" dateupload=\"1470890280\" datetaken=\"2016-07-11
      08:40:56\" datetakengranularity=\"0\" datetakenunknown=\"0\" ownername=\"Jeong
      Vin, Yoon\" realname=\"Jeong Vin Yoon\" originalsecret=\"1922dbe5c2\" originalformat=\"jpg\"
      media=\"photo\" media_status=\"ready\" url_sq=\"https://live.staticflickr.com/8610/27655086693_da51bea6c3_s.jpg\"
      height_sq=\"75\" width_sq=\"75\" url_t=\"https://live.staticflickr.com/8610/27655086693_da51bea6c3_t.jpg\"
      height_t=\"66\" width_t=\"100\" url_s=\"https://live.staticflickr.com/8610/27655086693_da51bea6c3_m.jpg\"
      height_s=\"159\" width_s=\"240\" url_m=\"https://live.staticflickr.com/8610/27655086693_da51bea6c3.jpg\"
      height_m=\"331\" width_m=\"500\" url_o=\"https://live.staticflickr.com/8610/27655086693_1922dbe5c2_o.jpg\"
      height_o=\"3264\" width_o=\"4928\" url_q=\"https://live.staticflickr.com/8610/27655086693_da51bea6c3_q.jpg\"
      height_q=\"150\" width_q=\"150\" url_l=\"https://live.staticflickr.com/8610/27655086693_da51bea6c3_b.jpg\"
      height_l=\"678\" width_l=\"1024\">\n\t\t<description />\n\t</photo>\n\t<photo
      id=\"28191872861\" owner=\"132051449@N06\" secret=\"5332cfb756\" server=\"7748\"
      farm=\"8\" title=\"R0005754\" ispublic=\"1\" isfriend=\"0\" isfamily=\"0\" license=\"0\"
      safety_level=\"0\" dateupload=\"1470742560\" datetaken=\"2016-07-11 16:33:09\"
      datetakengranularity=\"0\" datetakenunknown=\"0\" ownername=\"Jeong Vin, Yoon\"
      realname=\"Jeong Vin Yoon\" originalsecret=\"73f5a519b4\" originalformat=\"jpg\"
      media=\"photo\" media_status=\"ready\" url_sq=\"https://live.staticflickr.com/7748/28191872861_5332cfb756_s.jpg\"
      height_sq=\"75\" width_sq=\"75\" url_t=\"https://live.staticflickr.com/7748/28191872861_5332cfb756_t.jpg\"
      height_t=\"66\" width_t=\"100\" url_s=\"https://live.staticflickr.com/7748/28191872861_5332cfb756_m.jpg\"
      height_s=\"159\" width_s=\"240\" url_m=\"https://live.staticflickr.com/7748/28191872861_5332cfb756.jpg\"
      height_m=\"331\" width_m=\"500\" url_o=\"https://live.staticflickr.com/7748/28191872861_73f5a519b4_o.jpg\"
      height_o=\"3264\" width_o=\"4928\" url_q=\"https://live.staticflickr.com/7748/28191872861_5332cfb756_q.jpg\"
      height_q=\"150\" width_q=\"150\" url_l=\"https://live.staticflickr.com/7748/28191872861_5332cfb756_b.jpg\"
      height_l=\"678\" width_l=\"1024\">\n\t\t<description />\n\t</photo>\n\t<photo
      id=\"28202172884\" owner=\"132051449@N06\" secret=\"730fbb1aaa\" server=\"8318\"
      farm=\"9\" title=\"ELLA,Srilanka\" ispublic=\"1\" isfriend=\"0\" isfamily=\"0\"
      license=\"0\" safety_level=\"0\" dateupload=\"1470572040\" datetaken=\"2016-06-25
      20:48:32\" datetakengranularity=\"0\" datetakenunknown=\"0\" ownername=\"Jeong
      Vin, Yoon\" realname=\"Jeong Vin Yoon\" originalsecret=\"3e16f1c13a\" originalformat=\"jpg\"
      media=\"photo\" media_status=\"ready\" url_sq=\"https://live.staticflickr.com/8318/28202172884_730fbb1aaa_s.jpg\"
      height_sq=\"75\" width_sq=\"75\" url_t=\"https://live.staticflickr.com/8318/28202172884_730fbb1aaa_t.jpg\"
      height_t=\"67\" width_t=\"100\" url_s=\"https://live.staticflickr.com/8318/28202172884_730fbb1aaa_m.jpg\"
      height_s=\"160\" width_s=\"240\" url_m=\"https://live.staticflickr.com/8318/28202172884_730fbb1aaa.jpg\"
      height_m=\"333\" width_m=\"500\" url_o=\"https://live.staticflickr.com/8318/28202172884_3e16f1c13a_o.jpg\"
      height_o=\"4000\" width_o=\"6000\" url_q=\"https://live.staticflickr.com/8318/28202172884_730fbb1aaa_q.jpg\"
      height_q=\"150\" width_q=\"150\" url_l=\"https://live.staticflickr.com/8318/28202172884_730fbb1aaa_b.jpg\"
      height_l=\"683\" width_l=\"1024\">\n\t\t<description />\n\t</photo>\n\t<photo
      id=\"28270106995\" owner=\"132051449@N06\" secret=\"cd6df33b79\" server=\"8651\"
      farm=\"9\" title=\"Tbilisi, Georgia\" ispublic=\"1\" isfriend=\"0\" isfamily=\"0\"
      license=\"0\" safety_level=\"0\" dateupload=\"1469813580\" datetaken=\"2016-07-11
      18:23:34\" datetakengranularity=\"0\" datetakenunknown=\"0\" ownername=\"Jeong
      Vin, Yoon\" realname=\"Jeong Vin Yoon\" originalsecret=\"3b9c27db1c\" originalformat=\"jpg\"
      media=\"photo\" media_status=\"ready\" url_sq=\"https://live.staticflickr.com/8651/28270106995_cd6df33b79_s.jpg\"
      height_sq=\"75\" width_sq=\"75\" url_t=\"https://live.staticflickr.com/8651/28270106995_cd6df33b79_t.jpg\"
      height_t=\"66\" width_t=\"100\" url_s=\"https://live.staticflickr.com/8651/28270106995_cd6df33b79_m.jpg\"
      height_s=\"159\" width_s=\"240\" url_m=\"https://live.staticflickr.com/8651/28270106995_cd6df33b79.jpg\"
      height_m=\"331\" width_m=\"500\" url_o=\"https://live.staticflickr.com/8651/28270106995_3b9c27db1c_o.jpg\"
      height_o=\"3264\" width_o=\"4928\" url_q=\"https://live.staticflickr.com/8651/28270106995_cd6df33b79_q.jpg\"
      height_q=\"150\" width_q=\"150\" url_l=\"https://live.staticflickr.com/8651/28270106995_cd6df33b79_b.jpg\"
      height_l=\"678\" width_l=\"1024\">\n\t\t<description />\n\t</photo>\n\t<photo
      id=\"27489696136\" owner=\"132051449@N06\" secret=\"42da40d607\" server=\"7427\"
      farm=\"8\" title=\"Meiktila, Myanmar\" ispublic=\"1\" isfriend=\"0\" isfamily=\"0\"
      license=\"0\" safety_level=\"0\" dateupload=\"1469119680\" datetaken=\"2016-05-29
      08:44:55\" datetakengranularity=\"0\" datetakenunknown=\"0\" ownername=\"Jeong
      Vin, Yoon\" realname=\"Jeong Vin Yoon\" originalsecret=\"8cc79d8e7f\" originalformat=\"jpg\"
      media=\"photo\" media_status=\"ready\" url_sq=\"https://live.staticflickr.com/7427/27489696136_42da40d607_s.jpg\"
      height_sq=\"75\" width_sq=\"75\" url_t=\"https://live.staticflickr.com/7427/27489696136_42da40d607_t.jpg\"
      height_t=\"66\" width_t=\"100\" url_s=\"https://live.staticflickr.com/7427/27489696136_42da40d607_m.jpg\"
      height_s=\"159\" width_s=\"240\" url_m=\"https://live.staticflickr.com/7427/27489696136_42da40d607.jpg\"
      height_m=\"331\" width_m=\"500\" url_o=\"https://live.staticflickr.com/7427/27489696136_8cc79d8e7f_o.jpg\"
      height_o=\"3264\" width_o=\"4928\" url_q=\"https://live.staticflickr.com/7427/27489696136_42da40d607_q.jpg\"
      height_q=\"150\" width_q=\"150\" url_l=\"https://live.staticflickr.com/7427/27489696136_42da40d607_b.jpg\"
      height_l=\"678\" width_l=\"1024\">\n\t\t<description />\n\t</photo>\n\t<photo
      id=\"26914892294\" owner=\"132051449@N06\" secret=\"d5da1962dc\" server=\"7393\"
      farm=\"8\" title=\"Bagan\" ispublic=\"1\" isfriend=\"0\" isfamily=\"0\" license=\"0\"
      safety_level=\"0\" dateupload=\"1469032313\" datetaken=\"2016-05-28 17:11:08\"
      datetakengranularity=\"0\" datetakenunknown=\"0\" ownername=\"Jeong Vin, Yoon\"
      realname=\"Jeong Vin Yoon\" originalsecret=\"f4c3bac752\" originalformat=\"jpg\"
      media=\"photo\" media_status=\"ready\" url_sq=\"https://live.staticflickr.com/7393/26914892294_d5da1962dc_s.jpg\"
      height_sq=\"75\" width_sq=\"75\" url_t=\"https://live.staticflickr.com/7393/26914892294_d5da1962dc_t.jpg\"
      height_t=\"67\" width_t=\"100\" url_s=\"https://live.staticflickr.com/7393/26914892294_d5da1962dc_m.jpg\"
      height_s=\"160\" width_s=\"240\" url_m=\"https://live.staticflickr.com/7393/26914892294_d5da1962dc.jpg\"
      height_m=\"333\" width_m=\"500\" url_o=\"https://live.staticflickr.com/7393/26914892294_f4c3bac752_o.jpg\"
      height_o=\"3919\" width_o=\"5878\" url_q=\"https://live.staticflickr.com/7393/26914892294_d5da1962dc_q.jpg\"
      height_q=\"150\" width_q=\"150\" url_l=\"https://live.staticflickr.com/7393/26914892294_d5da1962dc_b.jpg\"
      height_l=\"683\" width_l=\"1024\">\n\t\t<description />\n\t</photo>\n\t<photo
      id=\"27425335532\" owner=\"132051449@N06\" secret=\"a38a952548\" server=\"7780\"
      farm=\"8\" title=\"Inle lake, Myanmar\" ispublic=\"1\" isfriend=\"0\" isfamily=\"0\"
      license=\"0\" safety_level=\"0\" dateupload=\"1468068240\" datetaken=\"2016-06-01
      19:28:09\" datetakengranularity=\"0\" datetakenunknown=\"0\" ownername=\"Jeong
      Vin, Yoon\" realname=\"Jeong Vin Yoon\" originalsecret=\"1fa86830eb\" originalformat=\"jpg\"
      media=\"photo\" media_status=\"ready\" url_sq=\"https://live.staticflickr.com/7780/27425335532_a38a952548_s.jpg\"
      height_sq=\"75\" width_sq=\"75\" url_t=\"https://live.staticflickr.com/7780/27425335532_a38a952548_t.jpg\"
      height_t=\"67\" width_t=\"100\" url_s=\"https://live.staticflickr.com/7780/27425335532_a38a952548_m.jpg\"
      height_s=\"160\" width_s=\"240\" url_m=\"https://live.staticflickr.com/7780/27425335532_a38a952548.jpg\"
      height_m=\"333\" width_m=\"500\" url_o=\"https://live.staticflickr.com/7780/27425335532_1fa86830eb_o.jpg\"
      height_o=\"4000\" width_o=\"6000\" url_q=\"https://live.staticflickr.com/7780/27425335532_a38a952548_q.jpg\"
      height_q=\"150\" width_q=\"150\" url_l=\"https://live.staticflickr.com/7780/27425335532_a38a952548_b.jpg\"
      height_l=\"683\" width_l=\"1024\">\n\t\t<description />\n\t</photo>\n\t<photo
      id=\"27529006432\" owner=\"132051449@N06\" secret=\"4c2fcca62b\" server=\"7419\"
      farm=\"8\" title=\"Yangon, Myanmar\" ispublic=\"1\" isfriend=\"0\" isfamily=\"0\"
      license=\"0\" safety_level=\"0\" dateupload=\"1467898800\" datetaken=\"2016-06-06
      20:32:32\" datetakengranularity=\"0\" datetakenunknown=\"0\" ownername=\"Jeong
      Vin, Yoon\" realname=\"Jeong Vin Yoon\" originalsecret=\"495fa7ce0a\" originalformat=\"jpg\"
      media=\"photo\" media_status=\"ready\" url_sq=\"https://live.staticflickr.com/7419/27529006432_4c2fcca62b_s.jpg\"
      height_sq=\"75\" width_sq=\"75\" url_t=\"https://live.staticflickr.com/7419/27529006432_4c2fcca62b_t.jpg\"
      height_t=\"100\" width_t=\"67\" url_s=\"https://live.staticflickr.com/7419/27529006432_4c2fcca62b_m.jpg\"
      height_s=\"240\" width_s=\"160\" url_m=\"https://live.staticflickr.com/7419/27529006432_4c2fcca62b.jpg\"
      height_m=\"500\" width_m=\"333\" url_o=\"https://live.staticflickr.com/7419/27529006432_495fa7ce0a_o.jpg\"
      height_o=\"6000\" width_o=\"4000\" url_q=\"https://live.staticflickr.com/7419/27529006432_4c2fcca62b_q.jpg\"
      height_q=\"150\" width_q=\"150\" url_l=\"https://live.staticflickr.com/7419/27529006432_4c2fcca62b_b.jpg\"
      height_l=\"1024\" width_l=\"683\">\n\t\t<description />\n\t</photo>\n\t<photo
      id=\"27489224696\" owner=\"132051449@N06\" secret=\"d90e471327\" server=\"7494\"
      farm=\"8\" title=\"Kalaw, Myanmar\" ispublic=\"1\" isfriend=\"0\" isfamily=\"0\"
      license=\"0\" safety_level=\"0\" dateupload=\"1467808320\" datetaken=\"2016-05-31
      12:19:12\" datetakengranularity=\"0\" datetakenunknown=\"0\" ownername=\"Jeong
      Vin, Yoon\" realname=\"Jeong Vin Yoon\" originalsecret=\"4d89166fc5\" originalformat=\"jpg\"
      media=\"photo\" media_status=\"ready\" url_sq=\"https://live.staticflickr.com/7494/27489224696_d90e471327_s.jpg\"
      height_sq=\"75\" width_sq=\"75\" url_t=\"https://live.staticflickr.com/7494/27489224696_d90e471327_t.jpg\"
      height_t=\"67\" width_t=\"100\" url_s=\"https://live.staticflickr.com/7494/27489224696_d90e471327_m.jpg\"
      height_s=\"160\" width_s=\"240\" url_m=\"https://live.staticflickr.com/7494/27489224696_d90e471327.jpg\"
      height_m=\"333\" width_m=\"500\" url_o=\"https://live.staticflickr.com/7494/27489224696_4d89166fc5_o.jpg\"
      height_o=\"4000\" width_o=\"6000\" url_q=\"https://live.staticflickr.com/7494/27489224696_d90e471327_q.jpg\"
      height_q=\"150\" width_q=\"150\" url_l=\"https://live.staticflickr.com/7494/27489224696_d90e471327_b.jpg\"
      height_l=\"683\" width_l=\"1024\">\n\t\t<description />\n\t</photo>\n\t<photo
      id=\"27555256541\" owner=\"132051449@N06\" secret=\"0601488506\" server=\"7388\"
      farm=\"8\" title=\"Yangon, Myanmar\" ispublic=\"1\" isfriend=\"0\" isfamily=\"0\"
      license=\"0\" safety_level=\"0\" dateupload=\"1467286902\" datetaken=\"2016-06-06
      21:09:37\" datetakengranularity=\"0\" datetakenunknown=\"0\" ownername=\"Jeong
      Vin, Yoon\" realname=\"Jeong Vin Yoon\" originalsecret=\"df986c5585\" originalformat=\"jpg\"
      media=\"photo\" media_status=\"ready\" url_sq=\"https://live.staticflickr.com/7388/27555256541_0601488506_s.jpg\"
      height_sq=\"75\" width_sq=\"75\" url_t=\"https://live.staticflickr.com/7388/27555256541_0601488506_t.jpg\"
      height_t=\"67\" width_t=\"100\" url_s=\"https://live.staticflickr.com/7388/27555256541_0601488506_m.jpg\"
      height_s=\"160\" width_s=\"240\" url_m=\"https://live.staticflickr.com/7388/27555256541_0601488506.jpg\"
      height_m=\"333\" width_m=\"500\" url_o=\"https://live.staticflickr.com/7388/27555256541_df986c5585_o.jpg\"
      height_o=\"4000\" width_o=\"6000\" url_q=\"https://live.staticflickr.com/7388/27555256541_0601488506_q.jpg\"
      height_q=\"150\" width_q=\"150\" url_l=\"https://live.staticflickr.com/7388/27555256541_0601488506_b.jpg\"
      height_l=\"683\" width_l=\"1024\">\n\t\t<description />\n\t</photo>\n\t<photo
      id=\"27246190436\" owner=\"132051449@N06\" secret=\"93ca74a31a\" server=\"7436\"
      farm=\"8\" title=\"Yangon, Myanmar\" ispublic=\"1\" isfriend=\"0\" isfamily=\"0\"
      license=\"0\" safety_level=\"0\" dateupload=\"1467031620\" datetaken=\"2016-05-18
      10:26:57\" datetakengranularity=\"0\" datetakenunknown=\"0\" ownername=\"Jeong
      Vin, Yoon\" realname=\"Jeong Vin Yoon\" originalsecret=\"de80d792b2\" originalformat=\"jpg\"
      media=\"photo\" media_status=\"ready\" url_sq=\"https://live.staticflickr.com/7436/27246190436_93ca74a31a_s.jpg\"
      height_sq=\"75\" width_sq=\"75\" url_t=\"https://live.staticflickr.com/7436/27246190436_93ca74a31a_t.jpg\"
      height_t=\"66\" width_t=\"100\" url_s=\"https://live.staticflickr.com/7436/27246190436_93ca74a31a_m.jpg\"
      height_s=\"159\" width_s=\"240\" url_m=\"https://live.staticflickr.com/7436/27246190436_93ca74a31a.jpg\"
      height_m=\"331\" width_m=\"500\" url_o=\"https://live.staticflickr.com/7436/27246190436_de80d792b2_o.jpg\"
      height_o=\"3264\" width_o=\"4928\" url_q=\"https://live.staticflickr.com/7436/27246190436_93ca74a31a_q.jpg\"
      height_q=\"150\" width_q=\"150\" url_l=\"https://live.staticflickr.com/7436/27246190436_93ca74a31a_b.jpg\"
      height_l=\"678\" width_l=\"1024\">\n\t\t<description />\n\t</photo>\n\t<photo
      id=\"27425321042\" owner=\"132051449@N06\" secret=\"253bc7c955\" server=\"7331\"
      farm=\"8\" title=\"inle lake, Myanmar\" ispublic=\"1\" isfriend=\"0\" isfamily=\"0\"
      license=\"0\" safety_level=\"0\" dateupload=\"1466954088\" datetaken=\"2016-06-01
      18:59:45\" datetakengranularity=\"0\" datetakenunknown=\"0\" ownername=\"Jeong
      Vin, Yoon\" realname=\"Jeong Vin Yoon\" originalsecret=\"b75cb1009f\" originalformat=\"jpg\"
      media=\"photo\" media_status=\"ready\" url_sq=\"https://live.staticflickr.com/7331/27425321042_253bc7c955_s.jpg\"
      height_sq=\"75\" width_sq=\"75\" url_t=\"https://live.staticflickr.com/7331/27425321042_253bc7c955_t.jpg\"
      height_t=\"67\" width_t=\"100\" url_s=\"https://live.staticflickr.com/7331/27425321042_253bc7c955_m.jpg\"
      height_s=\"160\" width_s=\"240\" url_m=\"https://live.staticflickr.com/7331/27425321042_253bc7c955.jpg\"
      height_m=\"333\" width_m=\"500\" url_o=\"https://live.staticflickr.com/7331/27425321042_b75cb1009f_o.jpg\"
      height_o=\"4000\" width_o=\"6000\" url_q=\"https://live.staticflickr.com/7331/27425321042_253bc7c955_q.jpg\"
      height_q=\"150\" width_q=\"150\" url_l=\"https://live.staticflickr.com/7331/27425321042_253bc7c955_b.jpg\"
      height_l=\"683\" width_l=\"1024\">\n\t\t<description />\n\t</photo>\n\t<photo
      id=\"27489766816\" owner=\"132051449@N06\" secret=\"5576d481c7\" server=\"7374\"
      farm=\"8\" title=\"inle lake, Myanmar\" ispublic=\"1\" isfriend=\"0\" isfamily=\"0\"
      license=\"0\" safety_level=\"0\" dateupload=\"1466850720\" datetaken=\"2016-06-01
      12:26:44\" datetakengranularity=\"0\" datetakenunknown=\"0\" ownername=\"Jeong
      Vin, Yoon\" realname=\"Jeong Vin Yoon\" originalsecret=\"d752ded81c\" originalformat=\"jpg\"
      media=\"photo\" media_status=\"ready\" url_sq=\"https://live.staticflickr.com/7374/27489766816_5576d481c7_s.jpg\"
      height_sq=\"75\" width_sq=\"75\" url_t=\"https://live.staticflickr.com/7374/27489766816_5576d481c7_t.jpg\"
      height_t=\"66\" width_t=\"100\" url_s=\"https://live.staticflickr.com/7374/27489766816_5576d481c7_m.jpg\"
      height_s=\"159\" width_s=\"240\" url_m=\"https://live.staticflickr.com/7374/27489766816_5576d481c7.jpg\"
      height_m=\"331\" width_m=\"500\" url_o=\"https://live.staticflickr.com/7374/27489766816_d752ded81c_o.jpg\"
      height_o=\"3264\" width_o=\"4928\" url_q=\"https://live.staticflickr.com/7374/27489766816_5576d481c7_q.jpg\"
      height_q=\"150\" width_q=\"150\" url_l=\"https://live.staticflickr.com/7374/27489766816_5576d481c7_b.jpg\"
      height_l=\"678\" width_l=\"1024\">\n\t\t<description />\n\t</photo>\n\t<photo
      id=\"26916104173\" owner=\"132051449@N06\" secret=\"e7ae9263f3\" server=\"7452\"
      farm=\"8\" title=\"inle lake, Myanmar\" ispublic=\"1\" isfriend=\"0\" isfamily=\"0\"
      license=\"0\" safety_level=\"0\" dateupload=\"1466591517\" datetaken=\"2016-06-01
      11:54:06\" datetakengranularity=\"0\" datetakenunknown=\"0\" ownername=\"Jeong
      Vin, Yoon\" realname=\"Jeong Vin Yoon\" originalsecret=\"b467a7d4d8\" originalformat=\"jpg\"
      media=\"photo\" media_status=\"ready\" url_sq=\"https://live.staticflickr.com/7452/26916104173_e7ae9263f3_s.jpg\"
      height_sq=\"75\" width_sq=\"75\" url_t=\"https://live.staticflickr.com/7452/26916104173_e7ae9263f3_t.jpg\"
      height_t=\"66\" width_t=\"100\" url_s=\"https://live.staticflickr.com/7452/26916104173_e7ae9263f3_m.jpg\"
      height_s=\"159\" width_s=\"240\" url_m=\"https://live.staticflickr.com/7452/26916104173_e7ae9263f3.jpg\"
      height_m=\"331\" width_m=\"500\" url_o=\"https://live.staticflickr.com/7452/26916104173_b467a7d4d8_o.jpg\"
      height_o=\"3264\" width_o=\"4928\" url_q=\"https://live.staticflickr.com/7452/26916104173_e7ae9263f3_q.jpg\"
      height_q=\"150\" width_q=\"150\" url_l=\"https://live.staticflickr.com/7452/26916104173_e7ae9263f3_b.jpg\"
      height_l=\"678\" width_l=\"1024\">\n\t\t<description />\n\t</photo>\n\t<photo
      id=\"27401794156\" owner=\"132051449@N06\" secret=\"8df182ca5d\" server=\"7769\"
      farm=\"8\" title=\"Bagan, Myanmar\" ispublic=\"1\" isfriend=\"0\" isfamily=\"0\"
      license=\"0\" safety_level=\"0\" dateupload=\"1466226690\" datetaken=\"2016-05-27
      18:37:26\" datetakengranularity=\"0\" datetakenunknown=\"0\" ownername=\"Jeong
      Vin, Yoon\" realname=\"Jeong Vin Yoon\" originalsecret=\"e4b5841552\" originalformat=\"jpg\"
      media=\"photo\" media_status=\"ready\" url_sq=\"https://live.staticflickr.com/7769/27401794156_8df182ca5d_s.jpg\"
      height_sq=\"75\" width_sq=\"75\" url_t=\"https://live.staticflickr.com/7769/27401794156_8df182ca5d_t.jpg\"
      height_t=\"67\" width_t=\"100\" url_s=\"https://live.staticflickr.com/7769/27401794156_8df182ca5d_m.jpg\"
      height_s=\"160\" width_s=\"240\" url_m=\"https://live.staticflickr.com/7769/27401794156_8df182ca5d.jpg\"
      height_m=\"333\" width_m=\"500\" url_o=\"https://live.staticflickr.com/7769/27401794156_e4b5841552_o.jpg\"
      height_o=\"4000\" width_o=\"6000\" url_q=\"https://live.staticflickr.com/7769/27401794156_8df182ca5d_q.jpg\"
      height_q=\"150\" width_q=\"150\" url_l=\"https://live.staticflickr.com/7769/27401794156_8df182ca5d_b.jpg\"
      height_l=\"683\" width_l=\"1024\">\n\t\t<description />\n\t</photo>\n\t<photo
      id=\"27451758221\" owner=\"132051449@N06\" secret=\"ae434239dc\" server=\"7068\"
      farm=\"8\" title=\"kalaw, myanmar\" ispublic=\"1\" isfriend=\"0\" isfamily=\"0\"
      license=\"0\" safety_level=\"0\" dateupload=\"1466069233\" datetaken=\"2016-06-01
      11:56:29\" datetakengranularity=\"0\" datetakenunknown=\"0\" ownername=\"Jeong
      Vin, Yoon\" realname=\"Jeong Vin Yoon\" originalsecret=\"0097e70d94\" originalformat=\"jpg\"
      media=\"photo\" media_status=\"ready\" url_sq=\"https://live.staticflickr.com/7068/27451758221_ae434239dc_s.jpg\"
      height_sq=\"75\" width_sq=\"75\" url_t=\"https://live.staticflickr.com/7068/27451758221_ae434239dc_t.jpg\"
      height_t=\"67\" width_t=\"100\" url_s=\"https://live.staticflickr.com/7068/27451758221_ae434239dc_m.jpg\"
      height_s=\"160\" width_s=\"240\" url_m=\"https://live.staticflickr.com/7068/27451758221_ae434239dc.jpg\"
      height_m=\"333\" width_m=\"500\" url_o=\"https://live.staticflickr.com/7068/27451758221_0097e70d94_o.jpg\"
      height_o=\"4000\" width_o=\"6000\" url_q=\"https://live.staticflickr.com/7068/27451758221_ae434239dc_q.jpg\"
      height_q=\"150\" width_q=\"150\" url_l=\"https://live.staticflickr.com/7068/27451758221_ae434239dc_b.jpg\"
      height_l=\"683\" width_l=\"1024\">\n\t\t<description />\n\t</photo>\n\t<photo
      id=\"27567301316\" owner=\"132051449@N06\" secret=\"56862e4b60\" server=\"7396\"
      farm=\"8\" title=\"Meiktila, Myanmar\" ispublic=\"1\" isfriend=\"0\" isfamily=\"0\"
      license=\"0\" safety_level=\"0\" dateupload=\"1465831662\" datetaken=\"2016-05-29
      08:08:57\" datetakengranularity=\"0\" datetakenunknown=\"0\" ownername=\"Jeong
      Vin, Yoon\" realname=\"Jeong Vin Yoon\" originalsecret=\"d3e40e739d\" originalformat=\"jpg\"
      media=\"photo\" media_status=\"ready\" url_sq=\"https://live.staticflickr.com/7396/27567301316_56862e4b60_s.jpg\"
      height_sq=\"75\" width_sq=\"75\" url_t=\"https://live.staticflickr.com/7396/27567301316_56862e4b60_t.jpg\"
      height_t=\"66\" width_t=\"100\" url_s=\"https://live.staticflickr.com/7396/27567301316_56862e4b60_m.jpg\"
      height_s=\"159\" width_s=\"240\" url_m=\"https://live.staticflickr.com/7396/27567301316_56862e4b60.jpg\"
      height_m=\"331\" width_m=\"500\" url_o=\"https://live.staticflickr.com/7396/27567301316_d3e40e739d_o.jpg\"
      height_o=\"3264\" width_o=\"4928\" url_q=\"https://live.staticflickr.com/7396/27567301316_56862e4b60_q.jpg\"
      height_q=\"150\" width_q=\"150\" url_l=\"https://live.staticflickr.com/7396/27567301316_56862e4b60_b.jpg\"
      height_l=\"678\" width_l=\"1024\">\n\t\t<description />\n\t</photo>\n\t<photo
      id=\"26915472463\" owner=\"132051449@N06\" secret=\"dbe77a82c2\" server=\"7378\"
      farm=\"8\" title=\"kalaw, Myanmar\" ispublic=\"1\" isfriend=\"0\" isfamily=\"0\"
      license=\"0\" safety_level=\"0\" dateupload=\"1465740359\" datetaken=\"2016-05-30
      20:42:13\" datetakengranularity=\"0\" datetakenunknown=\"0\" ownername=\"Jeong
      Vin, Yoon\" realname=\"Jeong Vin Yoon\" originalsecret=\"8a114fd106\" originalformat=\"jpg\"
      media=\"photo\" media_status=\"ready\" url_sq=\"https://live.staticflickr.com/7378/26915472463_dbe77a82c2_s.jpg\"
      height_sq=\"75\" width_sq=\"75\" url_t=\"https://live.staticflickr.com/7378/26915472463_dbe77a82c2_t.jpg\"
      height_t=\"67\" width_t=\"100\" url_s=\"https://live.staticflickr.com/7378/26915472463_dbe77a82c2_m.jpg\"
      height_s=\"160\" width_s=\"240\" url_m=\"https://live.staticflickr.com/7378/26915472463_dbe77a82c2.jpg\"
      height_m=\"333\" width_m=\"500\" url_o=\"https://live.staticflickr.com/7378/26915472463_8a114fd106_o.jpg\"
      height_o=\"4000\" width_o=\"6000\" url_q=\"https://live.staticflickr.com/7378/26915472463_dbe77a82c2_q.jpg\"
      height_q=\"150\" width_q=\"150\" url_l=\"https://live.staticflickr.com/7378/26915472463_dbe77a82c2_b.jpg\"
      height_l=\"683\" width_l=\"1024\">\n\t\t<description />\n\t</photo>\n\t<photo
      id=\"27247212860\" owner=\"132051449@N06\" secret=\"5f1006365b\" server=\"7213\"
      farm=\"8\" title=\"Kalaw, Myanmar\" ispublic=\"1\" isfriend=\"0\" isfamily=\"0\"
      license=\"0\" safety_level=\"0\" dateupload=\"1465647010\" datetaken=\"2016-05-30
      21:40:45\" datetakengranularity=\"0\" datetakenunknown=\"0\" ownername=\"Jeong
      Vin, Yoon\" realname=\"Jeong Vin Yoon\" originalsecret=\"8d7e5e0bb6\" originalformat=\"jpg\"
      media=\"photo\" media_status=\"ready\" url_sq=\"https://live.staticflickr.com/7213/27247212860_5f1006365b_s.jpg\"
      height_sq=\"75\" width_sq=\"75\" url_t=\"https://live.staticflickr.com/7213/27247212860_5f1006365b_t.jpg\"
      height_t=\"67\" width_t=\"100\" url_s=\"https://live.staticflickr.com/7213/27247212860_5f1006365b_m.jpg\"
      height_s=\"160\" width_s=\"240\" url_m=\"https://live.staticflickr.com/7213/27247212860_5f1006365b.jpg\"
      height_m=\"333\" width_m=\"500\" url_o=\"https://live.staticflickr.com/7213/27247212860_8d7e5e0bb6_o.jpg\"
      height_o=\"4000\" width_o=\"6000\" url_q=\"https://live.staticflickr.com/7213/27247212860_5f1006365b_q.jpg\"
      height_q=\"150\" width_q=\"150\" url_l=\"https://live.staticflickr.com/7213/27247212860_5f1006365b_b.jpg\"
      height_l=\"683\" width_l=\"1024\">\n\t\t<description />\n\t</photo>\n\t<photo
      id=\"26916020163\" owner=\"132051449@N06\" secret=\"cd611656fb\" server=\"7470\"
      farm=\"8\" title=\"Meiktila, Myanmar\" ispublic=\"1\" isfriend=\"0\" isfamily=\"0\"
      license=\"0\" safety_level=\"0\" dateupload=\"1465495994\" datetaken=\"2016-05-29
      08:43:12\" datetakengranularity=\"0\" datetakenunknown=\"0\" ownername=\"Jeong
      Vin, Yoon\" realname=\"Jeong Vin Yoon\" originalsecret=\"0217dff8f6\" originalformat=\"jpg\"
      media=\"photo\" media_status=\"ready\" url_sq=\"https://live.staticflickr.com/7470/26916020163_cd611656fb_s.jpg\"
      height_sq=\"75\" width_sq=\"75\" url_t=\"https://live.staticflickr.com/7470/26916020163_cd611656fb_t.jpg\"
      height_t=\"66\" width_t=\"100\" url_s=\"https://live.staticflickr.com/7470/26916020163_cd611656fb_m.jpg\"
      height_s=\"159\" width_s=\"240\" url_m=\"https://live.staticflickr.com/7470/26916020163_cd611656fb.jpg\"
      height_m=\"331\" width_m=\"500\" url_o=\"https://live.staticflickr.com/7470/26916020163_0217dff8f6_o.jpg\"
      height_o=\"3264\" width_o=\"4928\" url_q=\"https://live.staticflickr.com/7470/26916020163_cd611656fb_q.jpg\"
      height_q=\"150\" width_q=\"150\" url_l=\"https://live.staticflickr.com/7470/26916020163_cd611656fb_b.jpg\"
      height_l=\"678\" width_l=\"1024\">\n\t\t<description />\n\t</photo>\n\t<photo
      id=\"26904502223\" owner=\"132051449@N06\" secret=\"3a18f98ecc\" server=\"7192\"
      farm=\"8\" title=\"Hong Kong\" ispublic=\"1\" isfriend=\"0\" isfamily=\"0\"
      license=\"0\" safety_level=\"0\" dateupload=\"1465264567\" datetaken=\"2016-06-06
      18:56:07\" datetakengranularity=\"0\" datetakenunknown=\"1\" ownername=\"Jeong
      Vin, Yoon\" realname=\"Jeong Vin Yoon\" originalsecret=\"0f1e402475\" originalformat=\"jpg\"
      media=\"photo\" media_status=\"ready\" url_sq=\"https://live.staticflickr.com/7192/26904502223_3a18f98ecc_s.jpg\"
      height_sq=\"75\" width_sq=\"75\" url_t=\"https://live.staticflickr.com/7192/26904502223_3a18f98ecc_t.jpg\"
      height_t=\"100\" width_t=\"66\" url_s=\"https://live.staticflickr.com/7192/26904502223_3a18f98ecc_m.jpg\"
      height_s=\"240\" width_s=\"158\" url_m=\"https://live.staticflickr.com/7192/26904502223_3a18f98ecc.jpg\"
      height_m=\"500\" width_m=\"330\" url_o=\"https://live.staticflickr.com/7192/26904502223_0f1e402475_o.jpg\"
      height_o=\"3264\" width_o=\"2154\" url_q=\"https://live.staticflickr.com/7192/26904502223_3a18f98ecc_q.jpg\"
      height_q=\"150\" width_q=\"150\" url_l=\"https://live.staticflickr.com/7192/26904502223_3a18f98ecc_b.jpg\"
      height_l=\"1024\" width_l=\"676\">\n\t\t<description />\n\t</photo>\n\t<photo
      id=\"27381362431\" owner=\"132051449@N06\" secret=\"c456982701\" server=\"7322\"
      farm=\"8\" title=\"Bagan, Myanmar\" ispublic=\"1\" isfriend=\"0\" isfamily=\"0\"
      license=\"0\" safety_level=\"0\" dateupload=\"1465038256\" datetaken=\"2016-06-04
      04:04:16\" datetakengranularity=\"0\" datetakenunknown=\"1\" ownername=\"Jeong
      Vin, Yoon\" realname=\"Jeong Vin Yoon\" originalsecret=\"85a689bfc5\" originalformat=\"jpg\"
      media=\"photo\" media_status=\"ready\" url_sq=\"https://live.staticflickr.com/7322/27381362431_c456982701_s.jpg\"
      height_sq=\"75\" width_sq=\"75\" url_t=\"https://live.staticflickr.com/7322/27381362431_c456982701_t.jpg\"
      height_t=\"67\" width_t=\"100\" url_s=\"https://live.staticflickr.com/7322/27381362431_c456982701_m.jpg\"
      height_s=\"160\" width_s=\"240\" url_m=\"https://live.staticflickr.com/7322/27381362431_c456982701.jpg\"
      height_m=\"333\" width_m=\"500\" url_o=\"https://live.staticflickr.com/7322/27381362431_85a689bfc5_o.jpg\"
      height_o=\"2176\" width_o=\"3264\" url_q=\"https://live.staticflickr.com/7322/27381362431_c456982701_q.jpg\"
      height_q=\"150\" width_q=\"150\" url_l=\"https://live.staticflickr.com/7322/27381362431_c456982701_b.jpg\"
      height_l=\"683\" width_l=\"1024\">\n\t\t<description />\n\t</photo>\n\t<photo
      id=\"26802355554\" owner=\"132051449@N06\" secret=\"2cd548255d\" server=\"7399\"
      farm=\"8\" title=\"Mandalay, Myanmar\" ispublic=\"1\" isfriend=\"0\" isfamily=\"0\"
      license=\"0\" safety_level=\"0\" dateupload=\"1464847995\" datetaken=\"2016-06-01
      23:13:15\" datetakengranularity=\"0\" datetakenunknown=\"1\" ownername=\"Jeong
      Vin, Yoon\" realname=\"Jeong Vin Yoon\" originalsecret=\"e2906d165a\" originalformat=\"jpg\"
      media=\"photo\" media_status=\"ready\" url_sq=\"https://live.staticflickr.com/7399/26802355554_2cd548255d_s.jpg\"
      height_sq=\"75\" width_sq=\"75\" url_t=\"https://live.staticflickr.com/7399/26802355554_2cd548255d_t.jpg\"
      height_t=\"66\" width_t=\"100\" url_s=\"https://live.staticflickr.com/7399/26802355554_2cd548255d_m.jpg\"
      height_s=\"159\" width_s=\"240\" url_m=\"https://live.staticflickr.com/7399/26802355554_2cd548255d.jpg\"
      height_m=\"331\" width_m=\"500\" url_o=\"https://live.staticflickr.com/7399/26802355554_e2906d165a_o.jpg\"
      height_o=\"2161\" width_o=\"3264\" url_q=\"https://live.staticflickr.com/7399/26802355554_2cd548255d_q.jpg\"
      height_q=\"150\" width_q=\"150\" url_l=\"https://live.staticflickr.com/7399/26802355554_2cd548255d_b.jpg\"
      height_l=\"678\" width_l=\"1024\">\n\t\t<description />\n\t</photo>\n\t<photo
      id=\"27297648756\" owner=\"132051449@N06\" secret=\"bf6017b542\" server=\"7361\"
      farm=\"8\" title=\"Mandalay, Myanmar\" ispublic=\"1\" isfriend=\"0\" isfamily=\"0\"
      license=\"0\" safety_level=\"0\" dateupload=\"1464541279\" datetaken=\"2016-05-29
      10:01:19\" datetakengranularity=\"0\" datetakenunknown=\"1\" ownername=\"Jeong
      Vin, Yoon\" realname=\"Jeong Vin Yoon\" originalsecret=\"7c2557b462\" originalformat=\"jpg\"
      media=\"photo\" media_status=\"ready\" url_sq=\"https://live.staticflickr.com/7361/27297648756_bf6017b542_s.jpg\"
      height_sq=\"75\" width_sq=\"75\" url_t=\"https://live.staticflickr.com/7361/27297648756_bf6017b542_t.jpg\"
      height_t=\"67\" width_t=\"100\" url_s=\"https://live.staticflickr.com/7361/27297648756_bf6017b542_m.jpg\"
      height_s=\"160\" width_s=\"240\" url_m=\"https://live.staticflickr.com/7361/27297648756_bf6017b542.jpg\"
      height_m=\"333\" width_m=\"500\" url_o=\"https://live.staticflickr.com/7361/27297648756_7c2557b462_o.jpg\"
      height_o=\"2176\" width_o=\"3264\" url_q=\"https://live.staticflickr.com/7361/27297648756_bf6017b542_q.jpg\"
      height_q=\"150\" width_q=\"150\" url_l=\"https://live.staticflickr.com/7361/27297648756_bf6017b542_b.jpg\"
      height_l=\"683\" width_l=\"1024\">\n\t\t<description />\n\t</photo>\n\t<photo
      id=\"26672933734\" owner=\"132051449@N06\" secret=\"ffa0df756a\" server=\"7360\"
      farm=\"8\" title=\"Yangon, Myanmar\" ispublic=\"1\" isfriend=\"0\" isfamily=\"0\"
      license=\"0\" safety_level=\"0\" dateupload=\"1464331854\" datetaken=\"2016-05-18
      10:58:12\" datetakengranularity=\"0\" datetakenunknown=\"0\" ownername=\"Jeong
      Vin, Yoon\" realname=\"Jeong Vin Yoon\" originalsecret=\"664b51de53\" originalformat=\"jpg\"
      media=\"photo\" media_status=\"ready\" url_sq=\"https://live.staticflickr.com/7360/26672933734_ffa0df756a_s.jpg\"
      height_sq=\"75\" width_sq=\"75\" url_t=\"https://live.staticflickr.com/7360/26672933734_ffa0df756a_t.jpg\"
      height_t=\"67\" width_t=\"100\" url_s=\"https://live.staticflickr.com/7360/26672933734_ffa0df756a_m.jpg\"
      height_s=\"160\" width_s=\"240\" url_m=\"https://live.staticflickr.com/7360/26672933734_ffa0df756a.jpg\"
      height_m=\"334\" width_m=\"500\" url_o=\"https://live.staticflickr.com/7360/26672933734_664b51de53_o.jpg\"
      height_o=\"2832\" width_o=\"4240\" url_q=\"https://live.staticflickr.com/7360/26672933734_ffa0df756a_q.jpg\"
      height_q=\"150\" width_q=\"150\" url_l=\"https://live.staticflickr.com/7360/26672933734_ffa0df756a_b.jpg\"
      height_l=\"684\" width_l=\"1024\">\n\t\t<description />\n\t</photo>\n\t<photo
      id=\"26306023043\" owner=\"132051449@N06\" secret=\"dd91378e23\" server=\"7383\"
      farm=\"8\" title=\"FUJI0161\" ispublic=\"1\" isfriend=\"0\" isfamily=\"0\" license=\"0\"
      safety_level=\"0\" dateupload=\"1464096134\" datetaken=\"2016-05-08 18:29:09\"
      datetakengranularity=\"0\" datetakenunknown=\"0\" ownername=\"Jeong Vin, Yoon\"
      realname=\"Jeong Vin Yoon\" originalsecret=\"96a0cb37b4\" originalformat=\"jpg\"
      media=\"photo\" media_status=\"ready\" url_sq=\"https://live.staticflickr.com/7383/26306023043_dd91378e23_s.jpg\"
      height_sq=\"75\" width_sq=\"75\" url_t=\"https://live.staticflickr.com/7383/26306023043_dd91378e23_t.jpg\"
      height_t=\"67\" width_t=\"100\" url_s=\"https://live.staticflickr.com/7383/26306023043_dd91378e23_m.jpg\"
      height_s=\"160\" width_s=\"240\" url_m=\"https://live.staticflickr.com/7383/26306023043_dd91378e23.jpg\"
      height_m=\"333\" width_m=\"500\" url_o=\"https://live.staticflickr.com/7383/26306023043_96a0cb37b4_o.jpg\"
      height_o=\"3774\" width_o=\"5661\" url_q=\"https://live.staticflickr.com/7383/26306023043_dd91378e23_q.jpg\"
      height_q=\"150\" width_q=\"150\" url_l=\"https://live.staticflickr.com/7383/26306023043_dd91378e23_b.jpg\"
      height_l=\"683\" width_l=\"1024\">\n\t\t<description />\n\t</photo>\n\t<photo
      id=\"26910161535\" owner=\"132051449@N06\" secret=\"ab9c492360\" server=\"7449\"
      farm=\"8\" title=\"DSCF4729-2\" ispublic=\"1\" isfriend=\"0\" isfamily=\"0\"
      license=\"0\" safety_level=\"0\" dateupload=\"1462861525\" datetaken=\"2016-05-01
      19:22:59\" datetakengranularity=\"0\" datetakenunknown=\"0\" ownername=\"Jeong
      Vin, Yoon\" realname=\"Jeong Vin Yoon\" originalsecret=\"5651994b13\" originalformat=\"jpg\"
      media=\"photo\" media_status=\"ready\" url_sq=\"https://live.staticflickr.com/7449/26910161535_ab9c492360_s.jpg\"
      height_sq=\"75\" width_sq=\"75\" url_t=\"https://live.staticflickr.com/7449/26910161535_ab9c492360_t.jpg\"
      height_t=\"67\" width_t=\"100\" url_s=\"https://live.staticflickr.com/7449/26910161535_ab9c492360_m.jpg\"
      height_s=\"160\" width_s=\"240\" url_m=\"https://live.staticflickr.com/7449/26910161535_ab9c492360.jpg\"
      height_m=\"333\" width_m=\"500\" url_o=\"https://live.staticflickr.com/7449/26910161535_5651994b13_o.jpg\"
      height_o=\"3543\" width_o=\"5315\" url_q=\"https://live.staticflickr.com/7449/26910161535_ab9c492360_q.jpg\"
      height_q=\"150\" width_q=\"150\" url_l=\"https://live.staticflickr.com/7449/26910161535_ab9c492360_b.jpg\"
      height_l=\"683\" width_l=\"1024\">\n\t\t<description />\n\t</photo>\n\t<photo
      id=\"26244647173\" owner=\"132051449@N06\" secret=\"97ca4f2fa9\" server=\"7266\"
      farm=\"8\" title=\"Hogg kong\" ispublic=\"1\" isfriend=\"0\" isfamily=\"0\"
      license=\"0\" safety_level=\"0\" dateupload=\"1462534395\" datetaken=\"2016-05-06
      04:33:15\" datetakengranularity=\"0\" datetakenunknown=\"1\" ownername=\"Jeong
      Vin, Yoon\" realname=\"Jeong Vin Yoon\" originalsecret=\"1ee0fc0f07\" originalformat=\"jpg\"
      media=\"photo\" media_status=\"ready\" url_sq=\"https://live.staticflickr.com/7266/26244647173_97ca4f2fa9_s.jpg\"
      height_sq=\"75\" width_sq=\"75\" url_t=\"https://live.staticflickr.com/7266/26244647173_97ca4f2fa9_t.jpg\"
      height_t=\"66\" width_t=\"100\" url_s=\"https://live.staticflickr.com/7266/26244647173_97ca4f2fa9_m.jpg\"
      height_s=\"159\" width_s=\"240\" url_m=\"https://live.staticflickr.com/7266/26244647173_97ca4f2fa9.jpg\"
      height_m=\"331\" width_m=\"500\" url_o=\"https://live.staticflickr.com/7266/26244647173_1ee0fc0f07_o.jpg\"
      height_o=\"2161\" width_o=\"3264\" url_q=\"https://live.staticflickr.com/7266/26244647173_97ca4f2fa9_q.jpg\"
      height_q=\"150\" width_q=\"150\" url_l=\"https://live.staticflickr.com/7266/26244647173_97ca4f2fa9_b.jpg\"
      height_l=\"678\" width_l=\"1024\">\n\t\t<description />\n\t</photo>\n\t<photo
      id=\"26201626284\" owner=\"132051449@N06\" secret=\"bd0b9cd497\" server=\"7609\"
      farm=\"8\" title=\"Hong Kong\" ispublic=\"1\" isfriend=\"0\" isfamily=\"0\"
      license=\"0\" safety_level=\"0\" dateupload=\"1462343068\" datetaken=\"2016-05-03
      23:24:28\" datetakengranularity=\"0\" datetakenunknown=\"1\" ownername=\"Jeong
      Vin, Yoon\" realname=\"Jeong Vin Yoon\" originalsecret=\"e386d05427\" originalformat=\"jpg\"
      media=\"photo\" media_status=\"ready\" url_sq=\"https://live.staticflickr.com/7609/26201626284_bd0b9cd497_s.jpg\"
      height_sq=\"75\" width_sq=\"75\" url_t=\"https://live.staticflickr.com/7609/26201626284_bd0b9cd497_t.jpg\"
      height_t=\"67\" width_t=\"100\" url_s=\"https://live.staticflickr.com/7609/26201626284_bd0b9cd497_m.jpg\"
      height_s=\"160\" width_s=\"240\" url_m=\"https://live.staticflickr.com/7609/26201626284_bd0b9cd497.jpg\"
      height_m=\"333\" width_m=\"500\" url_o=\"https://live.staticflickr.com/7609/26201626284_e386d05427_o.jpg\"
      height_o=\"2176\" width_o=\"3264\" url_q=\"https://live.staticflickr.com/7609/26201626284_bd0b9cd497_q.jpg\"
      height_q=\"150\" width_q=\"150\" url_l=\"https://live.staticflickr.com/7609/26201626284_bd0b9cd497_b.jpg\"
      height_l=\"683\" width_l=\"1024\">\n\t\t<description />\n\t</photo>\n\t<photo
      id=\"26619210042\" owner=\"132051449@N06\" secret=\"058c907bd8\" server=\"1550\"
      farm=\"2\" title=\"Hong Kong\" ispublic=\"1\" isfriend=\"0\" isfamily=\"0\"
      license=\"0\" safety_level=\"0\" dateupload=\"1461940418\" datetaken=\"2016-04-29
      07:33:38\" datetakengranularity=\"0\" datetakenunknown=\"1\" ownername=\"Jeong
      Vin, Yoon\" realname=\"Jeong Vin Yoon\" originalsecret=\"c91e6af855\" originalformat=\"jpg\"
      media=\"photo\" media_status=\"ready\" url_sq=\"https://live.staticflickr.com/1550/26619210042_058c907bd8_s.jpg\"
      height_sq=\"75\" width_sq=\"75\" url_t=\"https://live.staticflickr.com/1550/26619210042_058c907bd8_t.jpg\"
      height_t=\"67\" width_t=\"100\" url_s=\"https://live.staticflickr.com/1550/26619210042_058c907bd8_m.jpg\"
      height_s=\"160\" width_s=\"240\" url_m=\"https://live.staticflickr.com/1550/26619210042_058c907bd8.jpg\"
      height_m=\"333\" width_m=\"500\" url_o=\"https://live.staticflickr.com/1550/26619210042_c91e6af855_o.jpg\"
      height_o=\"1023\" width_o=\"1536\" url_q=\"https://live.staticflickr.com/1550/26619210042_058c907bd8_q.jpg\"
      height_q=\"150\" width_q=\"150\" url_l=\"https://live.staticflickr.com/1550/26619210042_058c907bd8_b.jpg\"
      height_l=\"682\" width_l=\"1024\">\n\t\t<description />\n\t</photo>\n\t<photo
      id=\"26667270356\" owner=\"132051449@N06\" secret=\"c4b0ee5047\" server=\"1694\"
      farm=\"2\" title=\"Hong Kong\" ispublic=\"1\" isfriend=\"0\" isfamily=\"0\"
      license=\"0\" safety_level=\"0\" dateupload=\"1461850764\" datetaken=\"2016-04-28
      06:39:24\" datetakengranularity=\"0\" datetakenunknown=\"1\" ownername=\"Jeong
      Vin, Yoon\" realname=\"Jeong Vin Yoon\" originalsecret=\"b48a33e891\" originalformat=\"jpg\"
      media=\"photo\" media_status=\"ready\" url_sq=\"https://live.staticflickr.com/1694/26667270356_c4b0ee5047_s.jpg\"
      height_sq=\"75\" width_sq=\"75\" url_t=\"https://live.staticflickr.com/1694/26667270356_c4b0ee5047_t.jpg\"
      height_t=\"67\" width_t=\"100\" url_s=\"https://live.staticflickr.com/1694/26667270356_c4b0ee5047_m.jpg\"
      height_s=\"160\" width_s=\"240\" url_m=\"https://live.staticflickr.com/1694/26667270356_c4b0ee5047.jpg\"
      height_m=\"333\" width_m=\"500\" url_o=\"https://live.staticflickr.com/1694/26667270356_b48a33e891_o.jpg\"
      height_o=\"1023\" width_o=\"1536\" url_q=\"https://live.staticflickr.com/1694/26667270356_c4b0ee5047_q.jpg\"
      height_q=\"150\" width_q=\"150\" url_l=\"https://live.staticflickr.com/1694/26667270356_c4b0ee5047_b.jpg\"
      height_l=\"682\" width_l=\"1024\">\n\t\t<description />\n\t</photo>\n\t<photo
      id=\"26659073406\" owner=\"132051449@N06\" secret=\"f0c769a825\" server=\"1664\"
      farm=\"2\" title=\"Hong Kong\" ispublic=\"1\" isfriend=\"0\" isfamily=\"0\"
      license=\"0\" safety_level=\"0\" dateupload=\"1461807041\" datetaken=\"2016-04-27
      18:30:41\" datetakengranularity=\"0\" datetakenunknown=\"1\" ownername=\"Jeong
      Vin, Yoon\" realname=\"Jeong Vin Yoon\" originalsecret=\"eec44841d9\" originalformat=\"jpg\"
      media=\"photo\" media_status=\"ready\" url_sq=\"https://live.staticflickr.com/1664/26659073406_f0c769a825_s.jpg\"
      height_sq=\"75\" width_sq=\"75\" url_t=\"https://live.staticflickr.com/1664/26659073406_f0c769a825_t.jpg\"
      height_t=\"100\" width_t=\"67\" url_s=\"https://live.staticflickr.com/1664/26659073406_f0c769a825_m.jpg\"
      height_s=\"240\" width_s=\"160\" url_m=\"https://live.staticflickr.com/1664/26659073406_f0c769a825.jpg\"
      height_m=\"500\" width_m=\"333\" url_o=\"https://live.staticflickr.com/1664/26659073406_eec44841d9_o.jpg\"
      height_o=\"1536\" width_o=\"1023\" url_q=\"https://live.staticflickr.com/1664/26659073406_f0c769a825_q.jpg\"
      height_q=\"150\" width_q=\"150\" url_l=\"https://live.staticflickr.com/1664/26659073406_f0c769a825_b.jpg\"
      height_l=\"1024\" width_l=\"682\">\n\t\t<description />\n\t</photo>\n\t<photo
      id=\"26666607855\" owner=\"132051449@N06\" secret=\"5e4a64c275\" server=\"1615\"
      farm=\"2\" title=\"Hong Kong\" ispublic=\"1\" isfriend=\"0\" isfamily=\"0\"
      license=\"0\" safety_level=\"0\" dateupload=\"1461714938\" datetaken=\"2016-04-26
      16:55:38\" datetakengranularity=\"0\" datetakenunknown=\"1\" ownername=\"Jeong
      Vin, Yoon\" realname=\"Jeong Vin Yoon\" originalsecret=\"dc8340a762\" originalformat=\"jpg\"
      media=\"photo\" media_status=\"ready\" url_sq=\"https://live.staticflickr.com/1615/26666607855_5e4a64c275_s.jpg\"
      height_sq=\"75\" width_sq=\"75\" url_t=\"https://live.staticflickr.com/1615/26666607855_5e4a64c275_t.jpg\"
      height_t=\"67\" width_t=\"100\" url_s=\"https://live.staticflickr.com/1615/26666607855_5e4a64c275_m.jpg\"
      height_s=\"160\" width_s=\"240\" url_m=\"https://live.staticflickr.com/1615/26666607855_5e4a64c275.jpg\"
      height_m=\"333\" width_m=\"500\" url_o=\"https://live.staticflickr.com/1615/26666607855_dc8340a762_o.jpg\"
      height_o=\"1023\" width_o=\"1536\" url_q=\"https://live.staticflickr.com/1615/26666607855_5e4a64c275_q.jpg\"
      height_q=\"150\" width_q=\"150\" url_l=\"https://live.staticflickr.com/1615/26666607855_5e4a64c275_b.jpg\"
      height_l=\"682\" width_l=\"1024\">\n\t\t<description />\n\t</photo>\n\t<photo
      id=\"26046664843\" owner=\"132051449@N06\" secret=\"aff5f2d7ec\" server=\"1685\"
      farm=\"2\" title=\"Hong Kong\" ispublic=\"1\" isfriend=\"0\" isfamily=\"0\"
      license=\"0\" safety_level=\"0\" dateupload=\"1461643276\" datetaken=\"2016-04-25
      21:01:16\" datetakengranularity=\"0\" datetakenunknown=\"1\" ownername=\"Jeong
      Vin, Yoon\" realname=\"Jeong Vin Yoon\" originalsecret=\"096ee53066\" originalformat=\"jpg\"
      media=\"photo\" media_status=\"ready\" url_sq=\"https://live.staticflickr.com/1685/26046664843_aff5f2d7ec_s.jpg\"
      height_sq=\"75\" width_sq=\"75\" url_t=\"https://live.staticflickr.com/1685/26046664843_aff5f2d7ec_t.jpg\"
      height_t=\"67\" width_t=\"100\" url_s=\"https://live.staticflickr.com/1685/26046664843_aff5f2d7ec_m.jpg\"
      height_s=\"160\" width_s=\"240\" url_m=\"https://live.staticflickr.com/1685/26046664843_aff5f2d7ec.jpg\"
      height_m=\"333\" width_m=\"500\" url_o=\"https://live.staticflickr.com/1685/26046664843_096ee53066_o.jpg\"
      height_o=\"1023\" width_o=\"1536\" url_q=\"https://live.staticflickr.com/1685/26046664843_aff5f2d7ec_q.jpg\"
      height_q=\"150\" width_q=\"150\" url_l=\"https://live.staticflickr.com/1685/26046664843_aff5f2d7ec_b.jpg\"
      height_l=\"682\" width_l=\"1024\">\n\t\t<description />\n\t</photo>\n\t<photo
      id=\"26573015011\" owner=\"132051449@N06\" secret=\"0a9ee9430e\" server=\"1485\"
      farm=\"2\" title=\"Hong Kong\" ispublic=\"1\" isfriend=\"0\" isfamily=\"0\"
      license=\"0\" safety_level=\"0\" dateupload=\"1461595595\" datetaken=\"2016-04-25
      07:46:35\" datetakengranularity=\"0\" datetakenunknown=\"1\" ownername=\"Jeong
      Vin, Yoon\" realname=\"Jeong Vin Yoon\" originalsecret=\"5c1f21885c\" originalformat=\"jpg\"
      media=\"photo\" media_status=\"ready\" url_sq=\"https://live.staticflickr.com/1485/26573015011_0a9ee9430e_s.jpg\"
      height_sq=\"75\" width_sq=\"75\" url_t=\"https://live.staticflickr.com/1485/26573015011_0a9ee9430e_t.jpg\"
      height_t=\"67\" width_t=\"100\" url_s=\"https://live.staticflickr.com/1485/26573015011_0a9ee9430e_m.jpg\"
      height_s=\"160\" width_s=\"240\" url_m=\"https://live.staticflickr.com/1485/26573015011_0a9ee9430e.jpg\"
      height_m=\"333\" width_m=\"500\" url_o=\"https://live.staticflickr.com/1485/26573015011_5c1f21885c_o.jpg\"
      height_o=\"1023\" width_o=\"1536\" url_q=\"https://live.staticflickr.com/1485/26573015011_0a9ee9430e_q.jpg\"
      height_q=\"150\" width_q=\"150\" url_l=\"https://live.staticflickr.com/1485/26573015011_0a9ee9430e_b.jpg\"
      height_l=\"682\" width_l=\"1024\">\n\t\t<description />\n\t</photo>\n\t<photo
      id=\"26589057906\" owner=\"132051449@N06\" secret=\"57bd4879d6\" server=\"1643\"
      farm=\"2\" title=\"Rain\" ispublic=\"1\" isfriend=\"0\" isfamily=\"0\" license=\"0\"
      safety_level=\"0\" dateupload=\"1461505946\" datetaken=\"2016-04-24 06:52:26\"
      datetakengranularity=\"0\" datetakenunknown=\"1\" ownername=\"Jeong Vin, Yoon\"
      realname=\"Jeong Vin Yoon\" originalsecret=\"87fe41f62b\" originalformat=\"jpg\"
      media=\"photo\" media_status=\"ready\" url_sq=\"https://live.staticflickr.com/1643/26589057906_57bd4879d6_s.jpg\"
      height_sq=\"75\" width_sq=\"75\" url_t=\"https://live.staticflickr.com/1643/26589057906_57bd4879d6_t.jpg\"
      height_t=\"67\" width_t=\"100\" url_s=\"https://live.staticflickr.com/1643/26589057906_57bd4879d6_m.jpg\"
      height_s=\"160\" width_s=\"240\" url_m=\"https://live.staticflickr.com/1643/26589057906_57bd4879d6.jpg\"
      height_m=\"334\" width_m=\"500\" url_o=\"https://live.staticflickr.com/1643/26589057906_87fe41f62b_o.jpg\"
      height_o=\"1025\" width_o=\"1536\" url_q=\"https://live.staticflickr.com/1643/26589057906_57bd4879d6_q.jpg\"
      height_q=\"150\" width_q=\"150\" url_l=\"https://live.staticflickr.com/1643/26589057906_57bd4879d6_b.jpg\"
      height_l=\"683\" width_l=\"1024\">\n\t\t<description />\n\t</photo>\n\t<photo
      id=\"25970533723\" owner=\"132051449@N06\" secret=\"3d18dec76c\" server=\"1599\"
      farm=\"2\" title=\"Bike\" ispublic=\"1\" isfriend=\"0\" isfamily=\"0\" license=\"0\"
      safety_level=\"0\" dateupload=\"1461318814\" datetaken=\"2016-04-22 02:53:34\"
      datetakengranularity=\"0\" datetakenunknown=\"1\" ownername=\"Jeong Vin, Yoon\"
      realname=\"Jeong Vin Yoon\" originalsecret=\"2f9c971172\" originalformat=\"jpg\"
      media=\"photo\" media_status=\"ready\" url_sq=\"https://live.staticflickr.com/1599/25970533723_3d18dec76c_s.jpg\"
      height_sq=\"75\" width_sq=\"75\" url_t=\"https://live.staticflickr.com/1599/25970533723_3d18dec76c_t.jpg\"
      height_t=\"66\" width_t=\"100\" url_s=\"https://live.staticflickr.com/1599/25970533723_3d18dec76c_m.jpg\"
      height_s=\"159\" width_s=\"240\" url_m=\"https://live.staticflickr.com/1599/25970533723_3d18dec76c.jpg\"
      height_m=\"331\" width_m=\"500\" url_o=\"https://live.staticflickr.com/1599/25970533723_2f9c971172_o.jpg\"
      height_o=\"1017\" width_o=\"1536\" url_q=\"https://live.staticflickr.com/1599/25970533723_3d18dec76c_q.jpg\"
      height_q=\"150\" width_q=\"150\" url_l=\"https://live.staticflickr.com/1599/25970533723_3d18dec76c_b.jpg\"
      height_l=\"678\" width_l=\"1024\">\n\t\t<description />\n\t</photo>\n\t<photo
      id=\"26189109980\" owner=\"132051449@N06\" secret=\"ff1e6c28be\" server=\"1652\"
      farm=\"2\" title=\"Car\" ispublic=\"1\" isfriend=\"0\" isfamily=\"0\" license=\"0\"
      safety_level=\"0\" dateupload=\"1460817699\" datetaken=\"2016-04-16 07:41:39\"
      datetakengranularity=\"0\" datetakenunknown=\"1\" ownername=\"Jeong Vin, Yoon\"
      realname=\"Jeong Vin Yoon\" originalsecret=\"976129e153\" originalformat=\"jpg\"
      media=\"photo\" media_status=\"ready\" url_sq=\"https://live.staticflickr.com/1652/26189109980_ff1e6c28be_s.jpg\"
      height_sq=\"75\" width_sq=\"75\" url_t=\"https://live.staticflickr.com/1652/26189109980_ff1e6c28be_t.jpg\"
      height_t=\"67\" width_t=\"100\" url_s=\"https://live.staticflickr.com/1652/26189109980_ff1e6c28be_m.jpg\"
      height_s=\"160\" width_s=\"240\" url_m=\"https://live.staticflickr.com/1652/26189109980_ff1e6c28be.jpg\"
      height_m=\"334\" width_m=\"500\" url_o=\"https://live.staticflickr.com/1652/26189109980_976129e153_o.jpg\"
      height_o=\"1025\" width_o=\"1536\" url_q=\"https://live.staticflickr.com/1652/26189109980_ff1e6c28be_q.jpg\"
      height_q=\"150\" width_q=\"150\" url_l=\"https://live.staticflickr.com/1652/26189109980_ff1e6c28be_b.jpg\"
      height_l=\"683\" width_l=\"1024\">\n\t\t<description />\n\t</photo>\n\t<photo
      id=\"26118240480\" owner=\"132051449@N06\" secret=\"a8b258d923\" server=\"1703\"
      farm=\"2\" title=\"Hongkong\" ispublic=\"1\" isfriend=\"0\" isfamily=\"0\" license=\"0\"
      safety_level=\"0\" dateupload=\"1460475857\" datetaken=\"2016-04-12 08:44:17\"
      datetakengranularity=\"0\" datetakenunknown=\"1\" ownername=\"Jeong Vin, Yoon\"
      realname=\"Jeong Vin Yoon\" originalsecret=\"87aebbbd1d\" originalformat=\"jpg\"
      media=\"photo\" media_status=\"ready\" url_sq=\"https://live.staticflickr.com/1703/26118240480_a8b258d923_s.jpg\"
      height_sq=\"75\" width_sq=\"75\" url_t=\"https://live.staticflickr.com/1703/26118240480_a8b258d923_t.jpg\"
      height_t=\"67\" width_t=\"100\" url_s=\"https://live.staticflickr.com/1703/26118240480_a8b258d923_m.jpg\"
      height_s=\"160\" width_s=\"240\" url_m=\"https://live.staticflickr.com/1703/26118240480_a8b258d923.jpg\"
      height_m=\"334\" width_m=\"500\" url_o=\"https://live.staticflickr.com/1703/26118240480_87aebbbd1d_o.jpg\"
      height_o=\"1025\" width_o=\"1536\" url_q=\"https://live.staticflickr.com/1703/26118240480_a8b258d923_q.jpg\"
      height_q=\"150\" width_q=\"150\" url_l=\"https://live.staticflickr.com/1703/26118240480_a8b258d923_b.jpg\"
      height_l=\"683\" width_l=\"1024\">\n\t\t<description />\n\t</photo>\n\t<photo
      id=\"25983685815\" owner=\"132051449@N06\" secret=\"75b50de20f\" server=\"1445\"
      farm=\"2\" title=\"Bangkok\" ispublic=\"1\" isfriend=\"0\" isfamily=\"0\" license=\"0\"
      safety_level=\"0\" dateupload=\"1458648883\" datetaken=\"2016-03-22 05:14:43\"
      datetakengranularity=\"0\" datetakenunknown=\"1\" ownername=\"Jeong Vin, Yoon\"
      realname=\"Jeong Vin Yoon\" originalsecret=\"d8dea17542\" originalformat=\"jpg\"
      media=\"photo\" media_status=\"ready\" url_sq=\"https://live.staticflickr.com/1445/25983685815_75b50de20f_s.jpg\"
      height_sq=\"75\" width_sq=\"75\" url_t=\"https://live.staticflickr.com/1445/25983685815_75b50de20f_t.jpg\"
      height_t=\"67\" width_t=\"100\" url_s=\"https://live.staticflickr.com/1445/25983685815_75b50de20f_m.jpg\"
      height_s=\"160\" width_s=\"240\" url_m=\"https://live.staticflickr.com/1445/25983685815_75b50de20f.jpg\"
      height_m=\"333\" width_m=\"500\" url_o=\"https://live.staticflickr.com/1445/25983685815_d8dea17542_o.jpg\"
      height_o=\"898\" width_o=\"1347\" url_q=\"https://live.staticflickr.com/1445/25983685815_75b50de20f_q.jpg\"
      height_q=\"150\" width_q=\"150\" url_l=\"https://live.staticflickr.com/1445/25983685815_75b50de20f_b.jpg\"
      height_l=\"683\" width_l=\"1024\">\n\t\t<description />\n\t</photo>\n\t<photo
      id=\"25107224203\" owner=\"132051449@N06\" secret=\"6c38d9fcb5\" server=\"1468\"
      farm=\"2\" title=\"Bangkok\" ispublic=\"1\" isfriend=\"0\" isfamily=\"0\" license=\"0\"
      safety_level=\"0\" dateupload=\"1457812152\" datetaken=\"2016-03-12 11:49:12\"
      datetakengranularity=\"0\" datetakenunknown=\"1\" ownername=\"Jeong Vin, Yoon\"
      realname=\"Jeong Vin Yoon\" originalsecret=\"22b8b2193b\" originalformat=\"jpg\"
      media=\"photo\" media_status=\"ready\" url_sq=\"https://live.staticflickr.com/1468/25107224203_6c38d9fcb5_s.jpg\"
      height_sq=\"75\" width_sq=\"75\" url_t=\"https://live.staticflickr.com/1468/25107224203_6c38d9fcb5_t.jpg\"
      height_t=\"66\" width_t=\"100\" url_s=\"https://live.staticflickr.com/1468/25107224203_6c38d9fcb5_m.jpg\"
      height_s=\"159\" width_s=\"240\" url_m=\"https://live.staticflickr.com/1468/25107224203_6c38d9fcb5.jpg\"
      height_m=\"331\" width_m=\"500\" url_o=\"https://live.staticflickr.com/1468/25107224203_22b8b2193b_o.jpg\"
      height_o=\"1017\" width_o=\"1536\" url_q=\"https://live.staticflickr.com/1468/25107224203_6c38d9fcb5_q.jpg\"
      height_q=\"150\" width_q=\"150\" url_l=\"https://live.staticflickr.com/1468/25107224203_6c38d9fcb5_b.jpg\"
      height_l=\"678\" width_l=\"1024\">\n\t\t<description />\n\t</photo>\n\t<photo
      id=\"25405437990\" owner=\"132051449@N06\" secret=\"ea3af2f308\" server=\"1520\"
      farm=\"2\" title=\"Bangkok\" ispublic=\"1\" isfriend=\"0\" isfamily=\"0\" license=\"0\"
      safety_level=\"0\" dateupload=\"1457722877\" datetaken=\"2016-03-11 11:01:17\"
      datetakengranularity=\"0\" datetakenunknown=\"1\" ownername=\"Jeong Vin, Yoon\"
      realname=\"Jeong Vin Yoon\" originalsecret=\"53e0e2b297\" originalformat=\"jpg\"
      media=\"photo\" media_status=\"ready\" url_sq=\"https://live.staticflickr.com/1520/25405437990_ea3af2f308_s.jpg\"
      height_sq=\"75\" width_sq=\"75\" url_t=\"https://live.staticflickr.com/1520/25405437990_ea3af2f308_t.jpg\"
      height_t=\"67\" width_t=\"100\" url_s=\"https://live.staticflickr.com/1520/25405437990_ea3af2f308_m.jpg\"
      height_s=\"160\" width_s=\"240\" url_m=\"https://live.staticflickr.com/1520/25405437990_ea3af2f308.jpg\"
      height_m=\"334\" width_m=\"500\" url_o=\"https://live.staticflickr.com/1520/25405437990_53e0e2b297_o.jpg\"
      height_o=\"1017\" width_o=\"1524\" url_q=\"https://live.staticflickr.com/1520/25405437990_ea3af2f308_q.jpg\"
      height_q=\"150\" width_q=\"150\" url_l=\"https://live.staticflickr.com/1520/25405437990_ea3af2f308_b.jpg\"
      height_l=\"683\" width_l=\"1024\">\n\t\t<description />\n\t</photo>\n\t<photo
      id=\"25523348695\" owner=\"132051449@N06\" secret=\"11f6448992\" server=\"1639\"
      farm=\"2\" title=\"Bangkok\" ispublic=\"1\" isfriend=\"0\" isfamily=\"0\" license=\"0\"
      safety_level=\"0\" dateupload=\"1457178424\" datetaken=\"2016-03-05 03:47:04\"
      datetakengranularity=\"0\" datetakenunknown=\"1\" ownername=\"Jeong Vin, Yoon\"
      realname=\"Jeong Vin Yoon\" originalsecret=\"9e1ef193ce\" originalformat=\"jpg\"
      media=\"photo\" media_status=\"ready\" url_sq=\"https://live.staticflickr.com/1639/25523348695_11f6448992_s.jpg\"
      height_sq=\"75\" width_sq=\"75\" url_t=\"https://live.staticflickr.com/1639/25523348695_11f6448992_t.jpg\"
      height_t=\"100\" width_t=\"66\" url_s=\"https://live.staticflickr.com/1639/25523348695_11f6448992_m.jpg\"
      height_s=\"240\" width_s=\"159\" url_m=\"https://live.staticflickr.com/1639/25523348695_11f6448992.jpg\"
      height_m=\"500\" width_m=\"331\" url_o=\"https://live.staticflickr.com/1639/25523348695_9e1ef193ce_o.jpg\"
      height_o=\"1536\" width_o=\"1017\" url_q=\"https://live.staticflickr.com/1639/25523348695_11f6448992_q.jpg\"
      height_q=\"150\" width_q=\"150\" url_l=\"https://live.staticflickr.com/1639/25523348695_11f6448992_b.jpg\"
      height_l=\"1024\" width_l=\"678\">\n\t\t<description />\n\t</photo>\n\t<photo
      id=\"25355271842\" owner=\"132051449@N06\" secret=\"2249684288\" server=\"1654\"
      farm=\"2\" title=\"Bangkok\" ispublic=\"1\" isfriend=\"0\" isfamily=\"0\" license=\"0\"
      safety_level=\"0\" dateupload=\"1457021109\" datetaken=\"2016-03-03 08:05:09\"
      datetakengranularity=\"0\" datetakenunknown=\"1\" ownername=\"Jeong Vin, Yoon\"
      realname=\"Jeong Vin Yoon\" originalsecret=\"7e635328c1\" originalformat=\"jpg\"
      media=\"photo\" media_status=\"ready\" url_sq=\"https://live.staticflickr.com/1654/25355271842_2249684288_s.jpg\"
      height_sq=\"75\" width_sq=\"75\" url_t=\"https://live.staticflickr.com/1654/25355271842_2249684288_t.jpg\"
      height_t=\"66\" width_t=\"100\" url_s=\"https://live.staticflickr.com/1654/25355271842_2249684288_m.jpg\"
      height_s=\"159\" width_s=\"240\" url_m=\"https://live.staticflickr.com/1654/25355271842_2249684288.jpg\"
      height_m=\"331\" width_m=\"500\" url_o=\"https://live.staticflickr.com/1654/25355271842_7e635328c1_o.jpg\"
      height_o=\"1017\" width_o=\"1536\" url_q=\"https://live.staticflickr.com/1654/25355271842_2249684288_q.jpg\"
      height_q=\"150\" width_q=\"150\" url_l=\"https://live.staticflickr.com/1654/25355271842_2249684288_b.jpg\"
      height_l=\"678\" width_l=\"1024\">\n\t\t<description />\n\t</photo>\n\t<photo
      id=\"25392224626\" owner=\"132051449@N06\" secret=\"0cd82fc2b4\" server=\"1643\"
      farm=\"2\" title=\"Bangkok\" ispublic=\"1\" isfriend=\"0\" isfamily=\"0\" license=\"0\"
      safety_level=\"0\" dateupload=\"1456865065\" datetaken=\"2016-03-01 12:44:25\"
      datetakengranularity=\"0\" datetakenunknown=\"1\" ownername=\"Jeong Vin, Yoon\"
      realname=\"Jeong Vin Yoon\" originalsecret=\"ecd6d284f6\" originalformat=\"jpg\"
      media=\"photo\" media_status=\"ready\" url_sq=\"https://live.staticflickr.com/1643/25392224626_0cd82fc2b4_s.jpg\"
      height_sq=\"75\" width_sq=\"75\" url_t=\"https://live.staticflickr.com/1643/25392224626_0cd82fc2b4_t.jpg\"
      height_t=\"66\" width_t=\"100\" url_s=\"https://live.staticflickr.com/1643/25392224626_0cd82fc2b4_m.jpg\"
      height_s=\"159\" width_s=\"240\" url_m=\"https://live.staticflickr.com/1643/25392224626_0cd82fc2b4.jpg\"
      height_m=\"331\" width_m=\"500\" url_o=\"https://live.staticflickr.com/1643/25392224626_ecd6d284f6_o.jpg\"
      height_o=\"1017\" width_o=\"1536\" url_q=\"https://live.staticflickr.com/1643/25392224626_0cd82fc2b4_q.jpg\"
      height_q=\"150\" width_q=\"150\" url_l=\"https://live.staticflickr.com/1643/25392224626_0cd82fc2b4_b.jpg\"
      height_l=\"678\" width_l=\"1024\">\n\t\t<description />\n\t</photo>\n\t<photo
      id=\"24742680143\" owner=\"132051449@N06\" secret=\"f76ee951c6\" server=\"1598\"
      farm=\"2\" title=\"Bangkok\" ispublic=\"1\" isfriend=\"0\" isfamily=\"0\" license=\"0\"
      safety_level=\"0\" dateupload=\"1456734466\" datetaken=\"2016-02-29 00:27:46\"
      datetakengranularity=\"0\" datetakenunknown=\"1\" ownername=\"Jeong Vin, Yoon\"
      realname=\"Jeong Vin Yoon\" originalsecret=\"d2db1f927f\" originalformat=\"jpg\"
      media=\"photo\" media_status=\"ready\" url_sq=\"https://live.staticflickr.com/1598/24742680143_f76ee951c6_s.jpg\"
      height_sq=\"75\" width_sq=\"75\" url_t=\"https://live.staticflickr.com/1598/24742680143_f76ee951c6_t.jpg\"
      height_t=\"67\" width_t=\"100\" url_s=\"https://live.staticflickr.com/1598/24742680143_f76ee951c6_m.jpg\"
      height_s=\"160\" width_s=\"240\" url_m=\"https://live.staticflickr.com/1598/24742680143_f76ee951c6.jpg\"
      height_m=\"334\" width_m=\"500\" url_o=\"https://live.staticflickr.com/1598/24742680143_d2db1f927f_o.jpg\"
      height_o=\"1017\" width_o=\"1524\" url_q=\"https://live.staticflickr.com/1598/24742680143_f76ee951c6_q.jpg\"
      height_q=\"150\" width_q=\"150\" url_l=\"https://live.staticflickr.com/1598/24742680143_f76ee951c6_b.jpg\"
      height_l=\"683\" width_l=\"1024\">\n\t\t<description />\n\t</photo>\n</photos>\n</rsp>\n"
    headers:
      Connection:
      - keep-alive
      Content-Length:
      - '10402'
      Content-Type:
      - text/xml; charset=utf-8
      Date:
      - Fri, 01 Dec 2023 15:07:14 GMT
      Via:
      - 1.1 597c788e23cf83427002ab097f30f484.cloudfront.net (CloudFront)
      X-Amz-Cf-Id:
      - 36EuuqIXOZfai05AIH0UYmYcV02xEAkRz_MVKbnTR8SsQNUBZwVycw==
      X-Amz-Cf-Pop:
      - LHR50-P8
      X-Cache:
      - Miss from cloudfront
      content-encoding:
      - gzip
      server:
      - Apache/2.4.58 (Ubuntu)
      set-cookie:
      - ccc=%7B%22needsConsent%22%3Atrue%2C%22managed%22%3A0%2C%22changed%22%3A0%2C%22info%22%3A%7B%22cookieBlock%22%3A%7B%22level%22%3A0%2C%22blockRan%22%3A1%7D%7D%7D;
        expires=Sun, 31-Dec-2023 15:07:14 GMT; Max-Age=2592000; path=/; domain=.flickr.com
      vary:
      - Accept-Encoding
      x-frame-options:
      - SAMEORIGIN
      x-robots-tag:
      - noindex
    http_version: HTTP/1.1
    status_code: 200
- request:
    body: ''
    headers:
      accept:
      - '*/*'
      accept-encoding:
      - gzip, deflate, br
      connection:
      - keep-alive
      cookie:
      - ccc=%7B%22needsConsent%22%3Atrue%2C%22managed%22%3A0%2C%22changed%22%3A0%2C%22info%22%3A%7B%22cookieBlock%22%3A%7B%22level%22%3A0%2C%22blockRan%22%3A1%7D%7D%7D
      host:
      - api.flickr.com
      user-agent:
      - flinumeratr/dev (https://github.com/Flickr-Foundation/flinumeratr; hello@flickr.org)
    method: GET
    uri: https://api.flickr.com/services/rest/?method=flickr.photos.licenses.getInfo
  response:
    content: "<?xml version=\"1.0\" encoding=\"utf-8\" ?>\n<rsp stat=\"ok\">\n<licenses>\n\t<license
      id=\"0\" name=\"All Rights Reserved\" url=\"\" />\n\t<license id=\"4\" name=\"Attribution
      License\" url=\"https://creativecommons.org/licenses/by/2.0/\" />\n\t<license
      id=\"6\" name=\"Attribution-NoDerivs License\" url=\"https://creativecommons.org/licenses/by-nd/2.0/\"
      />\n\t<license id=\"3\" name=\"Attribution-NonCommercial-NoDerivs License\"
      url=\"https://creativecommons.org/licenses/by-nc-nd/2.0/\" />\n\t<license id=\"2\"
      name=\"Attribution-NonCommercial License\" url=\"https://creativecommons.org/licenses/by-nc/2.0/\"
      />\n\t<license id=\"1\" name=\"Attribution-NonCommercial-ShareAlike License\"
      url=\"https://creativecommons.org/licenses/by-nc-sa/2.0/\" />\n\t<license id=\"5\"
      name=\"Attribution-ShareAlike License\" url=\"https://creativecommons.org/licenses/by-sa/2.0/\"
      />\n\t<license id=\"9\" name=\"Public Domain Dedication (CC0)\" url=\"https://creativecommons.org/publicdomain/zero/1.0/\"
      />\n\t<license id=\"10\" name=\"Public Domain Mark\" url=\"https://creativecommons.org/publicdomain/mark/1.0/\"
      />\n</licenses>\n</rsp>\n"
    headers:
      Connection:
      - keep-alive
      Content-Length:
      - '308'
      Content-Type:
      - text/xml; charset=utf-8
      Date:
      - Fri, 01 Dec 2023 15:07:15 GMT
      Via:
      - 1.1 597c788e23cf83427002ab097f30f484.cloudfront.net (CloudFront)
      X-Amz-Cf-Id:
      - MOk2azLWY3Zr0jDSpyAyI94L_PeW6Jhf84tmaSZFEXIPSR4k0n51aw==
      X-Amz-Cf-Pop:
      - LHR50-P8
      X-Cache:
      - Miss from cloudfront
      content-encoding:
      - gzip
      server:
      - Apache/2.4.58 (Ubuntu)
      set-cookie:
      - ccc=%7B%22needsConsent%22%3Atrue%2C%22managed%22%3A0%2C%22changed%22%3A0%2C%22info%22%3A%7B%22cookieBlock%22%3A%7B%22level%22%3A0%2C%22blockRan%22%3A1%7D%7D%7D;
        expires=Sun, 31-Dec-2023 15:07:15 GMT; Max-Age=2592000; path=/; domain=.flickr.com
      vary:
      - Accept-Encoding
      x-frame-options:
      - SAMEORIGIN
      x-robots-tag:
      - noindex
    http_version: HTTP/1.1
    status_code: 200
version: 1
