interactions:
- request:
    body: ''
    headers:
      accept:
      - '*/*'
      accept-encoding:
      - gzip, deflate
      connection:
      - keep-alive
      cookie:
      - ccc=%7B%22needsConsent%22%3Atrue%2C%22managed%22%3A0%2C%22changed%22%3A0%2C%22info%22%3A%7B%22cookieBlock%22%3A%7B%22level%22%3A0%2C%22blockRan%22%3A1%7D%7D%7D
      host:
      - api.flickr.com
      user-agent:
      - Flinumeratr/1.1.0 (https://github.com/flickr-foundation/flinumeratr; hello@flickr.org)
    method: GET
    uri: https://api.flickr.com/services/rest/?method=flickr.urls.lookupUser&url=https%3A%2F%2Fwww.flickr.com%2Fphotos%2F25653675%40N00%2F
  response:
    content: "<?xml version=\"1.0\" encoding=\"utf-8\" ?>\n<rsp stat=\"ok\">\n<user
      id=\"25653675@N00\">\n\t<username>&lt;sunshyne&gt;</username>\n</user>\n</rsp>\n"
    headers:
      Connection:
      - keep-alive
      Content-Length:
      - '135'
      Content-Type:
      - text/xml; charset=utf-8
      Date:
      - Fri, 05 Jan 2024 10:30:50 GMT
      Via:
      - 1.1 5bbfbddc054a85758022c325fb08071e.cloudfront.net (CloudFront)
      X-Amz-Cf-Id:
      - jKnPV9EPq-YqzjGgiyT58PJR44gRB-W_WjyVCSiy0eE_3IsVYK8pJw==
      X-Amz-Cf-Pop:
      - LHR5-P1
      X-Cache:
      - Miss from cloudfront
      content-encoding:
      - gzip
      server:
      - Apache/2.4.58 (Ubuntu)
      set-cookie:
      - ccc=%7B%22needsConsent%22%3Atrue%2C%22managed%22%3A0%2C%22changed%22%3A0%2C%22info%22%3A%7B%22cookieBlock%22%3A%7B%22level%22%3A0%2C%22blockRan%22%3A1%7D%7D%7D;
        expires=Sun, 04-Feb-2024 10:30:50 GMT; Max-Age=2592000; path=/; domain=.flickr.com
      vary:
      - Accept-Encoding
      x-frame-options:
      - SAMEORIGIN
      x-robots-tag:
      - noindex
    http_version: HTTP/1.1
    status_code: 200
- request:
    body: ''
    headers:
      accept:
      - '*/*'
      accept-encoding:
      - gzip, deflate
      connection:
      - keep-alive
      cookie:
      - ccc=%7B%22needsConsent%22%3Atrue%2C%22managed%22%3A0%2C%22changed%22%3A0%2C%22info%22%3A%7B%22cookieBlock%22%3A%7B%22level%22%3A0%2C%22blockRan%22%3A1%7D%7D%7D
      host:
      - api.flickr.com
      user-agent:
      - Flinumeratr/1.1.0 (https://github.com/flickr-foundation/flinumeratr; hello@flickr.org)
    method: GET
    uri: https://api.flickr.com/services/rest/?method=flickr.people.getInfo&user_id=25653675%40N00
  response:
    content: "<?xml version=\"1.0\" encoding=\"utf-8\" ?>\n<rsp stat=\"ok\">\n<person
      id=\"25653675@N00\" nsid=\"25653675@N00\" ispro=\"0\" is_deleted=\"0\" iconserver=\"21\"
      iconfarm=\"1\" path_alias=\"\" has_stats=\"0\" has_adfree=\"0\" has_free_standard_shipping=\"0\"
      has_free_educational_resources=\"0\">\n\t<username>&lt;sunshyne&gt;</username>\n\t<realname
      />\n\t<mbox_sha1sum>aeea2de72edeef77aeea8ca10d3581db782c7365</mbox_sha1sum>\n\t<location
      />\n\t<timezone label=\"Pacific Time (US &amp; Canada); Tijuana\" offset=\"-08:00\"
      timezone_id=\"PST8PDT\" timezone=\"5\" />\n\t<description>just me. .</description>\n\t<photosurl>https://www.flickr.com/photos/25653675@N00/</photosurl>\n\t<profileurl>https://www.flickr.com/people/25653675@N00/</profileurl>\n\t<mobileurl>https://m.flickr.com/photostream.gne?id=723379</mobileurl>\n\t<photos>\n\t\t<firstdatetaken>1998-01-01
      12:01:32</firstdatetaken>\n\t\t<firstdate>1119115667</firstdate>\n\t\t<count>338</count>\n\t</photos>\n</person>\n</rsp>\n"
    headers:
      Connection:
      - keep-alive
      Content-Length:
      - '518'
      Content-Type:
      - text/xml; charset=utf-8
      Date:
      - Fri, 05 Jan 2024 10:30:50 GMT
      Via:
      - 1.1 5bbfbddc054a85758022c325fb08071e.cloudfront.net (CloudFront)
      X-Amz-Cf-Id:
      - MjA1NymEmHwaZ4WF4ATozJYXc-LvTXDYv7DjTiAZqBgx9bI8zKY9eA==
      X-Amz-Cf-Pop:
      - LHR5-P1
      X-Cache:
      - Miss from cloudfront
      content-encoding:
      - gzip
      server:
      - Apache/2.4.58 (Ubuntu)
      set-cookie:
      - ccc=%7B%22needsConsent%22%3Atrue%2C%22managed%22%3A0%2C%22changed%22%3A0%2C%22info%22%3A%7B%22cookieBlock%22%3A%7B%22level%22%3A0%2C%22blockRan%22%3A1%7D%7D%7D;
        expires=Sun, 04-Feb-2024 10:30:50 GMT; Max-Age=2592000; path=/; domain=.flickr.com
      vary:
      - Accept-Encoding
      x-frame-options:
      - SAMEORIGIN
      x-robots-tag:
      - noindex
    http_version: HTTP/1.1
    status_code: 200
- request:
    body: ''
    headers:
      accept:
      - '*/*'
      accept-encoding:
      - gzip, deflate
      connection:
      - keep-alive
      cookie:
      - ccc=%7B%22needsConsent%22%3Atrue%2C%22managed%22%3A0%2C%22changed%22%3A0%2C%22info%22%3A%7B%22cookieBlock%22%3A%7B%22level%22%3A0%2C%22blockRan%22%3A1%7D%7D%7D
      host:
      - api.flickr.com
      user-agent:
      - Flinumeratr/1.1.0 (https://github.com/flickr-foundation/flinumeratr; hello@flickr.org)
    method: GET
    uri: https://api.flickr.com/services/rest/?extras=license%2Cdate_upload%2Cdate_taken%2Cmedia%2Coriginal_format%2Cowner_name%2Curl_sq%2Curl_t%2Curl_s%2Curl_m%2Curl_o%2Ctags%2Cgeo%2Curl_q%2Curl_l%2Cdescription%2Csafety_level%2Crealname&method=flickr.people.getPublicPhotos&page=1&per_page=100&user_id=25653675%40N00
  response:
    content: "<?xml version=\"1.0\" encoding=\"utf-8\" ?>\n<rsp stat=\"ok\">\n<photos
      page=\"1\" pages=\"4\" perpage=\"100\" total=\"338\">\n\t<photo id=\"5702362816\"
      owner=\"25653675@N00\" secret=\"65a7d9a413\" server=\"5301\" farm=\"6\" title=\"red
      cable blanket\" ispublic=\"1\" isfriend=\"0\" isfamily=\"0\" license=\"0\" safety_level=\"0\"
      dateupload=\"1304913350\" datetaken=\"2011-05-08 20:55:50\" datetakengranularity=\"0\"
      datetakenunknown=\"0\" ownername=\"&lt;sunshyne&gt;\" realname=\"\" tags=\"knit
      cable blanket homespun 2011 knit2011\" latitude=\"0\" longitude=\"0\" accuracy=\"0\"
      context=\"0\" media=\"photo\" media_status=\"ready\" url_sq=\"https://live.staticflickr.com/5301/5702362816_65a7d9a413_s.jpg\"
      height_sq=\"75\" width_sq=\"75\" url_t=\"https://live.staticflickr.com/5301/5702362816_65a7d9a413_t.jpg\"
      height_t=\"75\" width_t=\"100\" url_s=\"https://live.staticflickr.com/5301/5702362816_65a7d9a413_m.jpg\"
      height_s=\"180\" width_s=\"240\" url_m=\"https://live.staticflickr.com/5301/5702362816_65a7d9a413.jpg\"
      height_m=\"374\" width_m=\"500\" url_q=\"https://live.staticflickr.com/5301/5702362816_65a7d9a413_q.jpg\"
      height_q=\"150\" width_q=\"150\">\n\t\t<description>red cable blanket, 1 strand
      Homespun &amp;quot;Chili&amp;quot; held together with 1 strand Simply Soft &amp;quot;Autumn
      Red&amp;quot;\n\n Free pattern from Lion brand website.</description>\n\t</photo>\n\t<photo
      id=\"5211010362\" owner=\"25653675@N00\" secret=\"7a9ec09cbd\" server=\"5049\"
      farm=\"6\" title=\"My First Entrelac\" ispublic=\"1\" isfriend=\"0\" isfamily=\"0\"
      license=\"0\" safety_level=\"0\" dateupload=\"1290835898\" datetaken=\"2010-11-26
      21:31:38\" datetakengranularity=\"0\" datetakenunknown=\"0\" ownername=\"&lt;sunshyne&gt;\"
      realname=\"\" tags=\"knit yarn entrelac knit2010\" latitude=\"0\" longitude=\"0\"
      accuracy=\"0\" context=\"0\" media=\"photo\" media_status=\"ready\" url_sq=\"https://live.staticflickr.com/5049/5211010362_7a9ec09cbd_s.jpg\"
      height_sq=\"75\" width_sq=\"75\" url_t=\"https://live.staticflickr.com/5049/5211010362_7a9ec09cbd_t.jpg\"
      height_t=\"100\" width_t=\"75\" url_s=\"https://live.staticflickr.com/5049/5211010362_7a9ec09cbd_m.jpg\"
      height_s=\"240\" width_s=\"180\" url_m=\"https://live.staticflickr.com/5049/5211010362_7a9ec09cbd.jpg\"
      height_m=\"500\" width_m=\"374\" url_q=\"https://live.staticflickr.com/5049/5211010362_7a9ec09cbd_q.jpg\"
      height_q=\"150\" width_q=\"150\">\n\t\t<description />\n\t</photo>\n\t<photo
      id=\"4921807093\" owner=\"25653675@N00\" secret=\"ff54302508\" server=\"4075\"
      farm=\"5\" title=\"green Wrenna - french girl knits\" ispublic=\"1\" isfriend=\"0\"
      isfamily=\"0\" license=\"0\" safety_level=\"0\" dateupload=\"1282618670\" datetaken=\"2010-08-23
      19:57:50\" datetakengranularity=\"0\" datetakenunknown=\"0\" ownername=\"&lt;sunshyne&gt;\"
      realname=\"\" tags=\"sweater knit woolease wrenna frenchgirlknits knit2010\"
      latitude=\"0\" longitude=\"0\" accuracy=\"0\" context=\"0\" media=\"photo\"
      media_status=\"ready\" url_sq=\"https://live.staticflickr.com/4075/4921807093_ff54302508_s.jpg\"
      height_sq=\"75\" width_sq=\"75\" url_t=\"https://live.staticflickr.com/4075/4921807093_ff54302508_t.jpg\"
      height_t=\"100\" width_t=\"75\" url_s=\"https://live.staticflickr.com/4075/4921807093_ff54302508_m.jpg\"
      height_s=\"240\" width_s=\"180\" url_m=\"https://live.staticflickr.com/4075/4921807093_ff54302508.jpg\"
      height_m=\"500\" width_m=\"374\" url_q=\"https://live.staticflickr.com/4075/4921807093_ff54302508_q.jpg\"
      height_q=\"150\" width_q=\"150\">\n\t\t<description>an adapted version of Wrenna
      from French Girl Knits.  Longer sleeves, longer front, and I took out the lace
      portion of the back, but you can&#039;t see that in this picture</description>\n\t</photo>\n\t<photo
      id=\"4809113959\" owner=\"25653675@N00\" secret=\"3af939520c\" server=\"4136\"
      farm=\"5\" title=\"Slouchy beret\" ispublic=\"1\" isfriend=\"0\" isfamily=\"0\"
      license=\"0\" safety_level=\"0\" dateupload=\"1279565661\" datetaken=\"2010-07-19
      11:54:21\" datetakengranularity=\"0\" datetakenunknown=\"0\" ownername=\"&lt;sunshyne&gt;\"
      realname=\"\" tags=\"hat knit cable beret slouchy knit2010\" latitude=\"0\"
      longitude=\"0\" accuracy=\"0\" context=\"0\" media=\"photo\" media_status=\"ready\"
      url_sq=\"https://live.staticflickr.com/4136/4809113959_3af939520c_s.jpg\" height_sq=\"75\"
      width_sq=\"75\" url_t=\"https://live.staticflickr.com/4136/4809113959_3af939520c_t.jpg\"
      height_t=\"75\" width_t=\"100\" url_s=\"https://live.staticflickr.com/4136/4809113959_3af939520c_m.jpg\"
      height_s=\"180\" width_s=\"240\" url_m=\"https://live.staticflickr.com/4136/4809113959_3af939520c.jpg\"
      height_m=\"374\" width_m=\"500\" url_q=\"https://live.staticflickr.com/4136/4809113959_3af939520c_q.jpg\"
      height_q=\"150\" width_q=\"150\">\n\t\t<description />\n\t</photo>\n\t<photo
      id=\"4795334040\" owner=\"25653675@N00\" secret=\"ce737c0fed\" server=\"4078\"
      farm=\"5\" title=\"blue slouchy hat\" ispublic=\"1\" isfriend=\"0\" isfamily=\"0\"
      license=\"0\" safety_level=\"0\" dateupload=\"1279161060\" datetaken=\"2010-07-14
      19:31:00\" datetakengranularity=\"0\" datetakenunknown=\"0\" ownername=\"&lt;sunshyne&gt;\"
      realname=\"\" tags=\"beach hat knit sanclemente sanonofre 2010 knit2010\" latitude=\"0\"
      longitude=\"0\" accuracy=\"0\" context=\"0\" media=\"photo\" media_status=\"ready\"
      url_sq=\"https://live.staticflickr.com/4078/4795334040_ce737c0fed_s.jpg\" height_sq=\"75\"
      width_sq=\"75\" url_t=\"https://live.staticflickr.com/4078/4795334040_ce737c0fed_t.jpg\"
      height_t=\"75\" width_t=\"100\" url_s=\"https://live.staticflickr.com/4078/4795334040_ce737c0fed_m.jpg\"
      height_s=\"180\" width_s=\"240\" url_m=\"https://live.staticflickr.com/4078/4795334040_ce737c0fed.jpg\"
      height_m=\"374\" width_m=\"500\" url_q=\"https://live.staticflickr.com/4078/4795334040_ce737c0fed_q.jpg\"
      height_q=\"150\" width_q=\"150\">\n\t\t<description />\n\t</photo>\n\t<photo
      id=\"4229796625\" owner=\"25653675@N00\" secret=\"4b28b5e85a\" server=\"4007\"
      farm=\"5\" title=\"untitled\" ispublic=\"1\" isfriend=\"0\" isfamily=\"0\" license=\"0\"
      safety_level=\"0\" dateupload=\"1262237585\" datetaken=\"2009-12-30 21:33:05\"
      datetakengranularity=\"0\" datetakenunknown=\"0\" ownername=\"&lt;sunshyne&gt;\"
      realname=\"\" tags=\"\" latitude=\"0\" longitude=\"0\" accuracy=\"0\" context=\"0\"
      media=\"photo\" media_status=\"ready\" url_sq=\"https://live.staticflickr.com/4007/4229796625_4b28b5e85a_s.jpg\"
      height_sq=\"75\" width_sq=\"75\" url_t=\"https://live.staticflickr.com/4007/4229796625_4b28b5e85a_t.jpg\"
      height_t=\"100\" width_t=\"75\" url_s=\"https://live.staticflickr.com/4007/4229796625_4b28b5e85a_m.jpg\"
      height_s=\"240\" width_s=\"180\" url_q=\"https://live.staticflickr.com/4007/4229796625_4b28b5e85a_q.jpg\"
      height_q=\"150\" width_q=\"150\">\n\t\t<description />\n\t</photo>\n\t<photo
      id=\"4186668836\" owner=\"25653675@N00\" secret=\"88133ed3e2\" server=\"2562\"
      farm=\"3\" title=\"daddy blanket\" ispublic=\"1\" isfriend=\"0\" isfamily=\"0\"
      license=\"0\" safety_level=\"0\" dateupload=\"1260843908\" datetaken=\"2009-12-13
      15:14:27\" datetakengranularity=\"0\" datetakenunknown=\"0\" ownername=\"&lt;sunshyne&gt;\"
      realname=\"\" tags=\"\" latitude=\"0\" longitude=\"0\" accuracy=\"0\" context=\"0\"
      media=\"photo\" media_status=\"ready\" url_sq=\"https://live.staticflickr.com/2562/4186668836_88133ed3e2_s.jpg\"
      height_sq=\"75\" width_sq=\"75\" url_t=\"https://live.staticflickr.com/2562/4186668836_88133ed3e2_t.jpg\"
      height_t=\"75\" width_t=\"100\" url_s=\"https://live.staticflickr.com/2562/4186668836_88133ed3e2_m.jpg\"
      height_s=\"180\" width_s=\"240\" url_m=\"https://live.staticflickr.com/2562/4186668836_88133ed3e2.jpg\"
      height_m=\"375\" width_m=\"500\" url_q=\"https://live.staticflickr.com/2562/4186668836_88133ed3e2_q.jpg\"
      height_q=\"150\" width_q=\"150\">\n\t\t<description />\n\t</photo>\n\t<photo
      id=\"3657312152\" owner=\"25653675@N00\" secret=\"e1ef1f2500\" server=\"3309\"
      farm=\"4\" title=\"one sourwood mountain\" ispublic=\"1\" isfriend=\"0\" isfamily=\"0\"
      license=\"0\" safety_level=\"0\" dateupload=\"1245854034\" datetaken=\"2009-06-24
      07:33:54\" datetakengranularity=\"0\" datetakenunknown=\"0\" ownername=\"&lt;sunshyne&gt;\"
      realname=\"\" tags=\"knit knitty knit2009 sourwoodmountain\" latitude=\"0\"
      longitude=\"0\" accuracy=\"0\" context=\"0\" media=\"photo\" media_status=\"ready\"
      url_sq=\"https://live.staticflickr.com/3309/3657312152_e1ef1f2500_s.jpg\" height_sq=\"75\"
      width_sq=\"75\" url_t=\"https://live.staticflickr.com/3309/3657312152_e1ef1f2500_t.jpg\"
      height_t=\"75\" width_t=\"100\" url_s=\"https://live.staticflickr.com/3309/3657312152_e1ef1f2500_m.jpg\"
      height_s=\"180\" width_s=\"240\" url_m=\"https://live.staticflickr.com/3309/3657312152_e1ef1f2500.jpg\"
      height_m=\"375\" width_m=\"500\" url_q=\"https://live.staticflickr.com/3309/3657312152_e1ef1f2500_q.jpg\"
      height_q=\"150\" width_q=\"150\">\n\t\t<description />\n\t</photo>\n\t<photo
      id=\"3508251081\" owner=\"25653675@N00\" secret=\"886449ca6b\" server=\"3301\"
      farm=\"4\" title=\"front\" ispublic=\"1\" isfriend=\"0\" isfamily=\"0\" license=\"0\"
      safety_level=\"0\" dateupload=\"1241653687\" datetaken=\"2009-05-06 02:42:29\"
      datetakengranularity=\"0\" datetakenunknown=\"0\" ownername=\"&lt;sunshyne&gt;\"
      realname=\"\" tags=\"schwinn vintagebike vintageschwinn\" latitude=\"0\" longitude=\"0\"
      accuracy=\"0\" context=\"0\" media=\"photo\" media_status=\"ready\" url_sq=\"https://live.staticflickr.com/3301/3508251081_886449ca6b_s.jpg\"
      height_sq=\"75\" width_sq=\"75\" url_t=\"https://live.staticflickr.com/3301/3508251081_886449ca6b_t.jpg\"
      height_t=\"75\" width_t=\"100\" url_s=\"https://live.staticflickr.com/3301/3508251081_886449ca6b_m.jpg\"
      height_s=\"180\" width_s=\"240\" url_m=\"https://live.staticflickr.com/3301/3508251081_886449ca6b.jpg\"
      height_m=\"375\" width_m=\"500\" url_q=\"https://live.staticflickr.com/3301/3508251081_886449ca6b_q.jpg\"
      height_q=\"150\" width_q=\"150\" url_l=\"https://live.staticflickr.com/3301/3508251081_886449ca6b_b.jpg\"
      height_l=\"768\" width_l=\"1024\">\n\t\t<description />\n\t</photo>\n\t<photo
      id=\"3508249601\" owner=\"25653675@N00\" secret=\"caba88d45d\" server=\"3602\"
      farm=\"4\" title=\"Vintage Schwinn - unknown, sweetheart sprocket original?\"
      ispublic=\"1\" isfriend=\"0\" isfamily=\"0\" license=\"0\" safety_level=\"0\"
      dateupload=\"1241653642\" datetaken=\"2009-05-06 02:41:34\" datetakengranularity=\"0\"
      datetakenunknown=\"0\" ownername=\"&lt;sunshyne&gt;\" realname=\"\" tags=\"schwinn
      vintagebike vintageschwinn\" latitude=\"0\" longitude=\"0\" accuracy=\"0\" context=\"0\"
      media=\"photo\" media_status=\"ready\" url_sq=\"https://live.staticflickr.com/3602/3508249601_caba88d45d_s.jpg\"
      height_sq=\"75\" width_sq=\"75\" url_t=\"https://live.staticflickr.com/3602/3508249601_caba88d45d_t.jpg\"
      height_t=\"75\" width_t=\"100\" url_s=\"https://live.staticflickr.com/3602/3508249601_caba88d45d_m.jpg\"
      height_s=\"180\" width_s=\"240\" url_m=\"https://live.staticflickr.com/3602/3508249601_caba88d45d.jpg\"
      height_m=\"375\" width_m=\"500\" url_q=\"https://live.staticflickr.com/3602/3508249601_caba88d45d_q.jpg\"
      height_q=\"150\" width_q=\"150\" url_l=\"https://live.staticflickr.com/3602/3508249601_caba88d45d_b.jpg\"
      height_l=\"768\" width_l=\"1024\">\n\t\t<description />\n\t</photo>\n\t<photo
      id=\"3508247937\" owner=\"25653675@N00\" secret=\"914feaa548\" server=\"3312\"
      farm=\"4\" title=\"vintage Schwinn, unknown - whole bike, sweetheart sprocket\"
      ispublic=\"1\" isfriend=\"0\" isfamily=\"0\" license=\"0\" safety_level=\"0\"
      dateupload=\"1241653594\" datetaken=\"2009-05-06 02:41:05\" datetakengranularity=\"0\"
      datetakenunknown=\"0\" ownername=\"&lt;sunshyne&gt;\" realname=\"\" tags=\"schwinn
      vintagebike vintageschwinn\" latitude=\"0\" longitude=\"0\" accuracy=\"0\" context=\"0\"
      media=\"photo\" media_status=\"ready\" url_sq=\"https://live.staticflickr.com/3312/3508247937_914feaa548_s.jpg\"
      height_sq=\"75\" width_sq=\"75\" url_t=\"https://live.staticflickr.com/3312/3508247937_914feaa548_t.jpg\"
      height_t=\"75\" width_t=\"100\" url_s=\"https://live.staticflickr.com/3312/3508247937_914feaa548_m.jpg\"
      height_s=\"180\" width_s=\"240\" url_m=\"https://live.staticflickr.com/3312/3508247937_914feaa548.jpg\"
      height_m=\"375\" width_m=\"500\" url_q=\"https://live.staticflickr.com/3312/3508247937_914feaa548_q.jpg\"
      height_q=\"150\" width_q=\"150\" url_l=\"https://live.staticflickr.com/3312/3508247937_914feaa548_b.jpg\"
      height_l=\"768\" width_l=\"1024\">\n\t\t<description>We rescued this bike from
      it&#039;s demise... Does anyone know anything about it??? \n\nIt has a sweetheart
      sprocket, and I know that&#039;s old... \n\n For all my  looking on the internet,
      it was identical to a 1938 Scwhinn Ace, but I can&#039;t confirm that.....</description>\n\t</photo>\n\t<photo
      id=\"3509057912\" owner=\"25653675@N00\" secret=\"87a92fda07\" server=\"3618\"
      farm=\"4\" title=\"Vintage Schwinn - unknown, Arnold Scwhinn &amp; Co. badge\"
      ispublic=\"1\" isfriend=\"0\" isfamily=\"0\" license=\"0\" safety_level=\"0\"
      dateupload=\"1241653550\" datetaken=\"2009-05-06 02:40:38\" datetakengranularity=\"0\"
      datetakenunknown=\"0\" ownername=\"&lt;sunshyne&gt;\" realname=\"\" tags=\"schwinn
      vintagebike vintageschwinn\" latitude=\"0\" longitude=\"0\" accuracy=\"0\" context=\"0\"
      media=\"photo\" media_status=\"ready\" url_sq=\"https://live.staticflickr.com/3618/3509057912_87a92fda07_s.jpg\"
      height_sq=\"75\" width_sq=\"75\" url_t=\"https://live.staticflickr.com/3618/3509057912_87a92fda07_t.jpg\"
      height_t=\"100\" width_t=\"75\" url_s=\"https://live.staticflickr.com/3618/3509057912_87a92fda07_m.jpg\"
      height_s=\"240\" width_s=\"180\" url_m=\"https://live.staticflickr.com/3618/3509057912_87a92fda07.jpg\"
      height_m=\"500\" width_m=\"375\" url_q=\"https://live.staticflickr.com/3618/3509057912_87a92fda07_q.jpg\"
      height_q=\"150\" width_q=\"150\" url_l=\"https://live.staticflickr.com/3618/3509057912_87a92fda07_b.jpg\"
      height_l=\"1024\" width_l=\"768\">\n\t\t<description>If anyone has any information
      on this vintage Schwinn, I&#039;d really appreciate it..</description>\n\t</photo>\n\t<photo
      id=\"3497255747\" owner=\"25653675@N00\" secret=\"8c0e8e457f\" server=\"3300\"
      farm=\"4\" title=\"Flower Blanket for baby Nori\" ispublic=\"1\" isfriend=\"0\"
      isfamily=\"0\" license=\"0\" safety_level=\"0\" dateupload=\"1241374325\" datetaken=\"2009-05-01
      06:50:26\" datetakengranularity=\"0\" datetakenunknown=\"0\" ownername=\"&lt;sunshyne&gt;\"
      realname=\"\" tags=\"crochet flowerblanket crochet2009\" latitude=\"0\" longitude=\"0\"
      accuracy=\"0\" context=\"0\" media=\"photo\" media_status=\"ready\" url_sq=\"https://live.staticflickr.com/3300/3497255747_8c0e8e457f_s.jpg\"
      height_sq=\"75\" width_sq=\"75\" url_t=\"https://live.staticflickr.com/3300/3497255747_8c0e8e457f_t.jpg\"
      height_t=\"92\" width_t=\"100\" url_s=\"https://live.staticflickr.com/3300/3497255747_8c0e8e457f_m.jpg\"
      height_s=\"221\" width_s=\"240\" url_m=\"https://live.staticflickr.com/3300/3497255747_8c0e8e457f.jpg\"
      height_m=\"460\" width_m=\"500\" url_q=\"https://live.staticflickr.com/3300/3497255747_8c0e8e457f_q.jpg\"
      height_q=\"150\" width_q=\"150\" url_l=\"https://live.staticflickr.com/3300/3497255747_8c0e8e457f_b.jpg\"
      height_l=\"941\" width_l=\"1024\">\n\t\t<description />\n\t</photo>\n\t<photo
      id=\"3470569209\" owner=\"25653675@N00\" secret=\"6e8f3eaaee\" server=\"3556\"
      farm=\"4\" title=\"024\" ispublic=\"1\" isfriend=\"0\" isfamily=\"0\" license=\"0\"
      safety_level=\"0\" dateupload=\"1240590879\" datetaken=\"2009-04-23 19:24:31\"
      datetakengranularity=\"0\" datetakenunknown=\"0\" ownername=\"&lt;sunshyne&gt;\"
      realname=\"\" tags=\"\" latitude=\"0\" longitude=\"0\" accuracy=\"0\" context=\"0\"
      media=\"photo\" media_status=\"ready\" url_sq=\"https://live.staticflickr.com/3556/3470569209_6e8f3eaaee_s.jpg\"
      height_sq=\"75\" width_sq=\"75\" url_t=\"https://live.staticflickr.com/3556/3470569209_6e8f3eaaee_t.jpg\"
      height_t=\"100\" width_t=\"75\" url_s=\"https://live.staticflickr.com/3556/3470569209_6e8f3eaaee_m.jpg\"
      height_s=\"240\" width_s=\"180\" url_m=\"https://live.staticflickr.com/3556/3470569209_6e8f3eaaee.jpg\"
      height_m=\"500\" width_m=\"375\" url_q=\"https://live.staticflickr.com/3556/3470569209_6e8f3eaaee_q.jpg\"
      height_q=\"150\" width_q=\"150\" url_l=\"https://live.staticflickr.com/3556/3470569209_6e8f3eaaee_b.jpg\"
      height_l=\"1024\" width_l=\"768\">\n\t\t<description />\n\t</photo>\n\t<photo
      id=\"3470568209\" owner=\"25653675@N00\" secret=\"32a55fa2ec\" server=\"3553\"
      farm=\"4\" title=\"016\" ispublic=\"1\" isfriend=\"0\" isfamily=\"0\" license=\"0\"
      safety_level=\"0\" dateupload=\"1240590851\" datetaken=\"2009-04-20 18:59:04\"
      datetakengranularity=\"0\" datetakenunknown=\"0\" ownername=\"&lt;sunshyne&gt;\"
      realname=\"\" tags=\"\" latitude=\"0\" longitude=\"0\" accuracy=\"0\" context=\"0\"
      media=\"photo\" media_status=\"ready\" url_sq=\"https://live.staticflickr.com/3553/3470568209_32a55fa2ec_s.jpg\"
      height_sq=\"75\" width_sq=\"75\" url_t=\"https://live.staticflickr.com/3553/3470568209_32a55fa2ec_t.jpg\"
      height_t=\"75\" width_t=\"100\" url_s=\"https://live.staticflickr.com/3553/3470568209_32a55fa2ec_m.jpg\"
      height_s=\"180\" width_s=\"240\" url_m=\"https://live.staticflickr.com/3553/3470568209_32a55fa2ec.jpg\"
      height_m=\"375\" width_m=\"500\" url_q=\"https://live.staticflickr.com/3553/3470568209_32a55fa2ec_q.jpg\"
      height_q=\"150\" width_q=\"150\" url_l=\"https://live.staticflickr.com/3553/3470568209_32a55fa2ec_b.jpg\"
      height_l=\"768\" width_l=\"1024\">\n\t\t<description />\n\t</photo>\n\t<photo
      id=\"3471382048\" owner=\"25653675@N00\" secret=\"812f7cd466\" server=\"3604\"
      farm=\"4\" title=\"013\" ispublic=\"1\" isfriend=\"0\" isfamily=\"0\" license=\"0\"
      safety_level=\"0\" dateupload=\"1240590836\" datetaken=\"2009-04-20 18:58:21\"
      datetakengranularity=\"0\" datetakenunknown=\"0\" ownername=\"&lt;sunshyne&gt;\"
      realname=\"\" tags=\"\" latitude=\"0\" longitude=\"0\" accuracy=\"0\" context=\"0\"
      media=\"photo\" media_status=\"ready\" url_sq=\"https://live.staticflickr.com/3604/3471382048_812f7cd466_s.jpg\"
      height_sq=\"75\" width_sq=\"75\" url_t=\"https://live.staticflickr.com/3604/3471382048_812f7cd466_t.jpg\"
      height_t=\"75\" width_t=\"100\" url_s=\"https://live.staticflickr.com/3604/3471382048_812f7cd466_m.jpg\"
      height_s=\"180\" width_s=\"240\" url_m=\"https://live.staticflickr.com/3604/3471382048_812f7cd466.jpg\"
      height_m=\"375\" width_m=\"500\" url_q=\"https://live.staticflickr.com/3604/3471382048_812f7cd466_q.jpg\"
      height_q=\"150\" width_q=\"150\" url_l=\"https://live.staticflickr.com/3604/3471382048_812f7cd466_b.jpg\"
      height_l=\"768\" width_l=\"1024\">\n\t\t<description />\n\t</photo>\n\t<photo
      id=\"3442382443\" owner=\"25653675@N00\" secret=\"3229a38ecb\" server=\"3306\"
      farm=\"4\" title=\"Nancy&#039;s tallest crown!\" ispublic=\"1\" isfriend=\"0\"
      isfamily=\"0\" license=\"0\" safety_level=\"0\" dateupload=\"1239749462\" datetaken=\"2009-04-12
      03:34:18\" datetakengranularity=\"0\" datetakenunknown=\"0\" ownername=\"&lt;sunshyne&gt;\"
      realname=\"\" tags=\"crafty crowns easter2009\" latitude=\"0\" longitude=\"0\"
      accuracy=\"0\" context=\"0\" media=\"photo\" media_status=\"ready\" url_sq=\"https://live.staticflickr.com/3306/3442382443_3229a38ecb_s.jpg\"
      height_sq=\"75\" width_sq=\"75\" url_t=\"https://live.staticflickr.com/3306/3442382443_3229a38ecb_t.jpg\"
      height_t=\"82\" width_t=\"100\" url_s=\"https://live.staticflickr.com/3306/3442382443_3229a38ecb_m.jpg\"
      height_s=\"196\" width_s=\"240\" url_m=\"https://live.staticflickr.com/3306/3442382443_3229a38ecb.jpg\"
      height_m=\"409\" width_m=\"500\" url_q=\"https://live.staticflickr.com/3306/3442382443_3229a38ecb_q.jpg\"
      height_q=\"150\" width_q=\"150\" url_l=\"https://live.staticflickr.com/3306/3442382443_3229a38ecb_b.jpg\"
      height_l=\"838\" width_l=\"1024\">\n\t\t<description />\n\t</photo>\n\t<photo
      id=\"3443199122\" owner=\"25653675@N00\" secret=\"1cb7768855\" server=\"3377\"
      farm=\"4\" title=\"making crowns is fun!\" ispublic=\"1\" isfriend=\"0\" isfamily=\"0\"
      license=\"0\" safety_level=\"0\" dateupload=\"1239749455\" datetaken=\"2009-04-12
      03:33:49\" datetakengranularity=\"0\" datetakenunknown=\"0\" ownername=\"&lt;sunshyne&gt;\"
      realname=\"\" tags=\"crafty crowns easter2009\" latitude=\"0\" longitude=\"0\"
      accuracy=\"0\" context=\"0\" media=\"photo\" media_status=\"ready\" url_sq=\"https://live.staticflickr.com/3377/3443199122_1cb7768855_s.jpg\"
      height_sq=\"75\" width_sq=\"75\" url_t=\"https://live.staticflickr.com/3377/3443199122_1cb7768855_t.jpg\"
      height_t=\"87\" width_t=\"100\" url_s=\"https://live.staticflickr.com/3377/3443199122_1cb7768855_m.jpg\"
      height_s=\"208\" width_s=\"240\" url_m=\"https://live.staticflickr.com/3377/3443199122_1cb7768855.jpg\"
      height_m=\"434\" width_m=\"500\" url_q=\"https://live.staticflickr.com/3377/3443199122_1cb7768855_q.jpg\"
      height_q=\"150\" width_q=\"150\" url_l=\"https://live.staticflickr.com/3377/3443199122_1cb7768855_b.jpg\"
      height_l=\"888\" width_l=\"1024\">\n\t\t<description />\n\t</photo>\n\t<photo
      id=\"3442381777\" owner=\"25653675@N00\" secret=\"cd7a7043b2\" server=\"3574\"
      farm=\"4\" title=\"inscription: Mark 10:14\" ispublic=\"1\" isfriend=\"0\" isfamily=\"0\"
      license=\"0\" safety_level=\"0\" dateupload=\"1239749443\" datetaken=\"2009-04-10
      06:27:34\" datetakengranularity=\"0\" datetakenunknown=\"0\" ownername=\"&lt;sunshyne&gt;\"
      realname=\"\" tags=\"crafty crowns easter2009\" latitude=\"0\" longitude=\"0\"
      accuracy=\"0\" context=\"0\" media=\"photo\" media_status=\"ready\" url_sq=\"https://live.staticflickr.com/3574/3442381777_cd7a7043b2_s.jpg\"
      height_sq=\"75\" width_sq=\"75\" url_t=\"https://live.staticflickr.com/3574/3442381777_cd7a7043b2_t.jpg\"
      height_t=\"75\" width_t=\"100\" url_s=\"https://live.staticflickr.com/3574/3442381777_cd7a7043b2_m.jpg\"
      height_s=\"180\" width_s=\"240\" url_m=\"https://live.staticflickr.com/3574/3442381777_cd7a7043b2.jpg\"
      height_m=\"375\" width_m=\"500\" url_q=\"https://live.staticflickr.com/3574/3442381777_cd7a7043b2_q.jpg\"
      height_q=\"150\" width_q=\"150\" url_l=\"https://live.staticflickr.com/3574/3442381777_cd7a7043b2_b.jpg\"
      height_l=\"768\" width_l=\"1024\">\n\t\t<description>Let the little children
      come to me and do not hinder them, for the kingdom of God belongs to such as
      these.</description>\n\t</photo>\n\t<photo id=\"3442380765\" owner=\"25653675@N00\"
      secret=\"0c24c2be21\" server=\"3306\" farm=\"4\" title=\"eyelets\" ispublic=\"1\"
      isfriend=\"0\" isfamily=\"0\" license=\"0\" safety_level=\"0\" dateupload=\"1239749417\"
      datetaken=\"2009-04-10 06:26:25\" datetakengranularity=\"0\" datetakenunknown=\"0\"
      ownername=\"&lt;sunshyne&gt;\" realname=\"\" tags=\"crafty crowns easter2009\"
      latitude=\"0\" longitude=\"0\" accuracy=\"0\" context=\"0\" media=\"photo\"
      media_status=\"ready\" url_sq=\"https://live.staticflickr.com/3306/3442380765_0c24c2be21_s.jpg\"
      height_sq=\"75\" width_sq=\"75\" url_t=\"https://live.staticflickr.com/3306/3442380765_0c24c2be21_t.jpg\"
      height_t=\"75\" width_t=\"100\" url_s=\"https://live.staticflickr.com/3306/3442380765_0c24c2be21_m.jpg\"
      height_s=\"180\" width_s=\"240\" url_m=\"https://live.staticflickr.com/3306/3442380765_0c24c2be21.jpg\"
      height_m=\"375\" width_m=\"500\" url_q=\"https://live.staticflickr.com/3306/3442380765_0c24c2be21_q.jpg\"
      height_q=\"150\" width_q=\"150\" url_l=\"https://live.staticflickr.com/3306/3442380765_0c24c2be21_b.jpg\"
      height_l=\"768\" width_l=\"1024\">\n\t\t<description>I had to add metal eyelets
      and elastic cord so the adults could wear them.</description>\n\t</photo>\n\t<photo
      id=\"3443196896\" owner=\"25653675@N00\" secret=\"6ff72bc776\" server=\"3040\"
      farm=\"4\" title=\"painting\" ispublic=\"1\" isfriend=\"0\" isfamily=\"0\" license=\"0\"
      safety_level=\"0\" dateupload=\"1239749393\" datetaken=\"2009-04-10 02:22:45\"
      datetakengranularity=\"0\" datetakenunknown=\"0\" ownername=\"&lt;sunshyne&gt;\"
      realname=\"\" tags=\"crafty crowns easter2009\" latitude=\"0\" longitude=\"0\"
      accuracy=\"0\" context=\"0\" media=\"photo\" media_status=\"ready\" url_sq=\"https://live.staticflickr.com/3040/3443196896_6ff72bc776_s.jpg\"
      height_sq=\"75\" width_sq=\"75\" url_t=\"https://live.staticflickr.com/3040/3443196896_6ff72bc776_t.jpg\"
      height_t=\"100\" width_t=\"75\" url_s=\"https://live.staticflickr.com/3040/3443196896_6ff72bc776_m.jpg\"
      height_s=\"240\" width_s=\"180\" url_m=\"https://live.staticflickr.com/3040/3443196896_6ff72bc776.jpg\"
      height_m=\"500\" width_m=\"375\" url_q=\"https://live.staticflickr.com/3040/3443196896_6ff72bc776_q.jpg\"
      height_q=\"150\" width_q=\"150\" url_l=\"https://live.staticflickr.com/3040/3443196896_6ff72bc776_b.jpg\"
      height_l=\"1024\" width_l=\"768\">\n\t\t<description>they were white, so I had
      to make them prettier.</description>\n\t</photo>\n\t<photo id=\"3425802036\"
      owner=\"25653675@N00\" secret=\"587265be8f\" server=\"3413\" farm=\"4\" title=\"Little
      Piggy for Anna\" ispublic=\"1\" isfriend=\"0\" isfamily=\"0\" license=\"0\"
      safety_level=\"0\" dateupload=\"1239247993\" datetaken=\"2009-04-08 01:58:59\"
      datetakengranularity=\"0\" datetakenunknown=\"0\" ownername=\"&lt;sunshyne&gt;\"
      realname=\"\" tags=\"crochet crochet2009\" latitude=\"0\" longitude=\"0\" accuracy=\"0\"
      context=\"0\" media=\"photo\" media_status=\"ready\" url_sq=\"https://live.staticflickr.com/3413/3425802036_587265be8f_s.jpg\"
      height_sq=\"75\" width_sq=\"75\" url_t=\"https://live.staticflickr.com/3413/3425802036_587265be8f_t.jpg\"
      height_t=\"75\" width_t=\"100\" url_s=\"https://live.staticflickr.com/3413/3425802036_587265be8f_m.jpg\"
      height_s=\"180\" width_s=\"240\" url_m=\"https://live.staticflickr.com/3413/3425802036_587265be8f.jpg\"
      height_m=\"375\" width_m=\"500\" url_q=\"https://live.staticflickr.com/3413/3425802036_587265be8f_q.jpg\"
      height_q=\"150\" width_q=\"150\" url_l=\"https://live.staticflickr.com/3413/3425802036_587265be8f_b.jpg\"
      height_l=\"768\" width_l=\"1024\">\n\t\t<description />\n\t</photo>\n\t<photo
      id=\"3425801082\" owner=\"25653675@N00\" secret=\"4deb8b4b69\" server=\"3589\"
      farm=\"4\" title=\"piggy again\" ispublic=\"1\" isfriend=\"0\" isfamily=\"0\"
      license=\"0\" safety_level=\"0\" dateupload=\"1239247965\" datetaken=\"2009-04-08
      01:58:44\" datetakengranularity=\"0\" datetakenunknown=\"0\" ownername=\"&lt;sunshyne&gt;\"
      realname=\"\" tags=\"crochet crochet2009\" latitude=\"0\" longitude=\"0\" accuracy=\"0\"
      context=\"0\" media=\"photo\" media_status=\"ready\" url_sq=\"https://live.staticflickr.com/3589/3425801082_4deb8b4b69_s.jpg\"
      height_sq=\"75\" width_sq=\"75\" url_t=\"https://live.staticflickr.com/3589/3425801082_4deb8b4b69_t.jpg\"
      height_t=\"75\" width_t=\"100\" url_s=\"https://live.staticflickr.com/3589/3425801082_4deb8b4b69_m.jpg\"
      height_s=\"180\" width_s=\"240\" url_m=\"https://live.staticflickr.com/3589/3425801082_4deb8b4b69.jpg\"
      height_m=\"375\" width_m=\"500\" url_q=\"https://live.staticflickr.com/3589/3425801082_4deb8b4b69_q.jpg\"
      height_q=\"150\" width_q=\"150\" url_l=\"https://live.staticflickr.com/3589/3425801082_4deb8b4b69_b.jpg\"
      height_l=\"768\" width_l=\"1024\">\n\t\t<description />\n\t</photo>\n\t<photo
      id=\"3425800210\" owner=\"25653675@N00\" secret=\"03e33a8f8f\" server=\"3637\"
      farm=\"4\" title=\"piggy to the side\" ispublic=\"1\" isfriend=\"0\" isfamily=\"0\"
      license=\"0\" safety_level=\"0\" dateupload=\"1239247937\" datetaken=\"2009-04-08
      01:10:52\" datetakengranularity=\"0\" datetakenunknown=\"0\" ownername=\"&lt;sunshyne&gt;\"
      realname=\"\" tags=\"crochet crochet2009\" latitude=\"0\" longitude=\"0\" accuracy=\"0\"
      context=\"0\" media=\"photo\" media_status=\"ready\" url_sq=\"https://live.staticflickr.com/3637/3425800210_03e33a8f8f_s.jpg\"
      height_sq=\"75\" width_sq=\"75\" url_t=\"https://live.staticflickr.com/3637/3425800210_03e33a8f8f_t.jpg\"
      height_t=\"75\" width_t=\"100\" url_s=\"https://live.staticflickr.com/3637/3425800210_03e33a8f8f_m.jpg\"
      height_s=\"180\" width_s=\"240\" url_m=\"https://live.staticflickr.com/3637/3425800210_03e33a8f8f.jpg\"
      height_m=\"375\" width_m=\"500\" url_q=\"https://live.staticflickr.com/3637/3425800210_03e33a8f8f_q.jpg\"
      height_q=\"150\" width_q=\"150\" url_l=\"https://live.staticflickr.com/3637/3425800210_03e33a8f8f_b.jpg\"
      height_l=\"768\" width_l=\"1024\">\n\t\t<description />\n\t</photo>\n\t<photo
      id=\"3424991027\" owner=\"25653675@N00\" secret=\"974014b747\" server=\"3316\"
      farm=\"4\" title=\"I like his funny curled ear.\" ispublic=\"1\" isfriend=\"0\"
      isfamily=\"0\" license=\"0\" safety_level=\"0\" dateupload=\"1239247909\" datetaken=\"2009-04-08
      01:10:25\" datetakengranularity=\"0\" datetakenunknown=\"0\" ownername=\"&lt;sunshyne&gt;\"
      realname=\"\" tags=\"crochet crochet2009\" latitude=\"0\" longitude=\"0\" accuracy=\"0\"
      context=\"0\" media=\"photo\" media_status=\"ready\" url_sq=\"https://live.staticflickr.com/3316/3424991027_974014b747_s.jpg\"
      height_sq=\"75\" width_sq=\"75\" url_t=\"https://live.staticflickr.com/3316/3424991027_974014b747_t.jpg\"
      height_t=\"75\" width_t=\"100\" url_s=\"https://live.staticflickr.com/3316/3424991027_974014b747_m.jpg\"
      height_s=\"180\" width_s=\"240\" url_m=\"https://live.staticflickr.com/3316/3424991027_974014b747.jpg\"
      height_m=\"375\" width_m=\"500\" url_q=\"https://live.staticflickr.com/3316/3424991027_974014b747_q.jpg\"
      height_q=\"150\" width_q=\"150\" url_l=\"https://live.staticflickr.com/3316/3424991027_974014b747_b.jpg\"
      height_l=\"768\" width_l=\"1024\">\n\t\t<description />\n\t</photo>\n\t<photo
      id=\"3424990291\" owner=\"25653675@N00\" secret=\"02b9a0871d\" server=\"3352\"
      farm=\"4\" title=\"and the curly tail\" ispublic=\"1\" isfriend=\"0\" isfamily=\"0\"
      license=\"0\" safety_level=\"0\" dateupload=\"1239247889\" datetaken=\"2009-04-08
      01:09:48\" datetakengranularity=\"0\" datetakenunknown=\"0\" ownername=\"&lt;sunshyne&gt;\"
      realname=\"\" tags=\"crochet crochet2009\" latitude=\"0\" longitude=\"0\" accuracy=\"0\"
      context=\"0\" media=\"photo\" media_status=\"ready\" url_sq=\"https://live.staticflickr.com/3352/3424990291_02b9a0871d_s.jpg\"
      height_sq=\"75\" width_sq=\"75\" url_t=\"https://live.staticflickr.com/3352/3424990291_02b9a0871d_t.jpg\"
      height_t=\"75\" width_t=\"100\" url_s=\"https://live.staticflickr.com/3352/3424990291_02b9a0871d_m.jpg\"
      height_s=\"180\" width_s=\"240\" url_m=\"https://live.staticflickr.com/3352/3424990291_02b9a0871d.jpg\"
      height_m=\"375\" width_m=\"500\" url_q=\"https://live.staticflickr.com/3352/3424990291_02b9a0871d_q.jpg\"
      height_q=\"150\" width_q=\"150\" url_l=\"https://live.staticflickr.com/3352/3424990291_02b9a0871d_b.jpg\"
      height_l=\"768\" width_l=\"1024\">\n\t\t<description />\n\t</photo>\n\t<photo
      id=\"3408360062\" owner=\"25653675@N00\" secret=\"43998d3f4b\" server=\"3392\"
      farm=\"4\" title=\"I taught my Barbie to knit.\" ispublic=\"1\" isfriend=\"0\"
      isfamily=\"0\" license=\"0\" safety_level=\"0\" dateupload=\"1238718107\" datetaken=\"2009-04-01
      01:47:00\" datetakengranularity=\"0\" datetakenunknown=\"0\" ownername=\"&lt;sunshyne&gt;\"
      realname=\"\" tags=\"knit knit2009\" latitude=\"0\" longitude=\"0\" accuracy=\"0\"
      context=\"0\" media=\"photo\" media_status=\"ready\" url_sq=\"https://live.staticflickr.com/3392/3408360062_43998d3f4b_s.jpg\"
      height_sq=\"75\" width_sq=\"75\" url_t=\"https://live.staticflickr.com/3392/3408360062_43998d3f4b_t.jpg\"
      height_t=\"100\" width_t=\"75\" url_s=\"https://live.staticflickr.com/3392/3408360062_43998d3f4b_m.jpg\"
      height_s=\"240\" width_s=\"180\" url_m=\"https://live.staticflickr.com/3392/3408360062_43998d3f4b.jpg\"
      height_m=\"500\" width_m=\"375\" url_q=\"https://live.staticflickr.com/3392/3408360062_43998d3f4b_q.jpg\"
      height_q=\"150\" width_q=\"150\" url_l=\"https://live.staticflickr.com/3392/3408360062_43998d3f4b_b.jpg\"
      height_l=\"1024\" width_l=\"768\">\n\t\t<description />\n\t</photo>\n\t<photo
      id=\"3407550547\" owner=\"25653675@N00\" secret=\"084bde92a6\" server=\"3305\"
      farm=\"4\" title=\"Barbie size ball o&#039; yarn and needles\" ispublic=\"1\"
      isfriend=\"0\" isfamily=\"0\" license=\"0\" safety_level=\"0\" dateupload=\"1238718080\"
      datetaken=\"2009-04-01 00:46:42\" datetakengranularity=\"0\" datetakenunknown=\"0\"
      ownername=\"&lt;sunshyne&gt;\" realname=\"\" tags=\"knit knit2009\" latitude=\"0\"
      longitude=\"0\" accuracy=\"0\" context=\"0\" media=\"photo\" media_status=\"ready\"
      url_sq=\"https://live.staticflickr.com/3305/3407550547_084bde92a6_s.jpg\" height_sq=\"75\"
      width_sq=\"75\" url_t=\"https://live.staticflickr.com/3305/3407550547_084bde92a6_t.jpg\"
      height_t=\"75\" width_t=\"100\" url_s=\"https://live.staticflickr.com/3305/3407550547_084bde92a6_m.jpg\"
      height_s=\"180\" width_s=\"240\" url_m=\"https://live.staticflickr.com/3305/3407550547_084bde92a6.jpg\"
      height_m=\"375\" width_m=\"500\" url_q=\"https://live.staticflickr.com/3305/3407550547_084bde92a6_q.jpg\"
      height_q=\"150\" width_q=\"150\" url_l=\"https://live.staticflickr.com/3305/3407550547_084bde92a6_b.jpg\"
      height_l=\"768\" width_l=\"1024\">\n\t\t<description />\n\t</photo>\n\t<photo
      id=\"3407549755\" owner=\"25653675@N00\" secret=\"25e5de2fee\" server=\"3648\"
      farm=\"4\" title=\"pink button detail\" ispublic=\"1\" isfriend=\"0\" isfamily=\"0\"
      license=\"0\" safety_level=\"0\" dateupload=\"1238718057\" datetaken=\"2009-03-31
      22:28:34\" datetakengranularity=\"0\" datetakenunknown=\"0\" ownername=\"&lt;sunshyne&gt;\"
      realname=\"\" tags=\"knit knit2009\" latitude=\"0\" longitude=\"0\" accuracy=\"0\"
      context=\"0\" media=\"photo\" media_status=\"ready\" url_sq=\"https://live.staticflickr.com/3648/3407549755_25e5de2fee_s.jpg\"
      height_sq=\"75\" width_sq=\"75\" url_t=\"https://live.staticflickr.com/3648/3407549755_25e5de2fee_t.jpg\"
      height_t=\"75\" width_t=\"100\" url_s=\"https://live.staticflickr.com/3648/3407549755_25e5de2fee_m.jpg\"
      height_s=\"180\" width_s=\"240\" url_m=\"https://live.staticflickr.com/3648/3407549755_25e5de2fee.jpg\"
      height_m=\"375\" width_m=\"500\" url_q=\"https://live.staticflickr.com/3648/3407549755_25e5de2fee_q.jpg\"
      height_q=\"150\" width_q=\"150\" url_l=\"https://live.staticflickr.com/3648/3407549755_25e5de2fee_b.jpg\"
      height_l=\"768\" width_l=\"1024\">\n\t\t<description />\n\t</photo>\n\t<photo
      id=\"3408357798\" owner=\"25653675@N00\" secret=\"fbd48ae9b2\" server=\"3541\"
      farm=\"4\" title=\"crochet pink flower detail\" ispublic=\"1\" isfriend=\"0\"
      isfamily=\"0\" license=\"0\" safety_level=\"0\" dateupload=\"1238718034\" datetaken=\"2009-03-31
      22:28:21\" datetakengranularity=\"0\" datetakenunknown=\"0\" ownername=\"&lt;sunshyne&gt;\"
      realname=\"\" tags=\"knit knit2009\" latitude=\"0\" longitude=\"0\" accuracy=\"0\"
      context=\"0\" media=\"photo\" media_status=\"ready\" url_sq=\"https://live.staticflickr.com/3541/3408357798_fbd48ae9b2_s.jpg\"
      height_sq=\"75\" width_sq=\"75\" url_t=\"https://live.staticflickr.com/3541/3408357798_fbd48ae9b2_t.jpg\"
      height_t=\"75\" width_t=\"100\" url_s=\"https://live.staticflickr.com/3541/3408357798_fbd48ae9b2_m.jpg\"
      height_s=\"180\" width_s=\"240\" url_m=\"https://live.staticflickr.com/3541/3408357798_fbd48ae9b2.jpg\"
      height_m=\"375\" width_m=\"500\" url_q=\"https://live.staticflickr.com/3541/3408357798_fbd48ae9b2_q.jpg\"
      height_q=\"150\" width_q=\"150\" url_l=\"https://live.staticflickr.com/3541/3408357798_fbd48ae9b2_b.jpg\"
      height_l=\"768\" width_l=\"1024\">\n\t\t<description />\n\t</photo>\n\t<photo
      id=\"3407548327\" owner=\"25653675@N00\" secret=\"67acfa11f9\" server=\"3598\"
      farm=\"4\" title=\"baby bib\" ispublic=\"1\" isfriend=\"0\" isfamily=\"0\" license=\"0\"
      safety_level=\"0\" dateupload=\"1238718009\" datetaken=\"2009-03-31 22:27:13\"
      datetakengranularity=\"0\" datetakenunknown=\"0\" ownername=\"&lt;sunshyne&gt;\"
      realname=\"\" tags=\"knit knit2009\" latitude=\"0\" longitude=\"0\" accuracy=\"0\"
      context=\"0\" media=\"photo\" media_status=\"ready\" url_sq=\"https://live.staticflickr.com/3598/3407548327_67acfa11f9_s.jpg\"
      height_sq=\"75\" width_sq=\"75\" url_t=\"https://live.staticflickr.com/3598/3407548327_67acfa11f9_t.jpg\"
      height_t=\"100\" width_t=\"100\" url_s=\"https://live.staticflickr.com/3598/3407548327_67acfa11f9_m.jpg\"
      height_s=\"240\" width_s=\"239\" url_m=\"https://live.staticflickr.com/3598/3407548327_67acfa11f9.jpg\"
      height_m=\"500\" width_m=\"498\" url_q=\"https://live.staticflickr.com/3598/3407548327_67acfa11f9_q.jpg\"
      height_q=\"150\" width_q=\"150\" url_l=\"https://live.staticflickr.com/3598/3407548327_67acfa11f9_b.jpg\"
      height_l=\"1024\" width_l=\"1021\">\n\t\t<description>Mason Dixon bib and crochet
      flower.</description>\n\t</photo>\n\t<photo id=\"3407548219\" owner=\"25653675@N00\"
      secret=\"76c34cb383\" server=\"3353\" farm=\"4\" title=\"matching bibs\" ispublic=\"1\"
      isfriend=\"0\" isfamily=\"0\" license=\"0\" safety_level=\"0\" dateupload=\"1238718006\"
      datetaken=\"2009-03-31 22:25:53\" datetakengranularity=\"0\" datetakenunknown=\"0\"
      ownername=\"&lt;sunshyne&gt;\" realname=\"\" tags=\"knit masondixonknitting
      knit2009\" latitude=\"0\" longitude=\"0\" accuracy=\"0\" context=\"0\" media=\"photo\"
      media_status=\"ready\" url_sq=\"https://live.staticflickr.com/3353/3407548219_76c34cb383_s.jpg\"
      height_sq=\"75\" width_sq=\"75\" url_t=\"https://live.staticflickr.com/3353/3407548219_76c34cb383_t.jpg\"
      height_t=\"81\" width_t=\"100\" url_s=\"https://live.staticflickr.com/3353/3407548219_76c34cb383_m.jpg\"
      height_s=\"194\" width_s=\"240\" url_m=\"https://live.staticflickr.com/3353/3407548219_76c34cb383.jpg\"
      height_m=\"404\" width_m=\"500\" url_q=\"https://live.staticflickr.com/3353/3407548219_76c34cb383_q.jpg\"
      height_q=\"150\" width_q=\"150\" url_l=\"https://live.staticflickr.com/3353/3407548219_76c34cb383_b.jpg\"
      height_l=\"828\" width_l=\"1024\">\n\t\t<description>Used a pattern from Mason-Dixon
      Knitting.</description>\n\t</photo>\n\t<photo id=\"3407548091\" owner=\"25653675@N00\"
      secret=\"687f44f04a\" server=\"3371\" farm=\"4\" title=\"The Martha Stewart
      scarf\" ispublic=\"1\" isfriend=\"0\" isfamily=\"0\" license=\"0\" safety_level=\"0\"
      dateupload=\"1238718003\" datetaken=\"2009-03-31 06:54:42\" datetakengranularity=\"0\"
      datetakenunknown=\"0\" ownername=\"&lt;sunshyne&gt;\" realname=\"\" tags=\"knit
      knit2009\" latitude=\"0\" longitude=\"0\" accuracy=\"0\" context=\"0\" media=\"photo\"
      media_status=\"ready\" url_sq=\"https://live.staticflickr.com/3371/3407548091_687f44f04a_s.jpg\"
      height_sq=\"75\" width_sq=\"75\" url_t=\"https://live.staticflickr.com/3371/3407548091_687f44f04a_t.jpg\"
      height_t=\"100\" width_t=\"67\" url_s=\"https://live.staticflickr.com/3371/3407548091_687f44f04a_m.jpg\"
      height_s=\"240\" width_s=\"160\" url_m=\"https://live.staticflickr.com/3371/3407548091_687f44f04a.jpg\"
      height_m=\"500\" width_m=\"333\" url_q=\"https://live.staticflickr.com/3371/3407548091_687f44f04a_q.jpg\"
      height_q=\"150\" width_q=\"150\" url_l=\"https://live.staticflickr.com/3371/3407548091_687f44f04a_b.jpg\"
      height_l=\"1024\" width_l=\"683\">\n\t\t<description>I got the yarn for this
      scarf as a gift when I visited The Martha Stewart Show.. It&#039;s not my favorite,
      but perfect for my 10-year old</description>\n\t</photo>\n\t<photo id=\"3407548011\"
      owner=\"25653675@N00\" secret=\"f1c0aa7b2b\" server=\"3198\" farm=\"4\" title=\"The
      Martha Stewart scarf\" ispublic=\"1\" isfriend=\"0\" isfamily=\"0\" license=\"0\"
      safety_level=\"0\" dateupload=\"1238717999\" datetaken=\"2009-03-31 06:53:57\"
      datetakengranularity=\"0\" datetakenunknown=\"0\" ownername=\"&lt;sunshyne&gt;\"
      realname=\"\" tags=\"knit knit2009\" latitude=\"0\" longitude=\"0\" accuracy=\"0\"
      context=\"0\" media=\"photo\" media_status=\"ready\" url_sq=\"https://live.staticflickr.com/3198/3407548011_f1c0aa7b2b_s.jpg\"
      height_sq=\"75\" width_sq=\"75\" url_t=\"https://live.staticflickr.com/3198/3407548011_f1c0aa7b2b_t.jpg\"
      height_t=\"100\" width_t=\"67\" url_s=\"https://live.staticflickr.com/3198/3407548011_f1c0aa7b2b_m.jpg\"
      height_s=\"240\" width_s=\"160\" url_m=\"https://live.staticflickr.com/3198/3407548011_f1c0aa7b2b.jpg\"
      height_m=\"500\" width_m=\"334\" url_q=\"https://live.staticflickr.com/3198/3407548011_f1c0aa7b2b_q.jpg\"
      height_q=\"150\" width_q=\"150\" url_l=\"https://live.staticflickr.com/3198/3407548011_f1c0aa7b2b_b.jpg\"
      height_l=\"1024\" width_l=\"683\">\n\t\t<description>I got the yarn for this
      scarf as a gift when I visited The Martha Stewart Show.. It&#039;s not my favorite,
      but perfect for my 10-year old</description>\n\t</photo>\n\t<photo id=\"3395758085\"
      owner=\"25653675@N00\" secret=\"d5585fe738\" server=\"3460\" farm=\"4\" title=\"me
      in times square\" ispublic=\"1\" isfriend=\"0\" isfamily=\"0\" license=\"0\"
      safety_level=\"0\" dateupload=\"1238360529\" datetaken=\"2009-03-18 03:54:51\"
      datetakengranularity=\"0\" datetakenunknown=\"0\" ownername=\"&lt;sunshyne&gt;\"
      realname=\"\" tags=\"newyork marthastewart newyorktrip\" latitude=\"0\" longitude=\"0\"
      accuracy=\"0\" context=\"0\" media=\"photo\" media_status=\"ready\" url_sq=\"https://live.staticflickr.com/3460/3395758085_d5585fe738_s.jpg\"
      height_sq=\"75\" width_sq=\"75\" url_t=\"https://live.staticflickr.com/3460/3395758085_d5585fe738_t.jpg\"
      height_t=\"100\" width_t=\"75\" url_s=\"https://live.staticflickr.com/3460/3395758085_d5585fe738_m.jpg\"
      height_s=\"240\" width_s=\"180\" url_m=\"https://live.staticflickr.com/3460/3395758085_d5585fe738.jpg\"
      height_m=\"500\" width_m=\"375\" url_q=\"https://live.staticflickr.com/3460/3395758085_d5585fe738_q.jpg\"
      height_q=\"150\" width_q=\"150\" url_l=\"https://live.staticflickr.com/3460/3395758085_d5585fe738_b.jpg\"
      height_l=\"1024\" width_l=\"768\">\n\t\t<description />\n\t</photo>\n\t<photo
      id=\"3395756827\" owner=\"25653675@N00\" secret=\"2e1e1ddc29\" server=\"3417\"
      farm=\"4\" title=\"Sharky and Francesca on their way...\" ispublic=\"1\" isfriend=\"0\"
      isfamily=\"0\" license=\"0\" safety_level=\"0\" dateupload=\"1238360503\" datetaken=\"2009-03-17
      23:47:41\" datetakengranularity=\"0\" datetakenunknown=\"0\" ownername=\"&lt;sunshyne&gt;\"
      realname=\"\" tags=\"newyork marthastewart newyorktrip\" latitude=\"0\" longitude=\"0\"
      accuracy=\"0\" context=\"0\" media=\"photo\" media_status=\"ready\" url_sq=\"https://live.staticflickr.com/3417/3395756827_2e1e1ddc29_s.jpg\"
      height_sq=\"75\" width_sq=\"75\" url_t=\"https://live.staticflickr.com/3417/3395756827_2e1e1ddc29_t.jpg\"
      height_t=\"75\" width_t=\"100\" url_s=\"https://live.staticflickr.com/3417/3395756827_2e1e1ddc29_m.jpg\"
      height_s=\"180\" width_s=\"240\" url_m=\"https://live.staticflickr.com/3417/3395756827_2e1e1ddc29.jpg\"
      height_m=\"375\" width_m=\"500\" url_q=\"https://live.staticflickr.com/3417/3395756827_2e1e1ddc29_q.jpg\"
      height_q=\"150\" width_q=\"150\" url_l=\"https://live.staticflickr.com/3417/3395756827_2e1e1ddc29_b.jpg\"
      height_l=\"768\" width_l=\"1024\">\n\t\t<description />\n\t</photo>\n\t<photo
      id=\"3395755349\" owner=\"25653675@N00\" secret=\"3736b513a8\" server=\"3436\"
      farm=\"4\" title=\"MARTHA!\" ispublic=\"1\" isfriend=\"0\" isfamily=\"0\" license=\"0\"
      safety_level=\"0\" dateupload=\"1238360475\" datetaken=\"2009-03-17 23:38:45\"
      datetakengranularity=\"0\" datetakenunknown=\"0\" ownername=\"&lt;sunshyne&gt;\"
      realname=\"\" tags=\"newyork marthastewart newyorktrip\" latitude=\"0\" longitude=\"0\"
      accuracy=\"0\" context=\"0\" media=\"photo\" media_status=\"ready\" url_sq=\"https://live.staticflickr.com/3436/3395755349_3736b513a8_s.jpg\"
      height_sq=\"75\" width_sq=\"75\" url_t=\"https://live.staticflickr.com/3436/3395755349_3736b513a8_t.jpg\"
      height_t=\"100\" width_t=\"75\" url_s=\"https://live.staticflickr.com/3436/3395755349_3736b513a8_m.jpg\"
      height_s=\"240\" width_s=\"180\" url_m=\"https://live.staticflickr.com/3436/3395755349_3736b513a8.jpg\"
      height_m=\"500\" width_m=\"375\" url_q=\"https://live.staticflickr.com/3436/3395755349_3736b513a8_q.jpg\"
      height_q=\"150\" width_q=\"150\" url_l=\"https://live.staticflickr.com/3436/3395755349_3736b513a8_b.jpg\"
      height_l=\"1024\" width_l=\"768\">\n\t\t<description>I took this photo of Martha
      as she was leaving the set of the show.. I was there for the Yarn Show, which
      aired March 23rd.. I showed off my Baby Yoda Hat - awesome!!</description>\n\t</photo>\n\t<photo
      id=\"3395754023\" owner=\"25653675@N00\" secret=\"f975a43a11\" server=\"3621\"
      farm=\"4\" title=\"The Studio\" ispublic=\"1\" isfriend=\"0\" isfamily=\"0\"
      license=\"0\" safety_level=\"0\" dateupload=\"1238360449\" datetaken=\"2009-03-17
      17:22:16\" datetakengranularity=\"0\" datetakenunknown=\"0\" ownername=\"&lt;sunshyne&gt;\"
      realname=\"\" tags=\"newyork marthastewart newyorktrip\" latitude=\"0\" longitude=\"0\"
      accuracy=\"0\" context=\"0\" media=\"photo\" media_status=\"ready\" url_sq=\"https://live.staticflickr.com/3621/3395754023_f975a43a11_s.jpg\"
      height_sq=\"75\" width_sq=\"75\" url_t=\"https://live.staticflickr.com/3621/3395754023_f975a43a11_t.jpg\"
      height_t=\"100\" width_t=\"75\" url_s=\"https://live.staticflickr.com/3621/3395754023_f975a43a11_m.jpg\"
      height_s=\"240\" width_s=\"180\" url_m=\"https://live.staticflickr.com/3621/3395754023_f975a43a11.jpg\"
      height_m=\"500\" width_m=\"375\" url_q=\"https://live.staticflickr.com/3621/3395754023_f975a43a11_q.jpg\"
      height_q=\"150\" width_q=\"150\" url_l=\"https://live.staticflickr.com/3621/3395754023_f975a43a11_b.jpg\"
      height_l=\"1024\" width_l=\"768\">\n\t\t<description />\n\t</photo>\n\t<photo
      id=\"3396564750\" owner=\"25653675@N00\" secret=\"6119423269\" server=\"3639\"
      farm=\"4\" title=\"Empire State Building\" ispublic=\"1\" isfriend=\"0\" isfamily=\"0\"
      license=\"0\" safety_level=\"0\" dateupload=\"1238360423\" datetaken=\"2009-03-17
      17:12:40\" datetakengranularity=\"0\" datetakenunknown=\"0\" ownername=\"&lt;sunshyne&gt;\"
      realname=\"\" tags=\"newyork marthastewart newyorktrip\" latitude=\"0\" longitude=\"0\"
      accuracy=\"0\" context=\"0\" media=\"photo\" media_status=\"ready\" url_sq=\"https://live.staticflickr.com/3639/3396564750_6119423269_s.jpg\"
      height_sq=\"75\" width_sq=\"75\" url_t=\"https://live.staticflickr.com/3639/3396564750_6119423269_t.jpg\"
      height_t=\"100\" width_t=\"75\" url_s=\"https://live.staticflickr.com/3639/3396564750_6119423269_m.jpg\"
      height_s=\"240\" width_s=\"180\" url_m=\"https://live.staticflickr.com/3639/3396564750_6119423269.jpg\"
      height_m=\"500\" width_m=\"375\" url_q=\"https://live.staticflickr.com/3639/3396564750_6119423269_q.jpg\"
      height_q=\"150\" width_q=\"150\" url_l=\"https://live.staticflickr.com/3639/3396564750_6119423269_b.jpg\"
      height_l=\"1024\" width_l=\"768\">\n\t\t<description />\n\t</photo>\n\t<photo
      id=\"3395751805\" owner=\"25653675@N00\" secret=\"257a802f3e\" server=\"3589\"
      farm=\"4\" title=\"Flat Iron and a taxi\" ispublic=\"1\" isfriend=\"0\" isfamily=\"0\"
      license=\"0\" safety_level=\"0\" dateupload=\"1238360400\" datetaken=\"2009-03-17
      16:45:14\" datetakengranularity=\"0\" datetakenunknown=\"0\" ownername=\"&lt;sunshyne&gt;\"
      realname=\"\" tags=\"newyork marthastewart newyorktrip\" latitude=\"0\" longitude=\"0\"
      accuracy=\"0\" context=\"0\" media=\"photo\" media_status=\"ready\" url_sq=\"https://live.staticflickr.com/3589/3395751805_257a802f3e_s.jpg\"
      height_sq=\"75\" width_sq=\"75\" url_t=\"https://live.staticflickr.com/3589/3395751805_257a802f3e_t.jpg\"
      height_t=\"100\" width_t=\"75\" url_s=\"https://live.staticflickr.com/3589/3395751805_257a802f3e_m.jpg\"
      height_s=\"240\" width_s=\"180\" url_m=\"https://live.staticflickr.com/3589/3395751805_257a802f3e.jpg\"
      height_m=\"500\" width_m=\"375\" url_q=\"https://live.staticflickr.com/3589/3395751805_257a802f3e_q.jpg\"
      height_q=\"150\" width_q=\"150\" url_l=\"https://live.staticflickr.com/3589/3395751805_257a802f3e_b.jpg\"
      height_l=\"1024\" width_l=\"768\">\n\t\t<description />\n\t</photo>\n\t<photo
      id=\"3395656521\" owner=\"25653675@N00\" secret=\"28272c9ba0\" server=\"3659\"
      farm=\"4\" title=\"a few of my favorite things\" ispublic=\"1\" isfriend=\"0\"
      isfamily=\"0\" license=\"0\" safety_level=\"0\" dateupload=\"1238358530\" datetaken=\"2009-03-08
      00:37:21\" datetakengranularity=\"0\" datetakenunknown=\"0\" ownername=\"&lt;sunshyne&gt;\"
      realname=\"\" tags=\"journal crafty crafty2009\" latitude=\"0\" longitude=\"0\"
      accuracy=\"0\" context=\"0\" media=\"photo\" media_status=\"ready\" url_sq=\"https://live.staticflickr.com/3659/3395656521_28272c9ba0_s.jpg\"
      height_sq=\"75\" width_sq=\"75\" url_t=\"https://live.staticflickr.com/3659/3395656521_28272c9ba0_t.jpg\"
      height_t=\"100\" width_t=\"75\" url_s=\"https://live.staticflickr.com/3659/3395656521_28272c9ba0_m.jpg\"
      height_s=\"240\" width_s=\"180\" url_m=\"https://live.staticflickr.com/3659/3395656521_28272c9ba0.jpg\"
      height_m=\"500\" width_m=\"375\" url_q=\"https://live.staticflickr.com/3659/3395656521_28272c9ba0_q.jpg\"
      height_q=\"150\" width_q=\"150\" url_l=\"https://live.staticflickr.com/3659/3395656521_28272c9ba0_b.jpg\"
      height_l=\"1024\" width_l=\"768\">\n\t\t<description>I&#039;ve had this journal
      for a long time and I&#039;ve alway thought it needed a facelift.. it was plain
      craft paper, now it is beautiful!  i added a few more stamps to the empty spot,
      but haven&#039;t takena  picture yet. </description>\n\t</photo>\n\t<photo id=\"3379099831\"
      owner=\"25653675@N00\" secret=\"2bd68fccac\" server=\"3426\" farm=\"4\" title=\"040\"
      ispublic=\"1\" isfriend=\"0\" isfamily=\"0\" license=\"0\" safety_level=\"0\"
      dateupload=\"1237830552\" datetaken=\"2009-03-22 19:18:58\" datetakengranularity=\"0\"
      datetakenunknown=\"0\" ownername=\"&lt;sunshyne&gt;\" realname=\"\" tags=\"\"
      latitude=\"0\" longitude=\"0\" accuracy=\"0\" context=\"0\" media=\"photo\"
      media_status=\"ready\" url_sq=\"https://live.staticflickr.com/3426/3379099831_2bd68fccac_s.jpg\"
      height_sq=\"75\" width_sq=\"75\" url_t=\"https://live.staticflickr.com/3426/3379099831_2bd68fccac_t.jpg\"
      height_t=\"100\" width_t=\"100\" url_s=\"https://live.staticflickr.com/3426/3379099831_2bd68fccac_m.jpg\"
      height_s=\"240\" width_s=\"240\" url_m=\"https://live.staticflickr.com/3426/3379099831_2bd68fccac.jpg\"
      height_m=\"500\" width_m=\"500\" url_q=\"https://live.staticflickr.com/3426/3379099831_2bd68fccac_q.jpg\"
      height_q=\"150\" width_q=\"150\" url_l=\"https://live.staticflickr.com/3426/3379099831_2bd68fccac_b.jpg\"
      height_l=\"1024\" width_l=\"1024\">\n\t\t<description>Felted Baby Hat - knitting
      pattern available: fourlittlesparrows.etsy.com</description>\n\t</photo>\n\t<photo
      id=\"3379916640\" owner=\"25653675@N00\" secret=\"2aa6f9b943\" server=\"3537\"
      farm=\"4\" title=\"031\" ispublic=\"1\" isfriend=\"0\" isfamily=\"0\" license=\"0\"
      safety_level=\"0\" dateupload=\"1237830548\" datetaken=\"2009-03-22 19:14:45\"
      datetakengranularity=\"0\" datetakenunknown=\"0\" ownername=\"&lt;sunshyne&gt;\"
      realname=\"\" tags=\"\" latitude=\"0\" longitude=\"0\" accuracy=\"0\" context=\"0\"
      media=\"photo\" media_status=\"ready\" url_sq=\"https://live.staticflickr.com/3537/3379916640_2aa6f9b943_s.jpg\"
      height_sq=\"75\" width_sq=\"75\" url_t=\"https://live.staticflickr.com/3537/3379916640_2aa6f9b943_t.jpg\"
      height_t=\"100\" width_t=\"100\" url_s=\"https://live.staticflickr.com/3537/3379916640_2aa6f9b943_m.jpg\"
      height_s=\"240\" width_s=\"240\" url_m=\"https://live.staticflickr.com/3537/3379916640_2aa6f9b943.jpg\"
      height_m=\"500\" width_m=\"500\" url_q=\"https://live.staticflickr.com/3537/3379916640_2aa6f9b943_q.jpg\"
      height_q=\"150\" width_q=\"150\" url_l=\"https://live.staticflickr.com/3537/3379916640_2aa6f9b943_b.jpg\"
      height_l=\"1024\" width_l=\"1024\">\n\t\t<description>Felted Baby Hat - knitting
      pattern available: fourlittlesparrows.etsy.com</description>\n\t</photo>\n\t<photo
      id=\"3379099659\" owner=\"25653675@N00\" secret=\"8100ef947d\" server=\"3441\"
      farm=\"4\" title=\"028\" ispublic=\"1\" isfriend=\"0\" isfamily=\"0\" license=\"0\"
      safety_level=\"0\" dateupload=\"1237830546\" datetaken=\"2009-03-22 19:13:16\"
      datetakengranularity=\"0\" datetakenunknown=\"0\" ownername=\"&lt;sunshyne&gt;\"
      realname=\"\" tags=\"\" latitude=\"0\" longitude=\"0\" accuracy=\"0\" context=\"0\"
      media=\"photo\" media_status=\"ready\" url_sq=\"https://live.staticflickr.com/3441/3379099659_8100ef947d_s.jpg\"
      height_sq=\"75\" width_sq=\"75\" url_t=\"https://live.staticflickr.com/3441/3379099659_8100ef947d_t.jpg\"
      height_t=\"96\" width_t=\"100\" url_s=\"https://live.staticflickr.com/3441/3379099659_8100ef947d_m.jpg\"
      height_s=\"231\" width_s=\"240\" url_m=\"https://live.staticflickr.com/3441/3379099659_8100ef947d.jpg\"
      height_m=\"481\" width_m=\"500\" url_q=\"https://live.staticflickr.com/3441/3379099659_8100ef947d_q.jpg\"
      height_q=\"150\" width_q=\"150\" url_l=\"https://live.staticflickr.com/3441/3379099659_8100ef947d_b.jpg\"
      height_l=\"984\" width_l=\"1024\">\n\t\t<description>Felted Baby Hat - knitting
      pattern available: fourlittlesparrows.etsy.com</description>\n\t</photo>\n\t<photo
      id=\"3379916386\" owner=\"25653675@N00\" secret=\"30872aca18\" server=\"3451\"
      farm=\"4\" title=\"018\" ispublic=\"1\" isfriend=\"0\" isfamily=\"0\" license=\"0\"
      safety_level=\"0\" dateupload=\"1237830544\" datetaken=\"2009-03-22 19:11:13\"
      datetakengranularity=\"0\" datetakenunknown=\"0\" ownername=\"&lt;sunshyne&gt;\"
      realname=\"\" tags=\"\" latitude=\"0\" longitude=\"0\" accuracy=\"0\" context=\"0\"
      media=\"photo\" media_status=\"ready\" url_sq=\"https://live.staticflickr.com/3451/3379916386_30872aca18_s.jpg\"
      height_sq=\"75\" width_sq=\"75\" url_t=\"https://live.staticflickr.com/3451/3379916386_30872aca18_t.jpg\"
      height_t=\"100\" width_t=\"100\" url_s=\"https://live.staticflickr.com/3451/3379916386_30872aca18_m.jpg\"
      height_s=\"240\" width_s=\"240\" url_m=\"https://live.staticflickr.com/3451/3379916386_30872aca18.jpg\"
      height_m=\"500\" width_m=\"500\" url_q=\"https://live.staticflickr.com/3451/3379916386_30872aca18_q.jpg\"
      height_q=\"150\" width_q=\"150\" url_l=\"https://live.staticflickr.com/3451/3379916386_30872aca18_b.jpg\"
      height_l=\"1023\" width_l=\"1024\">\n\t\t<description>Felted Baby Hat - knitting
      pattern available: fourlittlesparrows.etsy.com</description>\n\t</photo>\n\t<photo
      id=\"3379916272\" owner=\"25653675@N00\" secret=\"daf1203698\" server=\"3462\"
      farm=\"4\" title=\"015\" ispublic=\"1\" isfriend=\"0\" isfamily=\"0\" license=\"0\"
      safety_level=\"0\" dateupload=\"1237830541\" datetaken=\"2009-03-22 19:09:15\"
      datetakengranularity=\"0\" datetakenunknown=\"0\" ownername=\"&lt;sunshyne&gt;\"
      realname=\"\" tags=\"\" latitude=\"0\" longitude=\"0\" accuracy=\"0\" context=\"0\"
      media=\"photo\" media_status=\"ready\" url_sq=\"https://live.staticflickr.com/3462/3379916272_daf1203698_s.jpg\"
      height_sq=\"75\" width_sq=\"75\" url_t=\"https://live.staticflickr.com/3462/3379916272_daf1203698_t.jpg\"
      height_t=\"100\" width_t=\"75\" url_s=\"https://live.staticflickr.com/3462/3379916272_daf1203698_m.jpg\"
      height_s=\"240\" width_s=\"180\" url_m=\"https://live.staticflickr.com/3462/3379916272_daf1203698.jpg\"
      height_m=\"500\" width_m=\"375\" url_q=\"https://live.staticflickr.com/3462/3379916272_daf1203698_q.jpg\"
      height_q=\"150\" width_q=\"150\" url_l=\"https://live.staticflickr.com/3462/3379916272_daf1203698_b.jpg\"
      height_l=\"1024\" width_l=\"768\">\n\t\t<description>Felted Baby Hat - knitting
      pattern available: fourlittlesparrows.etsy.com</description>\n\t</photo>\n\t<photo
      id=\"3379099061\" owner=\"25653675@N00\" secret=\"36bdc503a5\" server=\"3556\"
      farm=\"4\" title=\"017\" ispublic=\"1\" isfriend=\"0\" isfamily=\"0\" license=\"0\"
      safety_level=\"0\" dateupload=\"1237830533\" datetaken=\"2009-03-22 19:10:11\"
      datetakengranularity=\"0\" datetakenunknown=\"0\" ownername=\"&lt;sunshyne&gt;\"
      realname=\"\" tags=\"\" latitude=\"0\" longitude=\"0\" accuracy=\"0\" context=\"0\"
      media=\"photo\" media_status=\"ready\" url_sq=\"https://live.staticflickr.com/3556/3379099061_36bdc503a5_s.jpg\"
      height_sq=\"75\" width_sq=\"75\" url_t=\"https://live.staticflickr.com/3556/3379099061_36bdc503a5_t.jpg\"
      height_t=\"100\" width_t=\"100\" url_s=\"https://live.staticflickr.com/3556/3379099061_36bdc503a5_m.jpg\"
      height_s=\"239\" width_s=\"240\" url_m=\"https://live.staticflickr.com/3556/3379099061_36bdc503a5.jpg\"
      height_m=\"499\" width_m=\"500\" url_q=\"https://live.staticflickr.com/3556/3379099061_36bdc503a5_q.jpg\"
      height_q=\"150\" width_q=\"150\" url_l=\"https://live.staticflickr.com/3556/3379099061_36bdc503a5_b.jpg\"
      height_l=\"1021\" width_l=\"1024\">\n\t\t<description>Felted Baby Hat - knitting
      pattern available: fourlittlesparrows.etsy.com</description>\n\t</photo>\n\t<photo
      id=\"3319323719\" owner=\"25653675@N00\" secret=\"364f6b06b2\" server=\"3623\"
      farm=\"4\" title=\"YODA 019\" ispublic=\"1\" isfriend=\"0\" isfamily=\"0\" license=\"0\"
      safety_level=\"0\" dateupload=\"1235935001\" datetaken=\"2009-02-28 21:34:05\"
      datetakengranularity=\"0\" datetakenunknown=\"0\" ownername=\"&lt;sunshyne&gt;\"
      realname=\"\" tags=\"yoda\" latitude=\"0\" longitude=\"0\" accuracy=\"0\" context=\"0\"
      media=\"photo\" media_status=\"ready\" url_sq=\"https://live.staticflickr.com/3623/3319323719_364f6b06b2_s.jpg\"
      height_sq=\"75\" width_sq=\"75\" url_t=\"https://live.staticflickr.com/3623/3319323719_364f6b06b2_t.jpg\"
      height_t=\"75\" width_t=\"100\" url_s=\"https://live.staticflickr.com/3623/3319323719_364f6b06b2_m.jpg\"
      height_s=\"180\" width_s=\"240\" url_m=\"https://live.staticflickr.com/3623/3319323719_364f6b06b2.jpg\"
      height_m=\"375\" width_m=\"500\" url_q=\"https://live.staticflickr.com/3623/3319323719_364f6b06b2_q.jpg\"
      height_q=\"150\" width_q=\"150\" url_l=\"https://live.staticflickr.com/3623/3319323719_364f6b06b2_b.jpg\"
      height_l=\"768\" width_l=\"1024\">\n\t\t<description>Felted Baby Yoda Hat, free
      Ravelry download  or visit my blog &lt;a href=&quot;http://verasunshyne.blogspot.com/2006/11/felted-baby-yoda-hat.html&quot;&gt;Four
      Little Sparrows&lt;/a&gt;</description>\n\t</photo>\n\t<photo id=\"3320148436\"
      owner=\"25653675@N00\" secret=\"c9d1701bdf\" server=\"3572\" farm=\"4\" title=\"Felted
      Baby Yoda Hat - As seen on the Martha Stewart Show\" ispublic=\"1\" isfriend=\"0\"
      isfamily=\"0\" license=\"0\" safety_level=\"0\" dateupload=\"1235934967\" datetaken=\"2009-02-28
      21:33:30\" datetakengranularity=\"0\" datetakenunknown=\"0\" ownername=\"&lt;sunshyne&gt;\"
      realname=\"\" tags=\"yoda\" latitude=\"0\" longitude=\"0\" accuracy=\"0\" context=\"0\"
      media=\"photo\" media_status=\"ready\" url_sq=\"https://live.staticflickr.com/3572/3320148436_c9d1701bdf_s.jpg\"
      height_sq=\"75\" width_sq=\"75\" url_t=\"https://live.staticflickr.com/3572/3320148436_c9d1701bdf_t.jpg\"
      height_t=\"75\" width_t=\"100\" url_s=\"https://live.staticflickr.com/3572/3320148436_c9d1701bdf_m.jpg\"
      height_s=\"180\" width_s=\"240\" url_m=\"https://live.staticflickr.com/3572/3320148436_c9d1701bdf.jpg\"
      height_m=\"375\" width_m=\"500\" url_q=\"https://live.staticflickr.com/3572/3320148436_c9d1701bdf_q.jpg\"
      height_q=\"150\" width_q=\"150\" url_l=\"https://live.staticflickr.com/3572/3320148436_c9d1701bdf_b.jpg\"
      height_l=\"768\" width_l=\"1024\">\n\t\t<description>Felted Baby Yoda Hat -
      As seen on the Martha Stewart Show, &amp;quot;The Yarn Show&amp;quot; - original
      air date March 23, 2009 \n\nFree Ravelry pattern download  or visit my blog
      &lt;a href=&quot;http://verasunshyne.blogspot.com/2006/11/felted-baby-yoda-hat.html&quot;
      rel=&quot;nofollow&quot;&gt;Four Little Sparrows&lt;/a&gt;</description>\n\t</photo>\n\t<photo
      id=\"3320146516\" owner=\"25653675@N00\" secret=\"36e9ed1936\" server=\"3575\"
      farm=\"4\" title=\"YODA 015\" ispublic=\"1\" isfriend=\"0\" isfamily=\"0\" license=\"0\"
      safety_level=\"0\" dateupload=\"1235934932\" datetaken=\"2009-02-28 21:33:07\"
      datetakengranularity=\"0\" datetakenunknown=\"0\" ownername=\"&lt;sunshyne&gt;\"
      realname=\"\" tags=\"yoda\" latitude=\"0\" longitude=\"0\" accuracy=\"0\" context=\"0\"
      media=\"photo\" media_status=\"ready\" url_sq=\"https://live.staticflickr.com/3575/3320146516_36e9ed1936_s.jpg\"
      height_sq=\"75\" width_sq=\"75\" url_t=\"https://live.staticflickr.com/3575/3320146516_36e9ed1936_t.jpg\"
      height_t=\"75\" width_t=\"100\" url_s=\"https://live.staticflickr.com/3575/3320146516_36e9ed1936_m.jpg\"
      height_s=\"180\" width_s=\"240\" url_m=\"https://live.staticflickr.com/3575/3320146516_36e9ed1936.jpg\"
      height_m=\"375\" width_m=\"500\" url_q=\"https://live.staticflickr.com/3575/3320146516_36e9ed1936_q.jpg\"
      height_q=\"150\" width_q=\"150\" url_l=\"https://live.staticflickr.com/3575/3320146516_36e9ed1936_b.jpg\"
      height_l=\"768\" width_l=\"1024\">\n\t\t<description>Felted Baby Yoda Hat, free
      Ravelry download  or visit my blog &lt;a href=&quot;http://verasunshyne.blogspot.com/2006/11/felted-baby-yoda-hat.html&quot;&gt;Four
      Little Sparrows&lt;/a&gt;</description>\n\t</photo>\n\t<photo id=\"3320144638\"
      owner=\"25653675@N00\" secret=\"b416179d71\" server=\"3552\" farm=\"4\" title=\"YODA
      007\" ispublic=\"1\" isfriend=\"0\" isfamily=\"0\" license=\"0\" safety_level=\"0\"
      dateupload=\"1235934897\" datetaken=\"2009-02-28 01:50:44\" datetakengranularity=\"0\"
      datetakenunknown=\"0\" ownername=\"&lt;sunshyne&gt;\" realname=\"\" tags=\"yoda\"
      latitude=\"0\" longitude=\"0\" accuracy=\"0\" context=\"0\" media=\"photo\"
      media_status=\"ready\" url_sq=\"https://live.staticflickr.com/3552/3320144638_b416179d71_s.jpg\"
      height_sq=\"75\" width_sq=\"75\" url_t=\"https://live.staticflickr.com/3552/3320144638_b416179d71_t.jpg\"
      height_t=\"75\" width_t=\"100\" url_s=\"https://live.staticflickr.com/3552/3320144638_b416179d71_m.jpg\"
      height_s=\"180\" width_s=\"240\" url_m=\"https://live.staticflickr.com/3552/3320144638_b416179d71.jpg\"
      height_m=\"375\" width_m=\"500\" url_q=\"https://live.staticflickr.com/3552/3320144638_b416179d71_q.jpg\"
      height_q=\"150\" width_q=\"150\" url_l=\"https://live.staticflickr.com/3552/3320144638_b416179d71_b.jpg\"
      height_l=\"768\" width_l=\"1024\">\n\t\t<description>Felted Baby Yoda Hat, free
      Ravelry download  or visit my blog &lt;a href=&quot;http://verasunshyne.blogspot.com/2006/11/felted-baby-yoda-hat.html&quot;&gt;Four
      Little Sparrows&lt;/a&gt;</description>\n\t</photo>\n\t<photo id=\"3319316805\"
      owner=\"25653675@N00\" secret=\"6468be9a95\" server=\"3660\" farm=\"4\" title=\"YODA
      005\" ispublic=\"1\" isfriend=\"0\" isfamily=\"0\" license=\"0\" safety_level=\"0\"
      dateupload=\"1235934870\" datetaken=\"2009-02-28 01:25:56\" datetakengranularity=\"0\"
      datetakenunknown=\"0\" ownername=\"&lt;sunshyne&gt;\" realname=\"\" tags=\"yoda\"
      latitude=\"0\" longitude=\"0\" accuracy=\"0\" context=\"0\" media=\"photo\"
      media_status=\"ready\" url_sq=\"https://live.staticflickr.com/3660/3319316805_6468be9a95_s.jpg\"
      height_sq=\"75\" width_sq=\"75\" url_t=\"https://live.staticflickr.com/3660/3319316805_6468be9a95_t.jpg\"
      height_t=\"75\" width_t=\"100\" url_s=\"https://live.staticflickr.com/3660/3319316805_6468be9a95_m.jpg\"
      height_s=\"180\" width_s=\"240\" url_m=\"https://live.staticflickr.com/3660/3319316805_6468be9a95.jpg\"
      height_m=\"375\" width_m=\"500\" url_q=\"https://live.staticflickr.com/3660/3319316805_6468be9a95_q.jpg\"
      height_q=\"150\" width_q=\"150\" url_l=\"https://live.staticflickr.com/3660/3319316805_6468be9a95_b.jpg\"
      height_l=\"768\" width_l=\"1024\">\n\t\t<description>Felted Baby Yoda Hat, free
      Ravelry download  or visit my blog &lt;a href=&quot;http://verasunshyne.blogspot.com/2006/11/felted-baby-yoda-hat.html&quot;&gt;Four
      Little Sparrows&lt;/a&gt;</description>\n\t</photo>\n\t<photo id=\"3319315825\"
      owner=\"25653675@N00\" secret=\"b14f39f3fe\" server=\"3645\" farm=\"4\" title=\"YODA
      003\" ispublic=\"1\" isfriend=\"0\" isfamily=\"0\" license=\"0\" safety_level=\"0\"
      dateupload=\"1235934852\" datetaken=\"2009-02-28 01:24:33\" datetakengranularity=\"0\"
      datetakenunknown=\"0\" ownername=\"&lt;sunshyne&gt;\" realname=\"\" tags=\"yoda\"
      latitude=\"0\" longitude=\"0\" accuracy=\"0\" context=\"0\" media=\"photo\"
      media_status=\"ready\" url_sq=\"https://live.staticflickr.com/3645/3319315825_b14f39f3fe_s.jpg\"
      height_sq=\"75\" width_sq=\"75\" url_t=\"https://live.staticflickr.com/3645/3319315825_b14f39f3fe_t.jpg\"
      height_t=\"75\" width_t=\"100\" url_s=\"https://live.staticflickr.com/3645/3319315825_b14f39f3fe_m.jpg\"
      height_s=\"180\" width_s=\"240\" url_m=\"https://live.staticflickr.com/3645/3319315825_b14f39f3fe.jpg\"
      height_m=\"375\" width_m=\"500\" url_q=\"https://live.staticflickr.com/3645/3319315825_b14f39f3fe_q.jpg\"
      height_q=\"150\" width_q=\"150\" url_l=\"https://live.staticflickr.com/3645/3319315825_b14f39f3fe_b.jpg\"
      height_l=\"768\" width_l=\"1024\">\n\t\t<description>Felted Baby Yoda Hat, free
      Ravelry download  or visit my blog &lt;a href=&quot;http://verasunshyne.blogspot.com/2006/11/felted-baby-yoda-hat.html&quot;&gt;Four
      Little Sparrows&lt;/a&gt;</description>\n\t</photo>\n\t<photo id=\"3283296887\"
      owner=\"25653675@N00\" secret=\"4bd988a4a5\" server=\"3523\" farm=\"4\" title=\"My
      face.\" ispublic=\"1\" isfriend=\"0\" isfamily=\"0\" license=\"0\" safety_level=\"0\"
      dateupload=\"1234764058\" datetaken=\"2009-02-13 07:17:06\" datetakengranularity=\"0\"
      datetakenunknown=\"0\" ownername=\"&lt;sunshyne&gt;\" realname=\"\" tags=\"\"
      latitude=\"0\" longitude=\"0\" accuracy=\"0\" context=\"0\" media=\"photo\"
      media_status=\"ready\" url_sq=\"https://live.staticflickr.com/3523/3283296887_4bd988a4a5_s.jpg\"
      height_sq=\"75\" width_sq=\"75\" url_t=\"https://live.staticflickr.com/3523/3283296887_4bd988a4a5_t.jpg\"
      height_t=\"100\" width_t=\"85\" url_s=\"https://live.staticflickr.com/3523/3283296887_4bd988a4a5_m.jpg\"
      height_s=\"240\" width_s=\"203\" url_m=\"https://live.staticflickr.com/3523/3283296887_4bd988a4a5.jpg\"
      height_m=\"500\" width_m=\"424\" url_q=\"https://live.staticflickr.com/3523/3283296887_4bd988a4a5_q.jpg\"
      height_q=\"150\" width_q=\"150\" url_l=\"https://live.staticflickr.com/3523/3283296887_4bd988a4a5_b.jpg\"
      height_l=\"1024\" width_l=\"868\">\n\t\t<description />\n\t</photo>\n\t<photo
      id=\"3284080388\" owner=\"25653675@N00\" secret=\"fd2b4ae3b2\" server=\"3192\"
      farm=\"4\" title=\"something special for someone special\" ispublic=\"1\" isfriend=\"0\"
      isfamily=\"0\" license=\"0\" safety_level=\"0\" dateupload=\"1234762915\" datetaken=\"2009-02-14
      05:27:38\" datetakengranularity=\"0\" datetakenunknown=\"0\" ownername=\"&lt;sunshyne&gt;\"
      realname=\"\" tags=\"crochet crochet2009\" latitude=\"0\" longitude=\"0\" accuracy=\"0\"
      context=\"0\" media=\"photo\" media_status=\"ready\" url_sq=\"https://live.staticflickr.com/3192/3284080388_fd2b4ae3b2_s.jpg\"
      height_sq=\"75\" width_sq=\"75\" url_t=\"https://live.staticflickr.com/3192/3284080388_fd2b4ae3b2_t.jpg\"
      height_t=\"75\" width_t=\"100\" url_s=\"https://live.staticflickr.com/3192/3284080388_fd2b4ae3b2_m.jpg\"
      height_s=\"180\" width_s=\"240\" url_m=\"https://live.staticflickr.com/3192/3284080388_fd2b4ae3b2.jpg\"
      height_m=\"375\" width_m=\"500\" url_q=\"https://live.staticflickr.com/3192/3284080388_fd2b4ae3b2_q.jpg\"
      height_q=\"150\" width_q=\"150\" url_l=\"https://live.staticflickr.com/3192/3284080388_fd2b4ae3b2_b.jpg\"
      height_l=\"768\" width_l=\"1024\">\n\t\t<description />\n\t</photo>\n\t<photo
      id=\"3271359740\" owner=\"25653675@N00\" secret=\"67c1d43dae\" server=\"3448\"
      farm=\"4\" title=\"Aryana&#039;s Heart\" ispublic=\"1\" isfriend=\"0\" isfamily=\"0\"
      license=\"0\" safety_level=\"0\" dateupload=\"1234327997\" datetaken=\"2009-02-10
      06:35:26\" datetakengranularity=\"0\" datetakenunknown=\"0\" ownername=\"&lt;sunshyne&gt;\"
      realname=\"\" tags=\"knit knit2009\" latitude=\"0\" longitude=\"0\" accuracy=\"0\"
      context=\"0\" media=\"photo\" media_status=\"ready\" url_sq=\"https://live.staticflickr.com/3448/3271359740_67c1d43dae_s.jpg\"
      height_sq=\"75\" width_sq=\"75\" url_t=\"https://live.staticflickr.com/3448/3271359740_67c1d43dae_t.jpg\"
      height_t=\"100\" width_t=\"75\" url_s=\"https://live.staticflickr.com/3448/3271359740_67c1d43dae_m.jpg\"
      height_s=\"240\" width_s=\"180\" url_m=\"https://live.staticflickr.com/3448/3271359740_67c1d43dae.jpg\"
      height_m=\"500\" width_m=\"375\" url_q=\"https://live.staticflickr.com/3448/3271359740_67c1d43dae_q.jpg\"
      height_q=\"150\" width_q=\"150\" url_l=\"https://live.staticflickr.com/3448/3271359740_67c1d43dae_b.jpg\"
      height_l=\"1024\" width_l=\"768\">\n\t\t<description />\n\t</photo>\n\t<photo
      id=\"3270538623\" owner=\"25653675@N00\" secret=\"88bd99d157\" server=\"3388\"
      farm=\"4\" title=\"versatility 2\" ispublic=\"1\" isfriend=\"0\" isfamily=\"0\"
      license=\"0\" safety_level=\"0\" dateupload=\"1234327965\" datetaken=\"2009-02-10
      04:54:23\" datetakengranularity=\"0\" datetakenunknown=\"0\" ownername=\"&lt;sunshyne&gt;\"
      realname=\"\" tags=\"knit knit2009\" latitude=\"0\" longitude=\"0\" accuracy=\"0\"
      context=\"0\" media=\"photo\" media_status=\"ready\" url_sq=\"https://live.staticflickr.com/3388/3270538623_88bd99d157_s.jpg\"
      height_sq=\"75\" width_sq=\"75\" url_t=\"https://live.staticflickr.com/3388/3270538623_88bd99d157_t.jpg\"
      height_t=\"75\" width_t=\"100\" url_s=\"https://live.staticflickr.com/3388/3270538623_88bd99d157_m.jpg\"
      height_s=\"180\" width_s=\"240\" url_m=\"https://live.staticflickr.com/3388/3270538623_88bd99d157.jpg\"
      height_m=\"375\" width_m=\"500\" url_q=\"https://live.staticflickr.com/3388/3270538623_88bd99d157_q.jpg\"
      height_q=\"150\" width_q=\"150\" url_l=\"https://live.staticflickr.com/3388/3270538623_88bd99d157_b.jpg\"
      height_l=\"768\" width_l=\"1024\">\n\t\t<description />\n\t</photo>\n\t<photo
      id=\"3270537253\" owner=\"25653675@N00\" secret=\"a84fed7e29\" server=\"3473\"
      farm=\"4\" title=\"versatility 2\" ispublic=\"1\" isfriend=\"0\" isfamily=\"0\"
      license=\"0\" safety_level=\"0\" dateupload=\"1234327922\" datetaken=\"2009-02-10
      04:53:19\" datetakengranularity=\"0\" datetakenunknown=\"0\" ownername=\"&lt;sunshyne&gt;\"
      realname=\"\" tags=\"knit knit2009\" latitude=\"0\" longitude=\"0\" accuracy=\"0\"
      context=\"0\" media=\"photo\" media_status=\"ready\" url_sq=\"https://live.staticflickr.com/3473/3270537253_a84fed7e29_s.jpg\"
      height_sq=\"75\" width_sq=\"75\" url_t=\"https://live.staticflickr.com/3473/3270537253_a84fed7e29_t.jpg\"
      height_t=\"100\" width_t=\"75\" url_s=\"https://live.staticflickr.com/3473/3270537253_a84fed7e29_m.jpg\"
      height_s=\"240\" width_s=\"180\" url_m=\"https://live.staticflickr.com/3473/3270537253_a84fed7e29.jpg\"
      height_m=\"500\" width_m=\"375\" url_q=\"https://live.staticflickr.com/3473/3270537253_a84fed7e29_q.jpg\"
      height_q=\"150\" width_q=\"150\" url_l=\"https://live.staticflickr.com/3473/3270537253_a84fed7e29_b.jpg\"
      height_l=\"1024\" width_l=\"768\">\n\t\t<description />\n\t</photo>\n\t<photo
      id=\"3270536049\" owner=\"25653675@N00\" secret=\"1cf18ac2db\" server=\"3445\"
      farm=\"4\" title=\"versatility 2\" ispublic=\"1\" isfriend=\"0\" isfamily=\"0\"
      license=\"0\" safety_level=\"0\" dateupload=\"1234327883\" datetaken=\"2009-02-10
      04:53:06\" datetakengranularity=\"0\" datetakenunknown=\"0\" ownername=\"&lt;sunshyne&gt;\"
      realname=\"\" tags=\"knit knit2009\" latitude=\"0\" longitude=\"0\" accuracy=\"0\"
      context=\"0\" media=\"photo\" media_status=\"ready\" url_sq=\"https://live.staticflickr.com/3445/3270536049_1cf18ac2db_s.jpg\"
      height_sq=\"75\" width_sq=\"75\" url_t=\"https://live.staticflickr.com/3445/3270536049_1cf18ac2db_t.jpg\"
      height_t=\"75\" width_t=\"100\" url_s=\"https://live.staticflickr.com/3445/3270536049_1cf18ac2db_m.jpg\"
      height_s=\"180\" width_s=\"240\" url_m=\"https://live.staticflickr.com/3445/3270536049_1cf18ac2db.jpg\"
      height_m=\"375\" width_m=\"500\" url_q=\"https://live.staticflickr.com/3445/3270536049_1cf18ac2db_q.jpg\"
      height_q=\"150\" width_q=\"150\" url_l=\"https://live.staticflickr.com/3445/3270536049_1cf18ac2db_b.jpg\"
      height_l=\"768\" width_l=\"1024\">\n\t\t<description />\n\t</photo>\n\t<photo
      id=\"3151367186\" owner=\"25653675@N00\" secret=\"4ee1240623\" server=\"3201\"
      farm=\"4\" title=\"back\" ispublic=\"1\" isfriend=\"0\" isfamily=\"0\" license=\"0\"
      safety_level=\"0\" dateupload=\"1230660696\" datetaken=\"2008-12-25 04:51:48\"
      datetakengranularity=\"0\" datetakenunknown=\"0\" ownername=\"&lt;sunshyne&gt;\"
      realname=\"\" tags=\"knit versatility knit2008\" latitude=\"0\" longitude=\"0\"
      accuracy=\"0\" context=\"0\" media=\"photo\" media_status=\"ready\" url_sq=\"https://live.staticflickr.com/3201/3151367186_4ee1240623_s.jpg\"
      height_sq=\"75\" width_sq=\"75\" url_t=\"https://live.staticflickr.com/3201/3151367186_4ee1240623_t.jpg\"
      height_t=\"100\" width_t=\"84\" url_s=\"https://live.staticflickr.com/3201/3151367186_4ee1240623_m.jpg\"
      height_s=\"240\" width_s=\"202\" url_m=\"https://live.staticflickr.com/3201/3151367186_4ee1240623.jpg\"
      height_m=\"500\" width_m=\"422\" url_q=\"https://live.staticflickr.com/3201/3151367186_4ee1240623_q.jpg\"
      height_q=\"150\" width_q=\"150\" url_l=\"https://live.staticflickr.com/3201/3151367186_4ee1240623_b.jpg\"
      height_l=\"1024\" width_l=\"863\">\n\t\t<description />\n\t</photo>\n\t<photo
      id=\"3151367050\" owner=\"25653675@N00\" secret=\"13c0593b71\" server=\"3215\"
      farm=\"4\" title=\"side\" ispublic=\"1\" isfriend=\"0\" isfamily=\"0\" license=\"0\"
      safety_level=\"0\" dateupload=\"1230660692\" datetaken=\"2008-12-25 04:51:00\"
      datetakengranularity=\"0\" datetakenunknown=\"0\" ownername=\"&lt;sunshyne&gt;\"
      realname=\"\" tags=\"knit versatility knit2008\" latitude=\"0\" longitude=\"0\"
      accuracy=\"0\" context=\"0\" media=\"photo\" media_status=\"ready\" url_sq=\"https://live.staticflickr.com/3215/3151367050_13c0593b71_s.jpg\"
      height_sq=\"75\" width_sq=\"75\" url_t=\"https://live.staticflickr.com/3215/3151367050_13c0593b71_t.jpg\"
      height_t=\"100\" width_t=\"75\" url_s=\"https://live.staticflickr.com/3215/3151367050_13c0593b71_m.jpg\"
      height_s=\"240\" width_s=\"180\" url_m=\"https://live.staticflickr.com/3215/3151367050_13c0593b71.jpg\"
      height_m=\"500\" width_m=\"375\" url_q=\"https://live.staticflickr.com/3215/3151367050_13c0593b71_q.jpg\"
      height_q=\"150\" width_q=\"150\" url_l=\"https://live.staticflickr.com/3215/3151367050_13c0593b71_b.jpg\"
      height_l=\"1024\" width_l=\"768\">\n\t\t<description />\n\t</photo>\n\t<photo
      id=\"3150534053\" owner=\"25653675@N00\" secret=\"f5be0c211e\" server=\"3252\"
      farm=\"4\" title=\"and to the front\" ispublic=\"1\" isfriend=\"0\" isfamily=\"0\"
      license=\"0\" safety_level=\"0\" dateupload=\"1230660689\" datetaken=\"2008-12-25
      04:48:37\" datetakengranularity=\"0\" datetakenunknown=\"0\" ownername=\"&lt;sunshyne&gt;\"
      realname=\"\" tags=\"knit versatility knit2008\" latitude=\"0\" longitude=\"0\"
      accuracy=\"0\" context=\"0\" media=\"photo\" media_status=\"ready\" url_sq=\"https://live.staticflickr.com/3252/3150534053_f5be0c211e_s.jpg\"
      height_sq=\"75\" width_sq=\"75\" url_t=\"https://live.staticflickr.com/3252/3150534053_f5be0c211e_t.jpg\"
      height_t=\"100\" width_t=\"92\" url_s=\"https://live.staticflickr.com/3252/3150534053_f5be0c211e_m.jpg\"
      height_s=\"240\" width_s=\"220\" url_m=\"https://live.staticflickr.com/3252/3150534053_f5be0c211e.jpg\"
      height_m=\"500\" width_m=\"458\" url_q=\"https://live.staticflickr.com/3252/3150534053_f5be0c211e_q.jpg\"
      height_q=\"150\" width_q=\"150\" url_l=\"https://live.staticflickr.com/3252/3150534053_f5be0c211e_b.jpg\"
      height_l=\"1024\" width_l=\"939\">\n\t\t<description />\n\t</photo>\n\t<photo
      id=\"3013839573\" owner=\"25653675@N00\" secret=\"0c5e8f2198\" server=\"3270\"
      farm=\"4\" title=\"pixie hood 016\" ispublic=\"1\" isfriend=\"0\" isfamily=\"0\"
      license=\"0\" safety_level=\"0\" dateupload=\"1226198474\" datetaken=\"2008-11-08
      06:34:27\" datetakengranularity=\"0\" datetakenunknown=\"0\" ownername=\"&lt;sunshyne&gt;\"
      realname=\"\" tags=\"hat knit hood knit2008\" latitude=\"0\" longitude=\"0\"
      accuracy=\"0\" context=\"0\" media=\"photo\" media_status=\"ready\" url_sq=\"https://live.staticflickr.com/3270/3013839573_0c5e8f2198_s.jpg\"
      height_sq=\"75\" width_sq=\"75\" url_t=\"https://live.staticflickr.com/3270/3013839573_0c5e8f2198_t.jpg\"
      height_t=\"100\" width_t=\"100\" url_s=\"https://live.staticflickr.com/3270/3013839573_0c5e8f2198_m.jpg\"
      height_s=\"240\" width_s=\"240\" url_m=\"https://live.staticflickr.com/3270/3013839573_0c5e8f2198.jpg\"
      height_m=\"500\" width_m=\"500\" url_q=\"https://live.staticflickr.com/3270/3013839573_0c5e8f2198_q.jpg\"
      height_q=\"150\" width_q=\"150\" url_l=\"https://live.staticflickr.com/3270/3013839573_0c5e8f2198_b.jpg\"
      height_l=\"1024\" width_l=\"1024\">\n\t\t<description />\n\t</photo>\n\t<photo
      id=\"3013839465\" owner=\"25653675@N00\" secret=\"fa584b9eff\" server=\"3028\"
      farm=\"4\" title=\"pixie hood 006\" ispublic=\"1\" isfriend=\"0\" isfamily=\"0\"
      license=\"0\" safety_level=\"0\" dateupload=\"1226198468\" datetaken=\"2008-11-08
      06:32:39\" datetakengranularity=\"0\" datetakenunknown=\"0\" ownername=\"&lt;sunshyne&gt;\"
      realname=\"\" tags=\"hat knit hood knit2008\" latitude=\"0\" longitude=\"0\"
      accuracy=\"0\" context=\"0\" media=\"photo\" media_status=\"ready\" url_sq=\"https://live.staticflickr.com/3028/3013839465_fa584b9eff_s.jpg\"
      height_sq=\"75\" width_sq=\"75\" url_t=\"https://live.staticflickr.com/3028/3013839465_fa584b9eff_t.jpg\"
      height_t=\"100\" width_t=\"100\" url_s=\"https://live.staticflickr.com/3028/3013839465_fa584b9eff_m.jpg\"
      height_s=\"240\" width_s=\"240\" url_m=\"https://live.staticflickr.com/3028/3013839465_fa584b9eff.jpg\"
      height_m=\"500\" width_m=\"500\" url_q=\"https://live.staticflickr.com/3028/3013839465_fa584b9eff_q.jpg\"
      height_q=\"150\" width_q=\"150\" url_l=\"https://live.staticflickr.com/3028/3013839465_fa584b9eff_b.jpg\"
      height_l=\"1024\" width_l=\"1024\">\n\t\t<description />\n\t</photo>\n\t<photo
      id=\"3014674804\" owner=\"25653675@N00\" secret=\"24f478cbab\" server=\"3023\"
      farm=\"4\" title=\"pixie hood 005\" ispublic=\"1\" isfriend=\"0\" isfamily=\"0\"
      license=\"0\" safety_level=\"0\" dateupload=\"1226198465\" datetaken=\"2008-11-08
      06:32:33\" datetakengranularity=\"0\" datetakenunknown=\"0\" ownername=\"&lt;sunshyne&gt;\"
      realname=\"\" tags=\"hat knit hood knit2008\" latitude=\"0\" longitude=\"0\"
      accuracy=\"0\" context=\"0\" media=\"photo\" media_status=\"ready\" url_sq=\"https://live.staticflickr.com/3023/3014674804_24f478cbab_s.jpg\"
      height_sq=\"75\" width_sq=\"75\" url_t=\"https://live.staticflickr.com/3023/3014674804_24f478cbab_t.jpg\"
      height_t=\"100\" width_t=\"100\" url_s=\"https://live.staticflickr.com/3023/3014674804_24f478cbab_m.jpg\"
      height_s=\"240\" width_s=\"240\" url_m=\"https://live.staticflickr.com/3023/3014674804_24f478cbab.jpg\"
      height_m=\"499\" width_m=\"500\" url_q=\"https://live.staticflickr.com/3023/3014674804_24f478cbab_q.jpg\"
      height_q=\"150\" width_q=\"150\" url_l=\"https://live.staticflickr.com/3023/3014674804_24f478cbab_b.jpg\"
      height_l=\"1023\" width_l=\"1024\">\n\t\t<description />\n\t</photo>\n\t<photo
      id=\"3011480942\" owner=\"25653675@N00\" secret=\"96e3c73e8a\" server=\"3212\"
      farm=\"4\" title=\"the buttons I found totally match!\" ispublic=\"1\" isfriend=\"0\"
      isfamily=\"0\" license=\"0\" safety_level=\"0\" dateupload=\"1226095043\" datetaken=\"2008-11-06
      23:36:50\" datetakengranularity=\"0\" datetakenunknown=\"0\" ownername=\"&lt;sunshyne&gt;\"
      realname=\"\" tags=\"alpaca knit versatility knitty knit2008 knittyfall\" latitude=\"0\"
      longitude=\"0\" accuracy=\"0\" context=\"0\" media=\"photo\" media_status=\"ready\"
      url_sq=\"https://live.staticflickr.com/3212/3011480942_96e3c73e8a_s.jpg\" height_sq=\"75\"
      width_sq=\"75\" url_t=\"https://live.staticflickr.com/3212/3011480942_96e3c73e8a_t.jpg\"
      height_t=\"100\" width_t=\"100\" url_s=\"https://live.staticflickr.com/3212/3011480942_96e3c73e8a_m.jpg\"
      height_s=\"240\" width_s=\"240\" url_m=\"https://live.staticflickr.com/3212/3011480942_96e3c73e8a.jpg\"
      height_m=\"499\" width_m=\"500\" url_q=\"https://live.staticflickr.com/3212/3011480942_96e3c73e8a_q.jpg\"
      height_q=\"150\" width_q=\"150\" url_l=\"https://live.staticflickr.com/3212/3011480942_96e3c73e8a_b.jpg\"
      height_l=\"1022\" width_l=\"1024\">\n\t\t<description />\n\t</photo>\n\t<photo
      id=\"3011480882\" owner=\"25653675@N00\" secret=\"41c851af89\" server=\"3034\"
      farm=\"4\" title=\"Versatility\" ispublic=\"1\" isfriend=\"0\" isfamily=\"0\"
      license=\"0\" safety_level=\"0\" dateupload=\"1226095041\" datetaken=\"2008-11-06
      23:32:40\" datetakengranularity=\"0\" datetakenunknown=\"0\" ownername=\"&lt;sunshyne&gt;\"
      realname=\"\" tags=\"alpaca knit versatility knitty knit2008 knittyfall\" latitude=\"0\"
      longitude=\"0\" accuracy=\"0\" context=\"0\" media=\"photo\" media_status=\"ready\"
      url_sq=\"https://live.staticflickr.com/3034/3011480882_41c851af89_s.jpg\" height_sq=\"75\"
      width_sq=\"75\" url_t=\"https://live.staticflickr.com/3034/3011480882_41c851af89_t.jpg\"
      height_t=\"100\" width_t=\"100\" url_s=\"https://live.staticflickr.com/3034/3011480882_41c851af89_m.jpg\"
      height_s=\"240\" width_s=\"240\" url_m=\"https://live.staticflickr.com/3034/3011480882_41c851af89.jpg\"
      height_m=\"500\" width_m=\"500\" url_q=\"https://live.staticflickr.com/3034/3011480882_41c851af89_q.jpg\"
      height_q=\"150\" width_q=\"150\" url_l=\"https://live.staticflickr.com/3034/3011480882_41c851af89_b.jpg\"
      height_l=\"1024\" width_l=\"1024\">\n\t\t<description />\n\t</photo>\n\t<photo
      id=\"3005522004\" owner=\"25653675@N00\" secret=\"c4a37a4cfc\" server=\"3009\"
      farm=\"4\" title=\"That&#039;s what she said - stitch markers\" ispublic=\"1\"
      isfriend=\"0\" isfamily=\"0\" license=\"0\" safety_level=\"0\" dateupload=\"1225893444\"
      datetaken=\"2008-10-27 04:17:16\" datetakengranularity=\"0\" datetakenunknown=\"0\"
      ownername=\"&lt;sunshyne&gt;\" realname=\"\" tags=\"knit theoffice stitchmarkers
      thatswhatshesaid\" latitude=\"0\" longitude=\"0\" accuracy=\"0\" context=\"0\"
      media=\"photo\" media_status=\"ready\" url_sq=\"https://live.staticflickr.com/3009/3005522004_c4a37a4cfc_s.jpg\"
      height_sq=\"75\" width_sq=\"75\" url_t=\"https://live.staticflickr.com/3009/3005522004_c4a37a4cfc_t.jpg\"
      height_t=\"75\" width_t=\"100\" url_s=\"https://live.staticflickr.com/3009/3005522004_c4a37a4cfc_m.jpg\"
      height_s=\"180\" width_s=\"240\" url_m=\"https://live.staticflickr.com/3009/3005522004_c4a37a4cfc.jpg\"
      height_m=\"375\" width_m=\"500\" url_q=\"https://live.staticflickr.com/3009/3005522004_c4a37a4cfc_q.jpg\"
      height_q=\"150\" width_q=\"150\" url_l=\"https://live.staticflickr.com/3009/3005522004_c4a37a4cfc_b.jpg\"
      height_l=\"768\" width_l=\"1024\">\n\t\t<description>Made for &amp;quot;The
      Office&amp;quot; swap on Ravelry</description>\n\t</photo>\n\t<photo id=\"2985487931\"
      owner=\"25653675@N00\" secret=\"a9964d6209\" server=\"3139\" farm=\"4\" title=\"My
      Martha Pumpkin\" ispublic=\"1\" isfriend=\"0\" isfamily=\"0\" license=\"0\"
      safety_level=\"0\" dateupload=\"1225349903\" datetaken=\"2008-10-29 10:29:06\"
      datetakengranularity=\"0\" datetakenunknown=\"0\" ownername=\"&lt;sunshyne&gt;\"
      realname=\"\" tags=\"pumpkin pumpkincarving marthastewart crafty halloween2008\"
      latitude=\"0\" longitude=\"0\" accuracy=\"0\" context=\"0\" media=\"photo\"
      media_status=\"ready\" url_sq=\"https://live.staticflickr.com/3139/2985487931_a9964d6209_s.jpg\"
      height_sq=\"75\" width_sq=\"75\" url_t=\"https://live.staticflickr.com/3139/2985487931_a9964d6209_t.jpg\"
      height_t=\"94\" width_t=\"100\" url_s=\"https://live.staticflickr.com/3139/2985487931_a9964d6209_m.jpg\"
      height_s=\"225\" width_s=\"240\" url_m=\"https://live.staticflickr.com/3139/2985487931_a9964d6209.jpg\"
      height_m=\"469\" width_m=\"500\" url_q=\"https://live.staticflickr.com/3139/2985487931_a9964d6209_q.jpg\"
      height_q=\"150\" width_q=\"150\" url_l=\"https://live.staticflickr.com/3139/2985487931_a9964d6209_b.jpg\"
      height_l=\"961\" width_l=\"1024\">\n\t\t<description>I made a Martha Pumpkin
      using a stencil I made back in 2006. . I&#039;m stupidly proud. \n\nI used the
      silhouette carving technique from the magazine nad website - and drilled the
      holes - also learned from Martha.. </description>\n\t</photo>\n\t<photo id=\"2973366568\"
      owner=\"25653675@N00\" secret=\"1b24d40b5d\" server=\"3164\" farm=\"4\" title=\"officeswap
      010\" ispublic=\"1\" isfriend=\"0\" isfamily=\"0\" license=\"0\" safety_level=\"0\"
      dateupload=\"1224984264\" datetaken=\"2008-10-25 04:51:42\" datetakengranularity=\"0\"
      datetakenunknown=\"0\" ownername=\"&lt;sunshyne&gt;\" realname=\"\" tags=\"\"
      latitude=\"0\" longitude=\"0\" accuracy=\"0\" context=\"0\" media=\"photo\"
      media_status=\"ready\" url_sq=\"https://live.staticflickr.com/3164/2973366568_1b24d40b5d_s.jpg\"
      height_sq=\"75\" width_sq=\"75\" url_t=\"https://live.staticflickr.com/3164/2973366568_1b24d40b5d_t.jpg\"
      height_t=\"75\" width_t=\"100\" url_s=\"https://live.staticflickr.com/3164/2973366568_1b24d40b5d_m.jpg\"
      height_s=\"180\" width_s=\"240\" url_m=\"https://live.staticflickr.com/3164/2973366568_1b24d40b5d.jpg\"
      height_m=\"375\" width_m=\"500\" url_q=\"https://live.staticflickr.com/3164/2973366568_1b24d40b5d_q.jpg\"
      height_q=\"150\" width_q=\"150\" url_l=\"https://live.staticflickr.com/3164/2973366568_1b24d40b5d_b.jpg\"
      height_l=\"768\" width_l=\"1024\">\n\t\t<description />\n\t</photo>\n\t<photo
      id=\"2973365556\" owner=\"25653675@N00\" secret=\"858d61537e\" server=\"3135\"
      farm=\"4\" title=\"officeswap 009\" ispublic=\"1\" isfriend=\"0\" isfamily=\"0\"
      license=\"0\" safety_level=\"0\" dateupload=\"1224984235\" datetaken=\"2008-10-25
      04:51:25\" datetakengranularity=\"0\" datetakenunknown=\"0\" ownername=\"&lt;sunshyne&gt;\"
      realname=\"\" tags=\"\" latitude=\"0\" longitude=\"0\" accuracy=\"0\" context=\"0\"
      media=\"photo\" media_status=\"ready\" url_sq=\"https://live.staticflickr.com/3135/2973365556_858d61537e_s.jpg\"
      height_sq=\"75\" width_sq=\"75\" url_t=\"https://live.staticflickr.com/3135/2973365556_858d61537e_t.jpg\"
      height_t=\"75\" width_t=\"100\" url_s=\"https://live.staticflickr.com/3135/2973365556_858d61537e_m.jpg\"
      height_s=\"180\" width_s=\"240\" url_m=\"https://live.staticflickr.com/3135/2973365556_858d61537e.jpg\"
      height_m=\"375\" width_m=\"500\" url_q=\"https://live.staticflickr.com/3135/2973365556_858d61537e_q.jpg\"
      height_q=\"150\" width_q=\"150\" url_l=\"https://live.staticflickr.com/3135/2973365556_858d61537e_b.jpg\"
      height_l=\"768\" width_l=\"1024\">\n\t\t<description />\n\t</photo>\n\t<photo
      id=\"2972516165\" owner=\"25653675@N00\" secret=\"6841f1d615\" server=\"3170\"
      farm=\"4\" title=\"officeswap 006\" ispublic=\"1\" isfriend=\"0\" isfamily=\"0\"
      license=\"0\" safety_level=\"0\" dateupload=\"1224984204\" datetaken=\"2008-10-25
      04:50:40\" datetakengranularity=\"0\" datetakenunknown=\"0\" ownername=\"&lt;sunshyne&gt;\"
      realname=\"\" tags=\"\" latitude=\"0\" longitude=\"0\" accuracy=\"0\" context=\"0\"
      media=\"photo\" media_status=\"ready\" url_sq=\"https://live.staticflickr.com/3170/2972516165_6841f1d615_s.jpg\"
      height_sq=\"75\" width_sq=\"75\" url_t=\"https://live.staticflickr.com/3170/2972516165_6841f1d615_t.jpg\"
      height_t=\"75\" width_t=\"100\" url_s=\"https://live.staticflickr.com/3170/2972516165_6841f1d615_m.jpg\"
      height_s=\"180\" width_s=\"240\" url_m=\"https://live.staticflickr.com/3170/2972516165_6841f1d615.jpg\"
      height_m=\"375\" width_m=\"500\" url_q=\"https://live.staticflickr.com/3170/2972516165_6841f1d615_q.jpg\"
      height_q=\"150\" width_q=\"150\" url_l=\"https://live.staticflickr.com/3170/2972516165_6841f1d615_b.jpg\"
      height_l=\"768\" width_l=\"1024\">\n\t\t<description />\n\t</photo>\n\t<photo
      id=\"2948393082\" owner=\"25653675@N00\" secret=\"2c3a0d4465\" server=\"3048\"
      farm=\"4\" title=\"glowing ghostie\" ispublic=\"1\" isfriend=\"0\" isfamily=\"0\"
      license=\"0\" safety_level=\"0\" dateupload=\"1224202957\" datetaken=\"2008-10-16
      03:51:47\" datetakengranularity=\"0\" datetakenunknown=\"0\" ownername=\"&lt;sunshyne&gt;\"
      realname=\"\" tags=\"halloween glow ghost knit yarn glowinthedark amigurumi
      bernat knit2008 glowinthedarkyarn\" latitude=\"0\" longitude=\"0\" accuracy=\"0\"
      context=\"0\" media=\"photo\" media_status=\"ready\" url_sq=\"https://live.staticflickr.com/3048/2948393082_2c3a0d4465_s.jpg\"
      height_sq=\"75\" width_sq=\"75\" url_t=\"https://live.staticflickr.com/3048/2948393082_2c3a0d4465_t.jpg\"
      height_t=\"100\" width_t=\"96\" url_s=\"https://live.staticflickr.com/3048/2948393082_2c3a0d4465_m.jpg\"
      height_s=\"240\" width_s=\"231\" url_m=\"https://live.staticflickr.com/3048/2948393082_2c3a0d4465.jpg\"
      height_m=\"500\" width_m=\"481\" url_q=\"https://live.staticflickr.com/3048/2948393082_2c3a0d4465_q.jpg\"
      height_q=\"150\" width_q=\"150\" url_l=\"https://live.staticflickr.com/3048/2948393082_2c3a0d4465_b.jpg\"
      height_l=\"1024\" width_l=\"985\">\n\t\t<description />\n\t</photo>\n\t<photo
      id=\"2948392924\" owner=\"25653675@N00\" secret=\"955291f8ec\" server=\"3238\"
      farm=\"4\" title=\"glowing ghostie\" ispublic=\"1\" isfriend=\"0\" isfamily=\"0\"
      license=\"0\" safety_level=\"0\" dateupload=\"1224202952\" datetaken=\"2008-10-16
      03:48:46\" datetakengranularity=\"0\" datetakenunknown=\"0\" ownername=\"&lt;sunshyne&gt;\"
      realname=\"\" tags=\"halloween glow ghost knit yarn glowinthedark amigurumi
      bernat knit2008 glowinthedarkyarn\" latitude=\"0\" longitude=\"0\" accuracy=\"0\"
      context=\"0\" media=\"photo\" media_status=\"ready\" url_sq=\"https://live.staticflickr.com/3238/2948392924_955291f8ec_s.jpg\"
      height_sq=\"75\" width_sq=\"75\" url_t=\"https://live.staticflickr.com/3238/2948392924_955291f8ec_t.jpg\"
      height_t=\"100\" width_t=\"92\" url_s=\"https://live.staticflickr.com/3238/2948392924_955291f8ec_m.jpg\"
      height_s=\"240\" width_s=\"221\" url_m=\"https://live.staticflickr.com/3238/2948392924_955291f8ec.jpg\"
      height_m=\"500\" width_m=\"460\" url_q=\"https://live.staticflickr.com/3238/2948392924_955291f8ec_q.jpg\"
      height_q=\"150\" width_q=\"150\" url_l=\"https://live.staticflickr.com/3238/2948392924_955291f8ec_b.jpg\"
      height_l=\"1024\" width_l=\"942\">\n\t\t<description />\n\t</photo>\n\t<photo
      id=\"2947538197\" owner=\"25653675@N00\" secret=\"9f1978a2f2\" server=\"3173\"
      farm=\"4\" title=\"glowing ghostie B&amp;W\" ispublic=\"1\" isfriend=\"0\" isfamily=\"0\"
      license=\"0\" safety_level=\"0\" dateupload=\"1224202950\" datetaken=\"2008-10-16
      03:46:48\" datetakengranularity=\"0\" datetakenunknown=\"0\" ownername=\"&lt;sunshyne&gt;\"
      realname=\"\" tags=\"halloween glow ghost knit yarn glowinthedark amigurumi
      bernat knit2008 glowinthedarkyarn\" latitude=\"0\" longitude=\"0\" accuracy=\"0\"
      context=\"0\" media=\"photo\" media_status=\"ready\" url_sq=\"https://live.staticflickr.com/3173/2947538197_9f1978a2f2_s.jpg\"
      height_sq=\"75\" width_sq=\"75\" url_t=\"https://live.staticflickr.com/3173/2947538197_9f1978a2f2_t.jpg\"
      height_t=\"100\" width_t=\"98\" url_s=\"https://live.staticflickr.com/3173/2947538197_9f1978a2f2_m.jpg\"
      height_s=\"240\" width_s=\"235\" url_m=\"https://live.staticflickr.com/3173/2947538197_9f1978a2f2.jpg\"
      height_m=\"500\" width_m=\"489\" url_q=\"https://live.staticflickr.com/3173/2947538197_9f1978a2f2_q.jpg\"
      height_q=\"150\" width_q=\"150\" url_l=\"https://live.staticflickr.com/3173/2947538197_9f1978a2f2_b.jpg\"
      height_l=\"1024\" width_l=\"1002\">\n\t\t<description />\n\t</photo>\n\t<photo
      id=\"2948392810\" owner=\"25653675@N00\" secret=\"b1da2e6b48\" server=\"3246\"
      farm=\"4\" title=\"not-glowing ghostie\" ispublic=\"1\" isfriend=\"0\" isfamily=\"0\"
      license=\"0\" safety_level=\"0\" dateupload=\"1224202948\" datetaken=\"2008-10-16
      03:44:37\" datetakengranularity=\"0\" datetakenunknown=\"0\" ownername=\"&lt;sunshyne&gt;\"
      realname=\"\" tags=\"halloween glow ghost knit yarn glowinthedark amigurumi
      bernat knit2008 glowinthedarkyarn\" latitude=\"0\" longitude=\"0\" accuracy=\"0\"
      context=\"0\" media=\"photo\" media_status=\"ready\" url_sq=\"https://live.staticflickr.com/3246/2948392810_b1da2e6b48_s.jpg\"
      height_sq=\"75\" width_sq=\"75\" url_t=\"https://live.staticflickr.com/3246/2948392810_b1da2e6b48_t.jpg\"
      height_t=\"100\" width_t=\"79\" url_s=\"https://live.staticflickr.com/3246/2948392810_b1da2e6b48_m.jpg\"
      height_s=\"240\" width_s=\"190\" url_m=\"https://live.staticflickr.com/3246/2948392810_b1da2e6b48.jpg\"
      height_m=\"500\" width_m=\"396\" url_q=\"https://live.staticflickr.com/3246/2948392810_b1da2e6b48_q.jpg\"
      height_q=\"150\" width_q=\"150\" url_l=\"https://live.staticflickr.com/3246/2948392810_b1da2e6b48_b.jpg\"
      height_l=\"1024\" width_l=\"812\">\n\t\t<description />\n\t</photo>\n\t<photo
      id=\"2861253151\" owner=\"25653675@N00\" secret=\"b4abca847b\" server=\"3146\"
      farm=\"4\" title=\"knit, sweetMJ 031\" ispublic=\"1\" isfriend=\"0\" isfamily=\"0\"
      license=\"0\" safety_level=\"0\" dateupload=\"1221541999\" datetaken=\"2008-09-15
      06:11:46\" datetakengranularity=\"0\" datetakenunknown=\"0\" ownername=\"&lt;sunshyne&gt;\"
      realname=\"\" tags=\"knit 2008 cardigan finito sweetmaryjane\" latitude=\"0\"
      longitude=\"0\" accuracy=\"0\" context=\"0\" media=\"photo\" media_status=\"ready\"
      url_sq=\"https://live.staticflickr.com/3146/2861253151_b4abca847b_s.jpg\" height_sq=\"75\"
      width_sq=\"75\" url_t=\"https://live.staticflickr.com/3146/2861253151_b4abca847b_t.jpg\"
      height_t=\"87\" width_t=\"100\" url_s=\"https://live.staticflickr.com/3146/2861253151_b4abca847b_m.jpg\"
      height_s=\"208\" width_s=\"240\" url_m=\"https://live.staticflickr.com/3146/2861253151_b4abca847b.jpg\"
      height_m=\"433\" width_m=\"500\" url_q=\"https://live.staticflickr.com/3146/2861253151_b4abca847b_q.jpg\"
      height_q=\"150\" width_q=\"150\" url_l=\"https://live.staticflickr.com/3146/2861253151_b4abca847b_b.jpg\"
      height_l=\"887\" width_l=\"1024\">\n\t\t<description />\n\t</photo>\n\t<photo
      id=\"2862083148\" owner=\"25653675@N00\" secret=\"5e8af8dc35\" server=\"3246\"
      farm=\"4\" title=\"knit, sweetMJ 028\" ispublic=\"1\" isfriend=\"0\" isfamily=\"0\"
      license=\"0\" safety_level=\"0\" dateupload=\"1221541993\" datetaken=\"2008-09-15
      06:09:13\" datetakengranularity=\"0\" datetakenunknown=\"0\" ownername=\"&lt;sunshyne&gt;\"
      realname=\"\" tags=\"knit 2008 cardigan finito sweetmaryjane\" latitude=\"0\"
      longitude=\"0\" accuracy=\"0\" context=\"0\" media=\"photo\" media_status=\"ready\"
      url_sq=\"https://live.staticflickr.com/3246/2862083148_5e8af8dc35_s.jpg\" height_sq=\"75\"
      width_sq=\"75\" url_t=\"https://live.staticflickr.com/3246/2862083148_5e8af8dc35_t.jpg\"
      height_t=\"100\" width_t=\"70\" url_s=\"https://live.staticflickr.com/3246/2862083148_5e8af8dc35_m.jpg\"
      height_s=\"240\" width_s=\"168\" url_m=\"https://live.staticflickr.com/3246/2862083148_5e8af8dc35.jpg\"
      height_m=\"500\" width_m=\"350\" url_q=\"https://live.staticflickr.com/3246/2862083148_5e8af8dc35_q.jpg\"
      height_q=\"150\" width_q=\"150\" url_l=\"https://live.staticflickr.com/3246/2862083148_5e8af8dc35_b.jpg\"
      height_l=\"1024\" width_l=\"717\">\n\t\t<description />\n\t</photo>\n\t<photo
      id=\"2862083080\" owner=\"25653675@N00\" secret=\"e53a86fa12\" server=\"3186\"
      farm=\"4\" title=\"knit, sweetMJ 025\" ispublic=\"1\" isfriend=\"0\" isfamily=\"0\"
      license=\"0\" safety_level=\"0\" dateupload=\"1221541991\" datetaken=\"2008-09-15
      06:06:22\" datetakengranularity=\"0\" datetakenunknown=\"0\" ownername=\"&lt;sunshyne&gt;\"
      realname=\"\" tags=\"knit 2008 cardigan finito sweetmaryjane\" latitude=\"0\"
      longitude=\"0\" accuracy=\"0\" context=\"0\" media=\"photo\" media_status=\"ready\"
      url_sq=\"https://live.staticflickr.com/3186/2862083080_e53a86fa12_s.jpg\" height_sq=\"75\"
      width_sq=\"75\" url_t=\"https://live.staticflickr.com/3186/2862083080_e53a86fa12_t.jpg\"
      height_t=\"100\" width_t=\"85\" url_s=\"https://live.staticflickr.com/3186/2862083080_e53a86fa12_m.jpg\"
      height_s=\"240\" width_s=\"205\" url_m=\"https://live.staticflickr.com/3186/2862083080_e53a86fa12.jpg\"
      height_m=\"500\" width_m=\"427\" url_q=\"https://live.staticflickr.com/3186/2862083080_e53a86fa12_q.jpg\"
      height_q=\"150\" width_q=\"150\" url_l=\"https://live.staticflickr.com/3186/2862083080_e53a86fa12_b.jpg\"
      height_l=\"1024\" width_l=\"874\">\n\t\t<description />\n\t</photo>\n\t<photo
      id=\"2862082992\" owner=\"25653675@N00\" secret=\"c91ae5c2b7\" server=\"3086\"
      farm=\"4\" title=\"knit, sweetMJ 024\" ispublic=\"1\" isfriend=\"0\" isfamily=\"0\"
      license=\"0\" safety_level=\"0\" dateupload=\"1221541989\" datetaken=\"2008-09-15
      06:05:41\" datetakengranularity=\"0\" datetakenunknown=\"0\" ownername=\"&lt;sunshyne&gt;\"
      realname=\"\" tags=\"knit 2008 cardigan finito sweetmaryjane\" latitude=\"0\"
      longitude=\"0\" accuracy=\"0\" context=\"0\" media=\"photo\" media_status=\"ready\"
      url_sq=\"https://live.staticflickr.com/3086/2862082992_c91ae5c2b7_s.jpg\" height_sq=\"75\"
      width_sq=\"75\" url_t=\"https://live.staticflickr.com/3086/2862082992_c91ae5c2b7_t.jpg\"
      height_t=\"100\" width_t=\"71\" url_s=\"https://live.staticflickr.com/3086/2862082992_c91ae5c2b7_m.jpg\"
      height_s=\"240\" width_s=\"171\" url_m=\"https://live.staticflickr.com/3086/2862082992_c91ae5c2b7.jpg\"
      height_m=\"500\" width_m=\"357\" url_q=\"https://live.staticflickr.com/3086/2862082992_c91ae5c2b7_q.jpg\"
      height_q=\"150\" width_q=\"150\" url_l=\"https://live.staticflickr.com/3086/2862082992_c91ae5c2b7_b.jpg\"
      height_l=\"1024\" width_l=\"732\">\n\t\t<description />\n\t</photo>\n\t<photo
      id=\"2861252753\" owner=\"25653675@N00\" secret=\"b7c920b7a0\" server=\"3004\"
      farm=\"4\" title=\"knit, sweetMJ 022\" ispublic=\"1\" isfriend=\"0\" isfamily=\"0\"
      license=\"0\" safety_level=\"0\" dateupload=\"1221541987\" datetaken=\"2008-09-15
      06:03:50\" datetakengranularity=\"0\" datetakenunknown=\"0\" ownername=\"&lt;sunshyne&gt;\"
      realname=\"\" tags=\"knit 2008 cardigan finito sweetmaryjane\" latitude=\"0\"
      longitude=\"0\" accuracy=\"0\" context=\"0\" media=\"photo\" media_status=\"ready\"
      url_sq=\"https://live.staticflickr.com/3004/2861252753_b7c920b7a0_s.jpg\" height_sq=\"75\"
      width_sq=\"75\" url_t=\"https://live.staticflickr.com/3004/2861252753_b7c920b7a0_t.jpg\"
      height_t=\"100\" width_t=\"77\" url_s=\"https://live.staticflickr.com/3004/2861252753_b7c920b7a0_m.jpg\"
      height_s=\"240\" width_s=\"186\" url_m=\"https://live.staticflickr.com/3004/2861252753_b7c920b7a0.jpg\"
      height_m=\"500\" width_m=\"387\" url_q=\"https://live.staticflickr.com/3004/2861252753_b7c920b7a0_q.jpg\"
      height_q=\"150\" width_q=\"150\" url_l=\"https://live.staticflickr.com/3004/2861252753_b7c920b7a0_b.jpg\"
      height_l=\"1024\" width_l=\"792\">\n\t\t<description />\n\t</photo>\n\t<photo
      id=\"2862082886\" owner=\"25653675@N00\" secret=\"6cefa5d014\" server=\"3138\"
      farm=\"4\" title=\"knit, sweetMJ 024\" ispublic=\"1\" isfriend=\"0\" isfamily=\"0\"
      license=\"0\" safety_level=\"0\" dateupload=\"1221541985\" datetaken=\"2008-09-15
      06:05:41\" datetakengranularity=\"0\" datetakenunknown=\"0\" ownername=\"&lt;sunshyne&gt;\"
      realname=\"\" tags=\"knit 2008 cardigan finito sweetmaryjane\" latitude=\"0\"
      longitude=\"0\" accuracy=\"0\" context=\"0\" media=\"photo\" media_status=\"ready\"
      url_sq=\"https://live.staticflickr.com/3138/2862082886_6cefa5d014_s.jpg\" height_sq=\"75\"
      width_sq=\"75\" url_t=\"https://live.staticflickr.com/3138/2862082886_6cefa5d014_t.jpg\"
      height_t=\"100\" width_t=\"71\" url_s=\"https://live.staticflickr.com/3138/2862082886_6cefa5d014_m.jpg\"
      height_s=\"240\" width_s=\"171\" url_m=\"https://live.staticflickr.com/3138/2862082886_6cefa5d014.jpg\"
      height_m=\"500\" width_m=\"357\" url_q=\"https://live.staticflickr.com/3138/2862082886_6cefa5d014_q.jpg\"
      height_q=\"150\" width_q=\"150\" url_l=\"https://live.staticflickr.com/3138/2862082886_6cefa5d014_b.jpg\"
      height_l=\"1024\" width_l=\"732\">\n\t\t<description />\n\t</photo>\n\t<photo
      id=\"2846620478\" owner=\"25653675@N00\" secret=\"cbe4a4fd18\" server=\"3064\"
      farm=\"4\" title=\"white\" ispublic=\"1\" isfriend=\"0\" isfamily=\"0\" license=\"0\"
      safety_level=\"0\" dateupload=\"1221073915\" datetaken=\"2008-09-09 03:08:29\"
      datetakengranularity=\"0\" datetakenunknown=\"0\" ownername=\"&lt;sunshyne&gt;\"
      realname=\"\" tags=\"sewing crafty nkotb newkidsontheblock\" latitude=\"0\"
      longitude=\"0\" accuracy=\"0\" context=\"0\" media=\"photo\" media_status=\"ready\"
      url_sq=\"https://live.staticflickr.com/3064/2846620478_cbe4a4fd18_s.jpg\" height_sq=\"75\"
      width_sq=\"75\" url_t=\"https://live.staticflickr.com/3064/2846620478_cbe4a4fd18_t.jpg\"
      height_t=\"99\" width_t=\"100\" url_s=\"https://live.staticflickr.com/3064/2846620478_cbe4a4fd18_m.jpg\"
      height_s=\"236\" width_s=\"240\" url_m=\"https://live.staticflickr.com/3064/2846620478_cbe4a4fd18.jpg\"
      height_m=\"493\" width_m=\"500\" url_q=\"https://live.staticflickr.com/3064/2846620478_cbe4a4fd18_q.jpg\"
      height_q=\"150\" width_q=\"150\" url_l=\"https://live.staticflickr.com/3064/2846620478_cbe4a4fd18_b.jpg\"
      height_l=\"985\" width_l=\"1000\">\n\t\t<description>&lt;a href=&quot;http://www.etsy.com/shop.php?user_id=5137926&quot;&gt;Four
      Little Sparrows Etsy Shop&lt;/a&gt;</description>\n\t</photo>\n\t<photo id=\"2845786611\"
      owner=\"25653675@N00\" secret=\"f0197dede3\" server=\"3155\" farm=\"4\" title=\"black\"
      ispublic=\"1\" isfriend=\"0\" isfamily=\"0\" license=\"0\" safety_level=\"0\"
      dateupload=\"1221073911\" datetaken=\"2008-09-09 03:07:36\" datetakengranularity=\"0\"
      datetakenunknown=\"0\" ownername=\"&lt;sunshyne&gt;\" realname=\"\" tags=\"sewing
      crafty nkotb newkidsontheblock\" latitude=\"0\" longitude=\"0\" accuracy=\"0\"
      context=\"0\" media=\"photo\" media_status=\"ready\" url_sq=\"https://live.staticflickr.com/3155/2845786611_f0197dede3_s.jpg\"
      height_sq=\"75\" width_sq=\"75\" url_t=\"https://live.staticflickr.com/3155/2845786611_f0197dede3_t.jpg\"
      height_t=\"85\" width_t=\"100\" url_s=\"https://live.staticflickr.com/3155/2845786611_f0197dede3_m.jpg\"
      height_s=\"204\" width_s=\"240\" url_m=\"https://live.staticflickr.com/3155/2845786611_f0197dede3.jpg\"
      height_m=\"425\" width_m=\"500\" url_q=\"https://live.staticflickr.com/3155/2845786611_f0197dede3_q.jpg\"
      height_q=\"150\" width_q=\"150\" url_l=\"https://live.staticflickr.com/3155/2845786611_f0197dede3_b.jpg\"
      height_l=\"871\" width_l=\"1024\">\n\t\t<description>&lt;a href=&quot;http://www.etsy.com/shop.php?user_id=5137926&quot;&gt;Four
      Little Sparrows Etsy Shop&lt;/a&gt;</description>\n\t</photo>\n\t<photo id=\"2846620192\"
      owner=\"25653675@N00\" secret=\"6fc54c95df\" server=\"3087\" farm=\"4\" title=\"white
      with checkered\" ispublic=\"1\" isfriend=\"0\" isfamily=\"0\" license=\"0\"
      safety_level=\"0\" dateupload=\"1221073907\" datetaken=\"2008-09-09 03:05:06\"
      datetakengranularity=\"0\" datetakenunknown=\"0\" ownername=\"&lt;sunshyne&gt;\"
      realname=\"\" tags=\"sewing crafty nkotb newkidsontheblock\" latitude=\"0\"
      longitude=\"0\" accuracy=\"0\" context=\"0\" media=\"photo\" media_status=\"ready\"
      url_sq=\"https://live.staticflickr.com/3087/2846620192_6fc54c95df_s.jpg\" height_sq=\"75\"
      width_sq=\"75\" url_t=\"https://live.staticflickr.com/3087/2846620192_6fc54c95df_t.jpg\"
      height_t=\"100\" width_t=\"94\" url_s=\"https://live.staticflickr.com/3087/2846620192_6fc54c95df_m.jpg\"
      height_s=\"240\" width_s=\"225\" url_m=\"https://live.staticflickr.com/3087/2846620192_6fc54c95df.jpg\"
      height_m=\"500\" width_m=\"470\" url_q=\"https://live.staticflickr.com/3087/2846620192_6fc54c95df_q.jpg\"
      height_q=\"150\" width_q=\"150\" url_l=\"https://live.staticflickr.com/3087/2846620192_6fc54c95df_b.jpg\"
      height_l=\"1000\" width_l=\"939\">\n\t\t<description>&lt;a href=&quot;http://www.etsy.com/shop.php?user_id=5137926&quot;&gt;Four
      Little Sparrows Etsy Shop&lt;/a&gt;</description>\n\t</photo>\n\t<photo id=\"2845786425\"
      owner=\"25653675@N00\" secret=\"89b4af1bed\" server=\"2110\" farm=\"3\" title=\"white
      with checkered\" ispublic=\"1\" isfriend=\"0\" isfamily=\"0\" license=\"0\"
      safety_level=\"0\" dateupload=\"1221073906\" datetaken=\"2008-09-09 03:03:56\"
      datetakengranularity=\"0\" datetakenunknown=\"0\" ownername=\"&lt;sunshyne&gt;\"
      realname=\"\" tags=\"sewing crafty nkotb newkidsontheblock\" latitude=\"0\"
      longitude=\"0\" accuracy=\"0\" context=\"0\" media=\"photo\" media_status=\"ready\"
      url_sq=\"https://live.staticflickr.com/2110/2845786425_89b4af1bed_s.jpg\" height_sq=\"75\"
      width_sq=\"75\" url_t=\"https://live.staticflickr.com/2110/2845786425_89b4af1bed_t.jpg\"
      height_t=\"100\" width_t=\"74\" url_s=\"https://live.staticflickr.com/2110/2845786425_89b4af1bed_m.jpg\"
      height_s=\"240\" width_s=\"178\" url_m=\"https://live.staticflickr.com/2110/2845786425_89b4af1bed.jpg\"
      height_m=\"500\" width_m=\"370\" url_q=\"https://live.staticflickr.com/2110/2845786425_89b4af1bed_q.jpg\"
      height_q=\"150\" width_q=\"150\" url_l=\"https://live.staticflickr.com/2110/2845786425_89b4af1bed_b.jpg\"
      height_l=\"1024\" width_l=\"758\">\n\t\t<description>&lt;a href=&quot;http://www.etsy.com/shop.php?user_id=5137926&quot;&gt;Four
      Little Sparrows Etsy Shop&lt;/a&gt;</description>\n\t</photo>\n\t<photo id=\"2846620036\"
      owner=\"25653675@N00\" secret=\"e953dfeafa\" server=\"3010\" farm=\"4\" title=\"black
      with music notes\" ispublic=\"1\" isfriend=\"0\" isfamily=\"0\" license=\"0\"
      safety_level=\"0\" dateupload=\"1221073903\" datetaken=\"2008-09-09 03:02:43\"
      datetakengranularity=\"0\" datetakenunknown=\"0\" ownername=\"&lt;sunshyne&gt;\"
      realname=\"\" tags=\"sewing crafty nkotb newkidsontheblock\" latitude=\"0\"
      longitude=\"0\" accuracy=\"0\" context=\"0\" media=\"photo\" media_status=\"ready\"
      url_sq=\"https://live.staticflickr.com/3010/2846620036_e953dfeafa_s.jpg\" height_sq=\"75\"
      width_sq=\"75\" url_t=\"https://live.staticflickr.com/3010/2846620036_e953dfeafa_t.jpg\"
      height_t=\"100\" width_t=\"92\" url_s=\"https://live.staticflickr.com/3010/2846620036_e953dfeafa_m.jpg\"
      height_s=\"240\" width_s=\"222\" url_m=\"https://live.staticflickr.com/3010/2846620036_e953dfeafa.jpg\"
      height_m=\"500\" width_m=\"462\" url_q=\"https://live.staticflickr.com/3010/2846620036_e953dfeafa_q.jpg\"
      height_q=\"150\" width_q=\"150\" url_l=\"https://live.staticflickr.com/3010/2846620036_e953dfeafa_b.jpg\"
      height_l=\"1000\" width_l=\"924\">\n\t\t<description>&lt;a href=&quot;http://www.etsy.com/shop.php?user_id=5137926&quot;&gt;Four
      Little Sparrows Etsy Shop&lt;/a&gt;</description>\n\t</photo>\n\t<photo id=\"2846619982\"
      owner=\"25653675@N00\" secret=\"d43cf483df\" server=\"3235\" farm=\"4\" title=\"black
      with music notes\" ispublic=\"1\" isfriend=\"0\" isfamily=\"0\" license=\"0\"
      safety_level=\"0\" dateupload=\"1221073902\" datetaken=\"2008-09-09 03:01:39\"
      datetakengranularity=\"0\" datetakenunknown=\"0\" ownername=\"&lt;sunshyne&gt;\"
      realname=\"\" tags=\"sewing crafty nkotb newkidsontheblock\" latitude=\"0\"
      longitude=\"0\" accuracy=\"0\" context=\"0\" media=\"photo\" media_status=\"ready\"
      url_sq=\"https://live.staticflickr.com/3235/2846619982_d43cf483df_s.jpg\" height_sq=\"75\"
      width_sq=\"75\" url_t=\"https://live.staticflickr.com/3235/2846619982_d43cf483df_t.jpg\"
      height_t=\"100\" width_t=\"74\" url_s=\"https://live.staticflickr.com/3235/2846619982_d43cf483df_m.jpg\"
      height_s=\"240\" width_s=\"177\" url_m=\"https://live.staticflickr.com/3235/2846619982_d43cf483df.jpg\"
      height_m=\"500\" width_m=\"368\" url_q=\"https://live.staticflickr.com/3235/2846619982_d43cf483df_q.jpg\"
      height_q=\"150\" width_q=\"150\" url_l=\"https://live.staticflickr.com/3235/2846619982_d43cf483df_b.jpg\"
      height_l=\"1024\" width_l=\"754\">\n\t\t<description>&lt;a href=&quot;http://www.etsy.com/shop.php?user_id=5137926&quot;&gt;Four
      Little Sparrows Etsy Shop&lt;/a&gt;</description>\n\t</photo>\n\t<photo id=\"2803497092\"
      owner=\"25653675@N00\" secret=\"bbbfdc2730\" server=\"3003\" farm=\"4\" title=\"A
      Finished project at last!!\" ispublic=\"1\" isfriend=\"0\" isfamily=\"0\" license=\"0\"
      safety_level=\"0\" dateupload=\"1219851502\" datetaken=\"2008-08-26 04:21:29\"
      datetakengranularity=\"0\" datetakenunknown=\"0\" ownername=\"&lt;sunshyne&gt;\"
      realname=\"\" tags=\"knit hushhush finished2008\" latitude=\"0\" longitude=\"0\"
      accuracy=\"0\" context=\"0\" media=\"photo\" media_status=\"ready\" url_sq=\"https://live.staticflickr.com/3003/2803497092_bbbfdc2730_s.jpg\"
      height_sq=\"75\" width_sq=\"75\" url_t=\"https://live.staticflickr.com/3003/2803497092_bbbfdc2730_t.jpg\"
      height_t=\"100\" width_t=\"69\" url_s=\"https://live.staticflickr.com/3003/2803497092_bbbfdc2730_m.jpg\"
      height_s=\"240\" width_s=\"167\" url_m=\"https://live.staticflickr.com/3003/2803497092_bbbfdc2730.jpg\"
      height_m=\"500\" width_m=\"347\" url_q=\"https://live.staticflickr.com/3003/2803497092_bbbfdc2730_q.jpg\"
      height_q=\"150\" width_q=\"150\" url_l=\"https://live.staticflickr.com/3003/2803497092_bbbfdc2730_b.jpg\"
      height_l=\"1024\" width_l=\"711\">\n\t\t<description>YAY! The hush hush is done!!</description>\n\t</photo>\n\t<photo
      id=\"2726124374\" owner=\"25653675@N00\" secret=\"5b066bfd58\" server=\"3241\"
      farm=\"4\" title=\"015\" ispublic=\"1\" isfriend=\"0\" isfamily=\"0\" license=\"0\"
      safety_level=\"0\" dateupload=\"1217704546\" datetaken=\"2008-08-01 23:09:53\"
      datetakengranularity=\"0\" datetakenunknown=\"0\" ownername=\"&lt;sunshyne&gt;\"
      realname=\"\" tags=\"vintage magazine knit vintagemagazine\" latitude=\"0\"
      longitude=\"0\" accuracy=\"0\" context=\"0\" media=\"photo\" media_status=\"ready\"
      url_sq=\"https://live.staticflickr.com/3241/2726124374_5b066bfd58_s.jpg\" height_sq=\"75\"
      width_sq=\"75\" url_t=\"https://live.staticflickr.com/3241/2726124374_5b066bfd58_t.jpg\"
      height_t=\"100\" width_t=\"75\" url_s=\"https://live.staticflickr.com/3241/2726124374_5b066bfd58_m.jpg\"
      height_s=\"240\" width_s=\"180\" url_m=\"https://live.staticflickr.com/3241/2726124374_5b066bfd58.jpg\"
      height_m=\"500\" width_m=\"375\" url_q=\"https://live.staticflickr.com/3241/2726124374_5b066bfd58_q.jpg\"
      height_q=\"150\" width_q=\"150\" url_l=\"https://live.staticflickr.com/3241/2726124374_5b066bfd58_b.jpg\"
      height_l=\"1024\" width_l=\"768\">\n\t\t<description />\n\t</photo>\n\t<photo
      id=\"2725297969\" owner=\"25653675@N00\" secret=\"62f4af65b0\" server=\"3137\"
      farm=\"4\" title=\"the motherload\" ispublic=\"1\" isfriend=\"0\" isfamily=\"0\"
      license=\"0\" safety_level=\"0\" dateupload=\"1217704512\" datetaken=\"2008-08-01
      23:08:39\" datetakengranularity=\"0\" datetakenunknown=\"0\" ownername=\"&lt;sunshyne&gt;\"
      realname=\"\" tags=\"vintage magazine knit vintagemagazine\" latitude=\"0\"
      longitude=\"0\" accuracy=\"0\" context=\"0\" media=\"photo\" media_status=\"ready\"
      url_sq=\"https://live.staticflickr.com/3137/2725297969_62f4af65b0_s.jpg\" height_sq=\"75\"
      width_sq=\"75\" url_t=\"https://live.staticflickr.com/3137/2725297969_62f4af65b0_t.jpg\"
      height_t=\"75\" width_t=\"100\" url_s=\"https://live.staticflickr.com/3137/2725297969_62f4af65b0_m.jpg\"
      height_s=\"180\" width_s=\"240\" url_m=\"https://live.staticflickr.com/3137/2725297969_62f4af65b0.jpg\"
      height_m=\"375\" width_m=\"500\" url_q=\"https://live.staticflickr.com/3137/2725297969_62f4af65b0_q.jpg\"
      height_q=\"150\" width_q=\"150\" url_l=\"https://live.staticflickr.com/3137/2725297969_62f4af65b0_b.jpg\"
      height_l=\"768\" width_l=\"1024\">\n\t\t<description />\n\t</photo>\n\t<photo
      id=\"2726121568\" owner=\"25653675@N00\" secret=\"48b8483191\" server=\"3214\"
      farm=\"4\" title=\"011\" ispublic=\"1\" isfriend=\"0\" isfamily=\"0\" license=\"0\"
      safety_level=\"0\" dateupload=\"1217704482\" datetaken=\"2008-08-01 23:07:28\"
      datetakengranularity=\"0\" datetakenunknown=\"0\" ownername=\"&lt;sunshyne&gt;\"
      realname=\"\" tags=\"vintage magazine knit vintagemagazine\" latitude=\"0\"
      longitude=\"0\" accuracy=\"0\" context=\"0\" media=\"photo\" media_status=\"ready\"
      url_sq=\"https://live.staticflickr.com/3214/2726121568_48b8483191_s.jpg\" height_sq=\"75\"
      width_sq=\"75\" url_t=\"https://live.staticflickr.com/3214/2726121568_48b8483191_t.jpg\"
      height_t=\"75\" width_t=\"100\" url_s=\"https://live.staticflickr.com/3214/2726121568_48b8483191_m.jpg\"
      height_s=\"180\" width_s=\"240\" url_m=\"https://live.staticflickr.com/3214/2726121568_48b8483191.jpg\"
      height_m=\"375\" width_m=\"500\" url_q=\"https://live.staticflickr.com/3214/2726121568_48b8483191_q.jpg\"
      height_q=\"150\" width_q=\"150\" url_l=\"https://live.staticflickr.com/3214/2726121568_48b8483191_b.jpg\"
      height_l=\"768\" width_l=\"1024\">\n\t\t<description />\n\t</photo>\n\t<photo
      id=\"2725295433\" owner=\"25653675@N00\" secret=\"0fae4e737f\" server=\"3291\"
      farm=\"4\" title=\"009\" ispublic=\"1\" isfriend=\"0\" isfamily=\"0\" license=\"0\"
      safety_level=\"0\" dateupload=\"1217704455\" datetaken=\"2008-08-01 23:06:24\"
      datetakengranularity=\"0\" datetakenunknown=\"0\" ownername=\"&lt;sunshyne&gt;\"
      realname=\"\" tags=\"vintage magazine knit vintagemagazine\" latitude=\"0\"
      longitude=\"0\" accuracy=\"0\" context=\"0\" media=\"photo\" media_status=\"ready\"
      url_sq=\"https://live.staticflickr.com/3291/2725295433_0fae4e737f_s.jpg\" height_sq=\"75\"
      width_sq=\"75\" url_t=\"https://live.staticflickr.com/3291/2725295433_0fae4e737f_t.jpg\"
      height_t=\"75\" width_t=\"100\" url_s=\"https://live.staticflickr.com/3291/2725295433_0fae4e737f_m.jpg\"
      height_s=\"180\" width_s=\"240\" url_m=\"https://live.staticflickr.com/3291/2725295433_0fae4e737f.jpg\"
      height_m=\"375\" width_m=\"500\" url_q=\"https://live.staticflickr.com/3291/2725295433_0fae4e737f_q.jpg\"
      height_q=\"150\" width_q=\"150\" url_l=\"https://live.staticflickr.com/3291/2725295433_0fae4e737f_b.jpg\"
      height_l=\"768\" width_l=\"1024\">\n\t\t<description />\n\t</photo>\n\t<photo
      id=\"2725257097\" owner=\"25653675@N00\" secret=\"a775097ccf\" server=\"3028\"
      farm=\"4\" title=\"005\" ispublic=\"1\" isfriend=\"0\" isfamily=\"0\" license=\"0\"
      safety_level=\"0\" dateupload=\"1217703585\" datetaken=\"2008-08-01 22:52:13\"
      datetakengranularity=\"0\" datetakenunknown=\"0\" ownername=\"&lt;sunshyne&gt;\"
      realname=\"\" tags=\"knit dishcloth 2008 masondixonknitting knit2008\" latitude=\"0\"
      longitude=\"0\" accuracy=\"0\" context=\"0\" media=\"photo\" media_status=\"ready\"
      url_sq=\"https://live.staticflickr.com/3028/2725257097_a775097ccf_s.jpg\" height_sq=\"75\"
      width_sq=\"75\" url_t=\"https://live.staticflickr.com/3028/2725257097_a775097ccf_t.jpg\"
      height_t=\"100\" width_t=\"75\" url_s=\"https://live.staticflickr.com/3028/2725257097_a775097ccf_m.jpg\"
      height_s=\"240\" width_s=\"180\" url_m=\"https://live.staticflickr.com/3028/2725257097_a775097ccf.jpg\"
      height_m=\"500\" width_m=\"375\" url_q=\"https://live.staticflickr.com/3028/2725257097_a775097ccf_q.jpg\"
      height_q=\"150\" width_q=\"150\" url_l=\"https://live.staticflickr.com/3028/2725257097_a775097ccf_b.jpg\"
      height_l=\"1024\" width_l=\"768\">\n\t\t<description />\n\t</photo>\n\t<photo
      id=\"2726081106\" owner=\"25653675@N00\" secret=\"a7bcb15c13\" server=\"3178\"
      farm=\"4\" title=\"002\" ispublic=\"1\" isfriend=\"0\" isfamily=\"0\" license=\"0\"
      safety_level=\"0\" dateupload=\"1217703580\" datetaken=\"2008-08-01 22:51:34\"
      datetakengranularity=\"0\" datetakenunknown=\"0\" ownername=\"&lt;sunshyne&gt;\"
      realname=\"\" tags=\"knit dishcloth 2008 masondixonknitting knit2008\" latitude=\"0\"
      longitude=\"0\" accuracy=\"0\" context=\"0\" media=\"photo\" media_status=\"ready\"
      url_sq=\"https://live.staticflickr.com/3178/2726081106_a7bcb15c13_s.jpg\" height_sq=\"75\"
      width_sq=\"75\" url_t=\"https://live.staticflickr.com/3178/2726081106_a7bcb15c13_t.jpg\"
      height_t=\"72\" width_t=\"100\" url_s=\"https://live.staticflickr.com/3178/2726081106_a7bcb15c13_m.jpg\"
      height_s=\"173\" width_s=\"240\" url_m=\"https://live.staticflickr.com/3178/2726081106_a7bcb15c13.jpg\"
      height_m=\"361\" width_m=\"500\" url_q=\"https://live.staticflickr.com/3178/2726081106_a7bcb15c13_q.jpg\"
      height_q=\"150\" width_q=\"150\" url_l=\"https://live.staticflickr.com/3178/2726081106_a7bcb15c13_b.jpg\"
      height_l=\"740\" width_l=\"1024\">\n\t\t<description>oh yeah, for anyone interested,
      that yellow wall is the final color choice for my Laundry room , which at this
      point, isn&#039;t photo-worthy!</description>\n\t</photo>\n\t<photo id=\"2710792903\"
      owner=\"25653675@N00\" secret=\"b30734c910\" server=\"3044\" farm=\"4\" title=\"The
      Zipper\" ispublic=\"1\" isfriend=\"0\" isfamily=\"0\" license=\"0\" safety_level=\"0\"
      dateupload=\"1217275443\" datetaken=\"2008-07-24 08:24:33\" datetakengranularity=\"0\"
      datetakenunknown=\"0\" ownername=\"&lt;sunshyne&gt;\" realname=\"\" tags=\"fair
      amusementpark countyfair 2008 orangecountyfair thrillride thezipper\" latitude=\"0\"
      longitude=\"0\" accuracy=\"0\" context=\"0\" media=\"photo\" media_status=\"ready\"
      url_sq=\"https://live.staticflickr.com/3044/2710792903_b30734c910_s.jpg\" height_sq=\"75\"
      width_sq=\"75\" url_t=\"https://live.staticflickr.com/3044/2710792903_b30734c910_t.jpg\"
      height_t=\"100\" width_t=\"75\" url_s=\"https://live.staticflickr.com/3044/2710792903_b30734c910_m.jpg\"
      height_s=\"240\" width_s=\"180\" url_m=\"https://live.staticflickr.com/3044/2710792903_b30734c910.jpg\"
      height_m=\"500\" width_m=\"375\" url_q=\"https://live.staticflickr.com/3044/2710792903_b30734c910_q.jpg\"
      height_q=\"150\" width_q=\"150\" url_l=\"https://live.staticflickr.com/3044/2710792903_b30734c910_b.jpg\"
      height_l=\"1024\" width_l=\"768\">\n\t\t<description>I played with the colors,
      contrast and brightness a bit. . this is awesome, to me.</description>\n\t</photo>\n\t<photo
      id=\"2680017489\" owner=\"25653675@N00\" secret=\"4d56cd120c\" server=\"3239\"
      farm=\"4\" title=\"me and my dying plants.\" ispublic=\"1\" isfriend=\"0\" isfamily=\"0\"
      license=\"0\" safety_level=\"0\" dateupload=\"1216412187\" datetaken=\"2008-07-17
      02:27:16\" datetakengranularity=\"0\" datetakenunknown=\"0\" ownername=\"&lt;sunshyne&gt;\"
      realname=\"\" tags=\"me\" latitude=\"0\" longitude=\"0\" accuracy=\"0\" context=\"0\"
      media=\"photo\" media_status=\"ready\" url_sq=\"https://live.staticflickr.com/3239/2680017489_4d56cd120c_s.jpg\"
      height_sq=\"75\" width_sq=\"75\" url_t=\"https://live.staticflickr.com/3239/2680017489_4d56cd120c_t.jpg\"
      height_t=\"75\" width_t=\"100\" url_s=\"https://live.staticflickr.com/3239/2680017489_4d56cd120c_m.jpg\"
      height_s=\"180\" width_s=\"240\" url_m=\"https://live.staticflickr.com/3239/2680017489_4d56cd120c.jpg\"
      height_m=\"375\" width_m=\"500\" url_q=\"https://live.staticflickr.com/3239/2680017489_4d56cd120c_q.jpg\"
      height_q=\"150\" width_q=\"150\" url_l=\"https://live.staticflickr.com/3239/2680017489_4d56cd120c_b.jpg\"
      height_l=\"768\" width_l=\"1024\">\n\t\t<description />\n\t</photo>\n\t<photo
      id=\"2680835364\" owner=\"25653675@N00\" secret=\"4ae7476316\" server=\"2222\"
      farm=\"3\" title=\"compost.\" ispublic=\"1\" isfriend=\"0\" isfamily=\"0\" license=\"0\"
      safety_level=\"0\" dateupload=\"1216412148\" datetaken=\"2008-07-17 02:26:08\"
      datetakengranularity=\"0\" datetakenunknown=\"0\" ownername=\"&lt;sunshyne&gt;\"
      realname=\"\" tags=\"garden grow\" latitude=\"0\" longitude=\"0\" accuracy=\"0\"
      context=\"0\" media=\"photo\" media_status=\"ready\" url_sq=\"https://live.staticflickr.com/2222/2680835364_4ae7476316_s.jpg\"
      height_sq=\"75\" width_sq=\"75\" url_t=\"https://live.staticflickr.com/2222/2680835364_4ae7476316_t.jpg\"
      height_t=\"75\" width_t=\"100\" url_s=\"https://live.staticflickr.com/2222/2680835364_4ae7476316_m.jpg\"
      height_s=\"180\" width_s=\"240\" url_m=\"https://live.staticflickr.com/2222/2680835364_4ae7476316.jpg\"
      height_m=\"375\" width_m=\"500\" url_q=\"https://live.staticflickr.com/2222/2680835364_4ae7476316_q.jpg\"
      height_q=\"150\" width_q=\"150\" url_l=\"https://live.staticflickr.com/2222/2680835364_4ae7476316_b.jpg\"
      height_l=\"768\" width_l=\"1024\">\n\t\t<description />\n\t</photo>\n\t<photo
      id=\"2680833530\" owner=\"25653675@N00\" secret=\"f73d5848b3\" server=\"3130\"
      farm=\"4\" title=\"compost\" ispublic=\"1\" isfriend=\"0\" isfamily=\"0\" license=\"0\"
      safety_level=\"0\" dateupload=\"1216412099\" datetaken=\"2008-07-17 02:25:56\"
      datetakengranularity=\"0\" datetakenunknown=\"0\" ownername=\"&lt;sunshyne&gt;\"
      realname=\"\" tags=\"garden grow\" latitude=\"0\" longitude=\"0\" accuracy=\"0\"
      context=\"0\" media=\"photo\" media_status=\"ready\" url_sq=\"https://live.staticflickr.com/3130/2680833530_f73d5848b3_s.jpg\"
      height_sq=\"75\" width_sq=\"75\" url_t=\"https://live.staticflickr.com/3130/2680833530_f73d5848b3_t.jpg\"
      height_t=\"75\" width_t=\"100\" url_s=\"https://live.staticflickr.com/3130/2680833530_f73d5848b3_m.jpg\"
      height_s=\"180\" width_s=\"240\" url_m=\"https://live.staticflickr.com/3130/2680833530_f73d5848b3.jpg\"
      height_m=\"375\" width_m=\"500\" url_q=\"https://live.staticflickr.com/3130/2680833530_f73d5848b3_q.jpg\"
      height_q=\"150\" width_q=\"150\" url_l=\"https://live.staticflickr.com/3130/2680833530_f73d5848b3_b.jpg\"
      height_l=\"768\" width_l=\"1024\">\n\t\t<description>yay.</description>\n\t</photo>\n\t<photo
      id=\"2623758656\" owner=\"25653675@N00\" secret=\"737c55263a\" server=\"3145\"
      farm=\"4\" title=\"pokemon - cleffa\" ispublic=\"1\" isfriend=\"0\" isfamily=\"0\"
      license=\"0\" safety_level=\"0\" dateupload=\"1214797869\" datetaken=\"2008-06-14
      21:57:58\" datetakengranularity=\"0\" datetakenunknown=\"0\" ownername=\"&lt;sunshyne&gt;\"
      realname=\"\" tags=\"graffitti pokemon chalkart chalkboardpaint chalkwall cornersofmyhome
      chalkgraffitti funwithchalk suburbangraffitti\" latitude=\"0\" longitude=\"0\"
      accuracy=\"0\" context=\"0\" media=\"photo\" media_status=\"ready\" url_sq=\"https://live.staticflickr.com/3145/2623758656_737c55263a_s.jpg\"
      height_sq=\"75\" width_sq=\"75\" url_t=\"https://live.staticflickr.com/3145/2623758656_737c55263a_t.jpg\"
      height_t=\"75\" width_t=\"100\" url_s=\"https://live.staticflickr.com/3145/2623758656_737c55263a_m.jpg\"
      height_s=\"180\" width_s=\"240\" url_m=\"https://live.staticflickr.com/3145/2623758656_737c55263a.jpg\"
      height_m=\"375\" width_m=\"500\" url_q=\"https://live.staticflickr.com/3145/2623758656_737c55263a_q.jpg\"
      height_q=\"150\" width_q=\"150\" url_l=\"https://live.staticflickr.com/3145/2623758656_737c55263a_b.jpg\"
      height_l=\"768\" width_l=\"1024\">\n\t\t<description />\n\t</photo>\n</photos>\n</rsp>\n"
    headers:
      Connection:
      - keep-alive
      Content-Type:
      - text/xml; charset=utf-8
      Date:
      - Fri, 05 Jan 2024 10:30:50 GMT
      Transfer-Encoding:
      - chunked
      Via:
      - 1.1 5bbfbddc054a85758022c325fb08071e.cloudfront.net (CloudFront)
      X-Amz-Cf-Id:
      - Q6V7ct5x02UNCzaHey3t-Xj_ku8oyuMMoqdtuM19cfr7Wgrxh9FKAQ==
      X-Amz-Cf-Pop:
      - LHR5-P1
      X-Cache:
      - Miss from cloudfront
      content-encoding:
      - gzip
      server:
      - openresty
      vary:
      - Accept-Encoding
      x-robots-tag:
      - noindex
      x-server:
      - serverless-proxy-10.78.6.113
    http_version: HTTP/1.1
    status_code: 200
version: 1
