interactions:
- request:
    body: ''
    headers:
      accept:
      - '*/*'
      accept-encoding:
      - gzip, deflate
      connection:
      - keep-alive
      cookie:
      - ccc=%7B%22needsConsent%22%3Atrue%2C%22managed%22%3A0%2C%22changed%22%3A0%2C%22info%22%3A%7B%22cookieBlock%22%3A%7B%22level%22%3A0%2C%22blockRan%22%3A1%7D%7D%7D
      host:
      - api.flickr.com
      user-agent:
      - python-httpx/0.24.1
    method: GET
    uri: https://api.flickr.com/services/rest/?method=flickr.urls.lookupUser&url=https%3A%2F%2Fwww.flickr.com%2Fphotos%2Fblueminds
  response:
    content: "<?xml version=\"1.0\" encoding=\"utf-8\" ?>\n<rsp stat=\"ok\">\n<user
      id=\"47265398@N04\">\n\t<username>Alexander Lauterbach Photography</username>\n</user>\n</rsp>\n"
    headers:
      Connection:
      - keep-alive
      Content-Length:
      - '149'
      Content-Type:
      - text/xml; charset=utf-8
      Date:
      - Tue, 24 Oct 2023 11:08:41 GMT
      Via:
      - 1.1 5d9b63835f78c8585a7d3adf703b1d36.cloudfront.net (CloudFront)
      X-Amz-Cf-Id:
      - gzHx7gPp9BQidd1bOmMfZoLcrB7P2UeaXdpGQagB4bldmyh3De-Cwg==
      X-Amz-Cf-Pop:
      - LHR50-P8
      X-Cache:
      - Miss from cloudfront
      content-encoding:
      - gzip
      server:
      - Apache/2.4.57 (Ubuntu)
      set-cookie:
      - ccc=%7B%22needsConsent%22%3Atrue%2C%22managed%22%3A0%2C%22changed%22%3A0%2C%22info%22%3A%7B%22cookieBlock%22%3A%7B%22level%22%3A0%2C%22blockRan%22%3A1%7D%7D%7D;
        expires=Thu, 23-Nov-2023 11:08:41 GMT; Max-Age=2592000; path=/; domain=.flickr.com
      vary:
      - Accept-Encoding
      x-frame-options:
      - SAMEORIGIN
      x-robots-tag:
      - noindex
    http_version: HTTP/1.1
    status_code: 200
- request:
    body: ''
    headers:
      accept:
      - '*/*'
      accept-encoding:
      - gzip, deflate
      connection:
      - keep-alive
      cookie:
      - ccc=%7B%22needsConsent%22%3Atrue%2C%22managed%22%3A0%2C%22changed%22%3A0%2C%22info%22%3A%7B%22cookieBlock%22%3A%7B%22level%22%3A0%2C%22blockRan%22%3A1%7D%7D%7D
      host:
      - api.flickr.com
      user-agent:
      - python-httpx/0.24.1
    method: GET
    uri: https://api.flickr.com/services/rest/?method=flickr.people.getInfo&user_id=47265398%40N04
  response:
    content: "<?xml version=\"1.0\" encoding=\"utf-8\" ?>\n<rsp stat=\"ok\">\n<person
      id=\"47265398@N04\" nsid=\"47265398@N04\" ispro=\"0\" is_deleted=\"0\" iconserver=\"5462\"
      iconfarm=\"6\" path_alias=\"blueminds\" has_stats=\"0\" has_adfree=\"0\" has_free_standard_shipping=\"0\"
      has_free_educational_resources=\"0\">\n\t<username>Alexander Lauterbach Photography</username>\n\t<realname>Alexander
      Lauterbach</realname>\n\t<location>Kassel, Germany</location>\n\t<timezone label=\"Amsterdam,
      Berlin, Bern, Rome, Stockholm, Vienna\" offset=\"+01:00\" timezone_id=\"Europe/Amsterdam\"
      timezone=\"28\" />\n\t<description>Hi, I&#039;m Alex!\nI&#039;m a self-taught
      hobby photographer from Germany with a passion for landscape and cityscape photography.\n\nI\u2019ve
      started with digital photography and my first DSLR back in 2004. In the past
      couple of years, I\u2019ve more and more fallen in love with landscape photography.
      For me, photography became the best hobby I can imagine because of the combination
      of nature and creativity.\nI\u2019m always looking for nice moments and conditions
      to capture and share. Therefore I really love sunrises and sunsets because It\u2019s
      the best time of the day with the best light conditions.\n\nMy website: &lt;a
      href=&quot;https://www.alexander-lauterbach.de&quot; rel=&quot;noreferrer nofollow&quot;&gt;www.alexander-lauterbach.de&lt;/a&gt;\nInstagram:
      &lt;a href=&quot;http://instagram.com/alex_lauterbach/&quot; rel=&quot;noreferrer
      nofollow&quot;&gt;instagram.com/alex_lauterbach&lt;/a&gt;\n\n** flickr achievements
      **\n&lt;a href=&quot;https://www.flickr.com/photos/flickr/galleries/72157706084897874/&quot;&gt;Incredible
      nominees of Your Best Shot 2018&lt;/a&gt; with photo &amp;quot;winter wonderland&amp;quot;\n&lt;a
      href=&quot;https://www.flickr.com/photos/flickr/galleries/72157688116208652/?rb=1&quot;&gt;Flickr&#039;s
      Top-25 photos of 2017&lt;/a&gt; with photo &amp;quot;Lion City&amp;quot;\n&lt;a
      href=&quot;https://www.flickr.com/photos/flickr/galleries/72157667163347739/&quot;&gt;Top
      Landscape Photography of 2017&lt;/a&gt; with photo &amp;quot;Bastei Sunrise&amp;quot;\n&lt;a
      href=&quot;https://www.flickr.com/photos/flickr/galleries/72157690043876864/?rb=1&quot;&gt;Top
      Architecture Photography of 2017&lt;/a&gt; with photos &amp;quot;Lion City&amp;quot;
      and &amp;quot;into the city&amp;quot;\n&lt;a href=&quot;https://www.flickr.com/photos/flickrdata/galleries/72157662459622655&quot;&gt;Top
      photos from Germany in 2015&lt;/a&gt; with photo &amp;quot;once upon a time&amp;quot;\n\n**
      My Equipment **\nSony Alpha 7R IV\nSony Alpha 7R II\nSony FE 16-35mm F2.8 GM\nSony
      FE 24-70mm F2.8 GM\nSony FE 70-200mm F2.8 GM\nSony FE 100-400mm F4.5-5.6 GM\nDJI
      Mavic 2 Pro Drone</description>\n\t<photosurl>https://www.flickr.com/photos/blueminds/</photosurl>\n\t<profileurl>https://www.flickr.com/people/blueminds/</profileurl>\n\t<mobileurl>https://m.flickr.com/photostream.gne?id=47233259</mobileurl>\n\t<photos>\n\t\t<firstdatetaken>2005-08-02
      22:38:07</firstdatetaken>\n\t\t<firstdate>1267560528</firstdate>\n\t\t<count>365</count>\n\t</photos>\n</person>\n</rsp>\n"
    headers:
      Connection:
      - keep-alive
      Content-Length:
      - '1272'
      Content-Type:
      - text/xml; charset=utf-8
      Date:
      - Tue, 24 Oct 2023 11:08:41 GMT
      Via:
      - 1.1 5d9b63835f78c8585a7d3adf703b1d36.cloudfront.net (CloudFront)
      X-Amz-Cf-Id:
      - tnunWEFRcqTczv-i4L1ZPTuTFLMfl_H88l2WIFmAe5a2a1NQseQn5Q==
      X-Amz-Cf-Pop:
      - LHR50-P8
      X-Cache:
      - Miss from cloudfront
      content-encoding:
      - gzip
      server:
      - Apache/2.4.57 (Ubuntu)
      set-cookie:
      - ccc=%7B%22needsConsent%22%3Atrue%2C%22managed%22%3A0%2C%22changed%22%3A0%2C%22info%22%3A%7B%22cookieBlock%22%3A%7B%22level%22%3A0%2C%22blockRan%22%3A1%7D%7D%7D;
        expires=Thu, 23-Nov-2023 11:08:41 GMT; Max-Age=2592000; path=/; domain=.flickr.com
      vary:
      - Accept-Encoding
      x-frame-options:
      - SAMEORIGIN
      x-robots-tag:
      - noindex
    http_version: HTTP/1.1
    status_code: 200
- request:
    body: ''
    headers:
      accept:
      - '*/*'
      accept-encoding:
      - gzip, deflate
      connection:
      - keep-alive
      cookie:
      - ccc=%7B%22needsConsent%22%3Atrue%2C%22managed%22%3A0%2C%22changed%22%3A0%2C%22info%22%3A%7B%22cookieBlock%22%3A%7B%22level%22%3A0%2C%22blockRan%22%3A1%7D%7D%7D
      host:
      - api.flickr.com
      user-agent:
      - python-httpx/0.24.1
    method: GET
    uri: https://api.flickr.com/services/rest/?extras=license%2Cdate_upload%2Cdate_taken%2Cmedia%2Cowner_name%2Cpath_alias%2Curl_sq%2Curl_t%2Curl_s%2Curl_m%2Curl_o&method=flickr.people.getPublicPhotos&page=1&per_page=10&user_id=47265398%40N04
  response:
    content: "<?xml version=\"1.0\" encoding=\"utf-8\" ?>\n<rsp stat=\"ok\">\n<photos
      page=\"1\" pages=\"37\" perpage=\"10\" total=\"365\">\n\t<photo id=\"53257787385\"
      owner=\"47265398@N04\" secret=\"ed782303af\" server=\"65535\" farm=\"66\" title=\"Magical
      morning at Orangerie Kassel\" ispublic=\"1\" isfriend=\"0\" isfamily=\"0\" license=\"0\"
      dateupload=\"1697296492\" datetaken=\"2023-09-28 06:55:29\" datetakengranularity=\"0\"
      datetakenunknown=\"0\" ownername=\"Alexander Lauterbach Photography\" media=\"photo\"
      media_status=\"ready\" url_sq=\"https://live.staticflickr.com/65535/53257787385_ed782303af_s.jpg\"
      height_sq=\"75\" width_sq=\"75\" url_t=\"https://live.staticflickr.com/65535/53257787385_ed782303af_t.jpg\"
      height_t=\"67\" width_t=\"100\" url_s=\"https://live.staticflickr.com/65535/53257787385_ed782303af_m.jpg\"
      height_s=\"160\" width_s=\"240\" url_m=\"https://live.staticflickr.com/65535/53257787385_ed782303af.jpg\"
      height_m=\"333\" width_m=\"500\" pathalias=\"blueminds\" />\n\t<photo id=\"53191503745\"
      owner=\"47265398@N04\" secret=\"17ab8888cf\" server=\"65535\" farm=\"66\" title=\"The
      Heart Nebula in Cassiopeia (IC 1805)\" ispublic=\"1\" isfriend=\"0\" isfamily=\"0\"
      license=\"0\" dateupload=\"1694878525\" datetaken=\"2023-09-16 17:33:41\" datetakengranularity=\"0\"
      datetakenunknown=\"1\" ownername=\"Alexander Lauterbach Photography\" media=\"photo\"
      media_status=\"ready\" url_sq=\"https://live.staticflickr.com/65535/53191503745_17ab8888cf_s.jpg\"
      height_sq=\"75\" width_sq=\"75\" url_t=\"https://live.staticflickr.com/65535/53191503745_17ab8888cf_t.jpg\"
      height_t=\"67\" width_t=\"100\" url_s=\"https://live.staticflickr.com/65535/53191503745_17ab8888cf_m.jpg\"
      height_s=\"160\" width_s=\"240\" url_m=\"https://live.staticflickr.com/65535/53191503745_17ab8888cf.jpg\"
      height_m=\"333\" width_m=\"500\" pathalias=\"blueminds\" />\n\t<photo id=\"53142273497\"
      owner=\"47265398@N04\" secret=\"5f1e1dc6b1\" server=\"65535\" farm=\"66\" title=\"Jurassic
      Coast\" ispublic=\"1\" isfriend=\"0\" isfamily=\"0\" license=\"0\" dateupload=\"1693065182\"
      datetaken=\"2023-06-13 08:07:52\" datetakengranularity=\"0\" datetakenunknown=\"0\"
      ownername=\"Alexander Lauterbach Photography\" media=\"photo\" media_status=\"ready\"
      url_sq=\"https://live.staticflickr.com/65535/53142273497_5f1e1dc6b1_s.jpg\"
      height_sq=\"75\" width_sq=\"75\" url_t=\"https://live.staticflickr.com/65535/53142273497_5f1e1dc6b1_t.jpg\"
      height_t=\"67\" width_t=\"100\" url_s=\"https://live.staticflickr.com/65535/53142273497_5f1e1dc6b1_m.jpg\"
      height_s=\"160\" width_s=\"240\" url_m=\"https://live.staticflickr.com/65535/53142273497_5f1e1dc6b1.jpg\"
      height_m=\"333\" width_m=\"500\" pathalias=\"blueminds\" />\n\t<photo id=\"53095231181\"
      owner=\"47265398@N04\" secret=\"c8289ca518\" server=\"65535\" farm=\"66\" title=\"Tajinastes\"
      ispublic=\"1\" isfriend=\"0\" isfamily=\"0\" license=\"0\" dateupload=\"1691249590\"
      datetaken=\"2023-06-08 22:03:23\" datetakengranularity=\"0\" datetakenunknown=\"0\"
      ownername=\"Alexander Lauterbach Photography\" media=\"photo\" media_status=\"ready\"
      url_sq=\"https://live.staticflickr.com/65535/53095231181_c8289ca518_s.jpg\"
      height_sq=\"75\" width_sq=\"75\" url_t=\"https://live.staticflickr.com/65535/53095231181_c8289ca518_t.jpg\"
      height_t=\"67\" width_t=\"100\" url_s=\"https://live.staticflickr.com/65535/53095231181_c8289ca518_m.jpg\"
      height_s=\"160\" width_s=\"240\" url_m=\"https://live.staticflickr.com/65535/53095231181_c8289ca518.jpg\"
      height_m=\"333\" width_m=\"500\" pathalias=\"blueminds\" />\n\t<photo id=\"53046789782\"
      owner=\"47265398@N04\" secret=\"681ab6ea0c\" server=\"65535\" farm=\"66\" title=\"Golden
      Sunset over Tenerife\" ispublic=\"1\" isfriend=\"0\" isfamily=\"0\" license=\"0\"
      dateupload=\"1689429137\" datetaken=\"2023-06-07 21:46:23\" datetakengranularity=\"0\"
      datetakenunknown=\"0\" ownername=\"Alexander Lauterbach Photography\" media=\"photo\"
      media_status=\"ready\" url_sq=\"https://live.staticflickr.com/65535/53046789782_681ab6ea0c_s.jpg\"
      height_sq=\"75\" width_sq=\"75\" url_t=\"https://live.staticflickr.com/65535/53046789782_681ab6ea0c_t.jpg\"
      height_t=\"67\" width_t=\"100\" url_s=\"https://live.staticflickr.com/65535/53046789782_681ab6ea0c_m.jpg\"
      height_s=\"160\" width_s=\"240\" url_m=\"https://live.staticflickr.com/65535/53046789782_681ab6ea0c.jpg\"
      height_m=\"333\" width_m=\"500\" pathalias=\"blueminds\" />\n\t<photo id=\"52998518188\"
      owner=\"47265398@N04\" secret=\"579c979859\" server=\"65535\" farm=\"66\" title=\"the
      monster\" ispublic=\"1\" isfriend=\"0\" isfamily=\"0\" license=\"0\" dateupload=\"1687620043\"
      datetaken=\"2023-06-22 16:01:17\" datetakengranularity=\"0\" datetakenunknown=\"0\"
      ownername=\"Alexander Lauterbach Photography\" media=\"photo\" media_status=\"ready\"
      url_sq=\"https://live.staticflickr.com/65535/52998518188_579c979859_s.jpg\"
      height_sq=\"75\" width_sq=\"75\" url_t=\"https://live.staticflickr.com/65535/52998518188_579c979859_t.jpg\"
      height_t=\"51\" width_t=\"100\" url_s=\"https://live.staticflickr.com/65535/52998518188_579c979859_m.jpg\"
      height_s=\"123\" width_s=\"240\" url_m=\"https://live.staticflickr.com/65535/52998518188_579c979859.jpg\"
      height_m=\"256\" width_m=\"500\" pathalias=\"blueminds\" />\n\t<photo id=\"52912222845\"
      owner=\"47265398@N04\" secret=\"36fb00ec7b\" server=\"65535\" farm=\"66\" title=\"Elephant&#039;s
      Trunk Nebula (IC 1396)\" ispublic=\"1\" isfriend=\"0\" isfamily=\"0\" license=\"0\"
      dateupload=\"1684597811\" datetaken=\"2023-05-01 00:00:00\" datetakengranularity=\"4\"
      datetakenunknown=\"0\" ownername=\"Alexander Lauterbach Photography\" media=\"photo\"
      media_status=\"ready\" url_sq=\"https://live.staticflickr.com/65535/52912222845_36fb00ec7b_s.jpg\"
      height_sq=\"75\" width_sq=\"75\" url_t=\"https://live.staticflickr.com/65535/52912222845_36fb00ec7b_t.jpg\"
      height_t=\"67\" width_t=\"100\" url_s=\"https://live.staticflickr.com/65535/52912222845_36fb00ec7b_m.jpg\"
      height_s=\"160\" width_s=\"240\" url_m=\"https://live.staticflickr.com/65535/52912222845_36fb00ec7b.jpg\"
      height_m=\"333\" width_m=\"500\" pathalias=\"blueminds\" />\n\t<photo id=\"52872506511\"
      owner=\"47265398@N04\" secret=\"77535d5c15\" server=\"65535\" farm=\"66\" title=\"colorful
      spring morning\" ispublic=\"1\" isfriend=\"0\" isfamily=\"0\" license=\"0\"
      dateupload=\"1683301162\" datetaken=\"2023-04-22 06:05:10\" datetakengranularity=\"0\"
      datetakenunknown=\"0\" ownername=\"Alexander Lauterbach Photography\" media=\"photo\"
      media_status=\"ready\" url_sq=\"https://live.staticflickr.com/65535/52872506511_77535d5c15_s.jpg\"
      height_sq=\"75\" width_sq=\"75\" url_t=\"https://live.staticflickr.com/65535/52872506511_77535d5c15_t.jpg\"
      height_t=\"67\" width_t=\"100\" url_s=\"https://live.staticflickr.com/65535/52872506511_77535d5c15_m.jpg\"
      height_s=\"160\" width_s=\"240\" url_m=\"https://live.staticflickr.com/65535/52872506511_77535d5c15.jpg\"
      height_m=\"333\" width_m=\"500\" pathalias=\"blueminds\" />\n\t<photo id=\"52855453232\"
      owner=\"47265398@N04\" secret=\"1d46fa4b8e\" server=\"65535\" farm=\"66\" title=\"Lake
      Edersee dam overflow at sunset\" ispublic=\"1\" isfriend=\"0\" isfamily=\"0\"
      license=\"0\" dateupload=\"1682783036\" datetaken=\"2023-04-19 19:54:32\" datetakengranularity=\"0\"
      datetakenunknown=\"0\" ownername=\"Alexander Lauterbach Photography\" media=\"photo\"
      media_status=\"ready\" url_sq=\"https://live.staticflickr.com/65535/52855453232_1d46fa4b8e_s.jpg\"
      height_sq=\"75\" width_sq=\"75\" url_t=\"https://live.staticflickr.com/65535/52855453232_1d46fa4b8e_t.jpg\"
      height_t=\"67\" width_t=\"100\" url_s=\"https://live.staticflickr.com/65535/52855453232_1d46fa4b8e_m.jpg\"
      height_s=\"160\" width_s=\"240\" url_m=\"https://live.staticflickr.com/65535/52855453232_1d46fa4b8e.jpg\"
      height_m=\"333\" width_m=\"500\" pathalias=\"blueminds\" />\n\t<photo id=\"52819332309\"
      owner=\"47265398@N04\" secret=\"b327cf64ab\" server=\"65535\" farm=\"66\" title=\"Magical
      awakening\" ispublic=\"1\" isfriend=\"0\" isfamily=\"0\" license=\"0\" dateupload=\"1681570769\"
      datetaken=\"2019-09-08 11:45:24\" datetakengranularity=\"0\" datetakenunknown=\"0\"
      ownername=\"Alexander Lauterbach Photography\" media=\"photo\" media_status=\"ready\"
      url_sq=\"https://live.staticflickr.com/65535/52819332309_b327cf64ab_s.jpg\"
      height_sq=\"75\" width_sq=\"75\" url_t=\"https://live.staticflickr.com/65535/52819332309_b327cf64ab_t.jpg\"
      height_t=\"100\" width_t=\"80\" url_s=\"https://live.staticflickr.com/65535/52819332309_b327cf64ab_m.jpg\"
      height_s=\"240\" width_s=\"192\" url_m=\"https://live.staticflickr.com/65535/52819332309_b327cf64ab.jpg\"
      height_m=\"500\" width_m=\"400\" pathalias=\"blueminds\" />\n</photos>\n</rsp>\n"
    headers:
      Connection:
      - keep-alive
      Content-Length:
      - '1228'
      Content-Type:
      - text/xml; charset=utf-8
      Date:
      - Tue, 24 Oct 2023 11:08:41 GMT
      Via:
      - 1.1 5d9b63835f78c8585a7d3adf703b1d36.cloudfront.net (CloudFront)
      X-Amz-Cf-Id:
      - 1xMpXLldT-bC0Tav4qN8JfemmgWOfNdilmc6UgDffdUGV4jSfugrfg==
      X-Amz-Cf-Pop:
      - LHR50-P8
      X-Cache:
      - Miss from cloudfront
      content-encoding:
      - gzip
      server:
      - Apache/2.4.57 (Ubuntu)
      set-cookie:
      - ccc=%7B%22needsConsent%22%3Atrue%2C%22managed%22%3A0%2C%22changed%22%3A0%2C%22info%22%3A%7B%22cookieBlock%22%3A%7B%22level%22%3A0%2C%22blockRan%22%3A1%7D%7D%7D;
        expires=Thu, 23-Nov-2023 11:08:41 GMT; Max-Age=2592000; path=/; domain=.flickr.com
      vary:
      - Accept-Encoding
      x-frame-options:
      - SAMEORIGIN
      x-robots-tag:
      - noindex
    http_version: HTTP/1.1
    status_code: 200
version: 1
