interactions:
- request:
    body: ''
    headers:
      accept:
      - '*/*'
      accept-encoding:
      - gzip, deflate
      connection:
      - keep-alive
      host:
      - api.flickr.com
      user-agent:
      - flickr-photos-api/dev (https://github.com/Flickr-Foundation/flickr-photos-api;
        hello@flickr.org)
    method: GET
    uri: https://api.flickr.com/services/rest/?method=flickr.photos.getInfo&photo_id=5536044022
  response:
    content: "<?xml version=\"1.0\" encoding=\"utf-8\" ?>\n<rsp stat=\"ok\">\n<photo
      id=\"5536044022\" secret=\"7e6f0df667\" server=\"5137\" farm=\"6\" dateuploaded=\"1300402940\"
      isfavorite=\"0\" license=\"5\" safety_level=\"0\" rotation=\"0\" originalsecret=\"44d052df5a\"
      originalformat=\"jpg\" views=\"2833\" media=\"photo\">\n\t<owner nsid=\"32834977@N03\"
      username=\"Al Jazeera English\" realname=\"Al Jazeera English\" location=\"\"
      iconserver=\"3279\" iconfarm=\"4\" path_alias=\"aljazeeraenglish\">\n\t\t<gift
      gift_eligible=\"1\" new_flow=\"1\">\n\t\t\t<eligible_durations />\n\t\t\t<eligible_durations
      />\n\t\t\t<eligible_durations />\n\t\t</gift>\n\t</owner>\n\t<title>IMG_1348</title>\n\t<description
      />\n\t<visibility ispublic=\"1\" isfriend=\"0\" isfamily=\"0\" />\n\t<dates
      posted=\"1300402940\" taken=\"2011-03-04 15:44:00\" takengranularity=\"0\" takenunknown=\"0\"
      lastupdate=\"1372387671\" />\n\t<editability cancomment=\"0\" canaddmeta=\"0\"
      />\n\t<publiceditability cancomment=\"1\" canaddmeta=\"0\" />\n\t<usage candownload=\"1\"
      canblog=\"0\" canprint=\"0\" canshare=\"1\" />\n\t<comments>2</comments>\n\t<notes
      />\n\t<people haspeople=\"0\" />\n\t<tags />\n\t<urls>\n\t\t<url type=\"photopage\">https://www.flickr.com/photos/aljazeeraenglish/5536044022/</url>\n\t</urls>\n</photo>\n</rsp>\n"
    headers:
      Connection:
      - keep-alive
      Content-Length:
      - '616'
      Content-Type:
      - text/xml; charset=utf-8
      Date:
      - Sun, 05 Nov 2023 13:52:58 GMT
      Via:
      - 1.1 5d9b63835f78c8585a7d3adf703b1d36.cloudfront.net (CloudFront)
      X-Amz-Cf-Id:
      - Bz4sHQwoMaA2uKx_q9InsdX_9pQFITP9aE_eVuBDdx6VL51bf0z5rg==
      X-Amz-Cf-Pop:
      - LHR50-P8
      X-Cache:
      - Miss from cloudfront
      content-encoding:
      - gzip
      server:
      - Apache/2.4.57 (Ubuntu)
      set-cookie:
      - ccc=%7B%22needsConsent%22%3Atrue%2C%22managed%22%3A0%2C%22changed%22%3A0%2C%22info%22%3A%7B%22cookieBlock%22%3A%7B%22level%22%3A0%2C%22blockRan%22%3A0%7D%7D%7D;
        expires=Tue, 05-Dec-2023 13:52:58 GMT; Max-Age=2592000; path=/; domain=.flickr.com
      - ccc=%7B%22needsConsent%22%3Atrue%2C%22managed%22%3A0%2C%22changed%22%3A0%2C%22info%22%3A%7B%22cookieBlock%22%3A%7B%22level%22%3A0%2C%22blockRan%22%3A1%7D%7D%7D;
        expires=Tue, 05-Dec-2023 13:52:58 GMT; Max-Age=2592000; path=/; domain=.flickr.com
      vary:
      - Accept-Encoding
      x-frame-options:
      - SAMEORIGIN
      x-robots-tag:
      - noindex
    http_version: HTTP/1.1
    status_code: 200
- request:
    body: ''
    headers:
      accept:
      - '*/*'
      accept-encoding:
      - gzip, deflate
      connection:
      - keep-alive
      cookie:
      - ccc=%7B%22needsConsent%22%3Atrue%2C%22managed%22%3A0%2C%22changed%22%3A0%2C%22info%22%3A%7B%22cookieBlock%22%3A%7B%22level%22%3A0%2C%22blockRan%22%3A1%7D%7D%7D
      host:
      - api.flickr.com
      user-agent:
      - flickr-photos-api/dev (https://github.com/Flickr-Foundation/flickr-photos-api;
        hello@flickr.org)
    method: GET
    uri: https://api.flickr.com/services/rest/?method=flickr.photos.getSizes&photo_id=5536044022
  response:
    content: "<?xml version=\"1.0\" encoding=\"utf-8\" ?>\n<rsp stat=\"ok\">\n<sizes
      canblog=\"0\" canprint=\"0\" candownload=\"1\">\n\t<size label=\"Square\" width=\"75\"
      height=\"75\" source=\"https://live.staticflickr.com/5137/5536044022_7e6f0df667_s.jpg\"
      url=\"https://www.flickr.com/photos/aljazeeraenglish/5536044022/sizes/sq/\"
      media=\"photo\" />\n\t<size label=\"Large Square\" width=\"150\" height=\"150\"
      source=\"https://live.staticflickr.com/5137/5536044022_7e6f0df667_q.jpg\" url=\"https://www.flickr.com/photos/aljazeeraenglish/5536044022/sizes/q/\"
      media=\"photo\" />\n\t<size label=\"Thumbnail\" width=\"100\" height=\"75\"
      source=\"https://live.staticflickr.com/5137/5536044022_7e6f0df667_t.jpg\" url=\"https://www.flickr.com/photos/aljazeeraenglish/5536044022/sizes/t/\"
      media=\"photo\" />\n\t<size label=\"Small\" width=\"240\" height=\"180\" source=\"https://live.staticflickr.com/5137/5536044022_7e6f0df667_m.jpg\"
      url=\"https://www.flickr.com/photos/aljazeeraenglish/5536044022/sizes/s/\" media=\"photo\"
      />\n\t<size label=\"Small 320\" width=\"320\" height=\"240\" source=\"https://live.staticflickr.com/5137/5536044022_7e6f0df667_n.jpg\"
      url=\"https://www.flickr.com/photos/aljazeeraenglish/5536044022/sizes/n/\" media=\"photo\"
      />\n\t<size label=\"Small 400\" width=\"400\" height=\"300\" source=\"https://live.staticflickr.com/5137/5536044022_7e6f0df667_w.jpg\"
      url=\"https://www.flickr.com/photos/aljazeeraenglish/5536044022/sizes/w/\" media=\"photo\"
      />\n\t<size label=\"Medium\" width=\"500\" height=\"375\" source=\"https://live.staticflickr.com/5137/5536044022_7e6f0df667.jpg\"
      url=\"https://www.flickr.com/photos/aljazeeraenglish/5536044022/sizes/m/\" media=\"photo\"
      />\n\t<size label=\"Medium 640\" width=\"640\" height=\"480\" source=\"https://live.staticflickr.com/5137/5536044022_7e6f0df667_z.jpg\"
      url=\"https://www.flickr.com/photos/aljazeeraenglish/5536044022/sizes/z/\" media=\"photo\"
      />\n\t<size label=\"Medium 800\" width=\"800\" height=\"600\" source=\"https://live.staticflickr.com/5137/5536044022_7e6f0df667_c.jpg\"
      url=\"https://www.flickr.com/photos/aljazeeraenglish/5536044022/sizes/c/\" media=\"photo\"
      />\n\t<size label=\"Original\" width=\"800\" height=\"600\" source=\"https://live.staticflickr.com/5137/5536044022_44d052df5a_o.jpg\"
      url=\"https://www.flickr.com/photos/aljazeeraenglish/5536044022/sizes/o/\" media=\"photo\"
      />\n</sizes>\n</rsp>\n"
    headers:
      Connection:
      - keep-alive
      Content-Length:
      - '420'
      Content-Type:
      - text/xml; charset=utf-8
      Date:
      - Sun, 05 Nov 2023 13:52:58 GMT
      Via:
      - 1.1 5d9b63835f78c8585a7d3adf703b1d36.cloudfront.net (CloudFront)
      X-Amz-Cf-Id:
      - MudAIEae4e3IPr_Pill5ysOsLpOqTN_GNdf0_Y5bn2ViM4kWrz1GXw==
      X-Amz-Cf-Pop:
      - LHR50-P8
      X-Cache:
      - Miss from cloudfront
      content-encoding:
      - gzip
      server:
      - Apache/2.4.57 (Ubuntu)
      set-cookie:
      - ccc=%7B%22needsConsent%22%3Atrue%2C%22managed%22%3A0%2C%22changed%22%3A0%2C%22info%22%3A%7B%22cookieBlock%22%3A%7B%22level%22%3A0%2C%22blockRan%22%3A1%7D%7D%7D;
        expires=Tue, 05-Dec-2023 13:52:58 GMT; Max-Age=2592000; path=/; domain=.flickr.com
      vary:
      - Accept-Encoding
      x-frame-options:
      - SAMEORIGIN
      x-robots-tag:
      - noindex
    http_version: HTTP/1.1
    status_code: 200
- request:
    body: ''
    headers:
      accept:
      - '*/*'
      accept-encoding:
      - gzip, deflate
      connection:
      - keep-alive
      cookie:
      - ccc=%7B%22needsConsent%22%3Atrue%2C%22managed%22%3A0%2C%22changed%22%3A0%2C%22info%22%3A%7B%22cookieBlock%22%3A%7B%22level%22%3A0%2C%22blockRan%22%3A1%7D%7D%7D
      host:
      - api.flickr.com
      user-agent:
      - flickr-photos-api/dev (https://github.com/Flickr-Foundation/flickr-photos-api;
        hello@flickr.org)
    method: GET
    uri: https://api.flickr.com/services/rest/?method=flickr.photos.licenses.getInfo
  response:
    content: "<?xml version=\"1.0\" encoding=\"utf-8\" ?>\n<rsp stat=\"ok\">\n<licenses>\n\t<license
      id=\"0\" name=\"All Rights Reserved\" url=\"\" />\n\t<license id=\"4\" name=\"Attribution
      License\" url=\"https://creativecommons.org/licenses/by/2.0/\" />\n\t<license
      id=\"6\" name=\"Attribution-NoDerivs License\" url=\"https://creativecommons.org/licenses/by-nd/2.0/\"
      />\n\t<license id=\"3\" name=\"Attribution-NonCommercial-NoDerivs License\"
      url=\"https://creativecommons.org/licenses/by-nc-nd/2.0/\" />\n\t<license id=\"2\"
      name=\"Attribution-NonCommercial License\" url=\"https://creativecommons.org/licenses/by-nc/2.0/\"
      />\n\t<license id=\"1\" name=\"Attribution-NonCommercial-ShareAlike License\"
      url=\"https://creativecommons.org/licenses/by-nc-sa/2.0/\" />\n\t<license id=\"5\"
      name=\"Attribution-ShareAlike License\" url=\"https://creativecommons.org/licenses/by-sa/2.0/\"
      />\n\t<license id=\"7\" name=\"No known copyright restrictions\" url=\"https://www.flickr.com/commons/usage/\"
      />\n\t<license id=\"8\" name=\"United States Government Work\" url=\"http://www.usa.gov/copyright.shtml\"
      />\n\t<license id=\"9\" name=\"Public Domain Dedication (CC0)\" url=\"https://creativecommons.org/publicdomain/zero/1.0/\"
      />\n\t<license id=\"10\" name=\"Public Domain Mark\" url=\"https://creativecommons.org/publicdomain/mark/1.0/\"
      />\n</licenses>\n</rsp>\n"
    headers:
      Connection:
      - keep-alive
      Content-Length:
      - '395'
      Content-Type:
      - text/xml; charset=utf-8
      Date:
      - Sun, 05 Nov 2023 13:52:58 GMT
      Via:
      - 1.1 5d9b63835f78c8585a7d3adf703b1d36.cloudfront.net (CloudFront)
      X-Amz-Cf-Id:
      - 1-0G8VTJUkT6l9cQfhmKnZHBarD1iZ4F_Td4ZXL4SqLrE9T9i8wOLQ==
      X-Amz-Cf-Pop:
      - LHR50-P8
      X-Cache:
      - Miss from cloudfront
      content-encoding:
      - gzip
      server:
      - Apache/2.4.57 (Ubuntu)
      set-cookie:
      - ccc=%7B%22needsConsent%22%3Atrue%2C%22managed%22%3A0%2C%22changed%22%3A0%2C%22info%22%3A%7B%22cookieBlock%22%3A%7B%22level%22%3A0%2C%22blockRan%22%3A1%7D%7D%7D;
        expires=Tue, 05-Dec-2023 13:52:58 GMT; Max-Age=2592000; path=/; domain=.flickr.com
      vary:
      - Accept-Encoding
      x-frame-options:
      - SAMEORIGIN
      x-robots-tag:
      - noindex
    http_version: HTTP/1.1
    status_code: 200
version: 1
